
 num     #instances         #bytes  class name
----------------------------------------------
   1:        161563       35174768  [C
   2:          8346       15350984  [I
   3:          6411        8791296  [B
   4:        109624        2630976  java.lang.String
   5:         21679        1907752  java.lang.reflect.Method
   6:         41860         898184  [Ljava.lang.Class;
   7:         14304         839992  [Ljava.lang.Object;
   8:          7085         786440  java.lang.Class
   9:          8725         734400  [Ljava.util.HashMap$Node;
  10:         22169         709408  java.util.concurrent.ConcurrentHashMap$Node
  11:         10258         656512  java.net.URL
  12:         16221         519072  java.util.HashMap$Node
  13:         11452         458080  java.util.LinkedHashMap$Entry
  14:         10394         332608  java.lang.ref.WeakReference
  15:          5236         293216  java.util.LinkedHashMap
  16:          9067         290144  org.springframework.boot.loader.jar.StringSequence
  17:          3558         284976  [S
  18:          6962         281952  [Ljava.lang.reflect.Method;
  19:          5627         270096  java.util.HashMap
  20:         15696         251136  java.lang.Object
  21:           138         243168  [Ljava.util.concurrent.ConcurrentHashMap$Node;
  22:          3048         219456  java.lang.reflect.Field
  23:          9067         217608  org.springframework.boot.loader.jar.JarURLConnection$JarEntryName
  24:          5279         211160  java.lang.ref.SoftReference
  25:          3271         157008  org.springframework.core.ResolvableType
  26:          6505         156120  java.util.ArrayList
  27:          4565         153680  [Ljava.lang.String;
  28:          3015         144720  java.util.zip.Inflater
  29:          2584         144704  java.beans.MethodDescriptor
  30:          5688         136512  java.beans.MethodRef
  31:          1533         122640  java.lang.reflect.Constructor
  32:          2296         110208  org.springframework.util.ConcurrentReferenceHashMap$SoftEntryReference
  33:          4527         108648  java.lang.Class$MethodArray
  34:          2639         105560  java.lang.ref.Finalizer
  35:           932         104384  org.springframework.boot.loader.jar.JarEntry
  36:          4796         103928  [Ljava.lang.reflect.Type;
  37:          4147          99528  java.lang.StringBuilder
  38:          2304          92160  org.springframework.util.ConcurrentReferenceHashMap$Segment
  39:          2546          88576  [Lorg.springframework.util.ConcurrentReferenceHashMap$Reference;
  40:          3688          88512  org.springframework.core.annotation.AnnotatedElementUtils$MergedAnnotationAttributesProcessor
  41:          2667          85344  java.util.concurrent.locks.ReentrantLock$NonfairSync
  42:          2463          78816  java.lang.ref.ReferenceQueue
  43:          3256          78144  java.util.zip.ZStreamRef
  44:           961          76880  org.springframework.boot.loader.jar.JarURLConnection
  45:          2256          72192  java.util.ArrayList$Itr
  46:          1280          71680  java.lang.Class$ReflectionData
  47:          1106          70784  org.springframework.asm.Label
  48:          4310          68960  java.util.HashSet
  49:           710          68160  org.springframework.beans.GenericTypeAwarePropertyDescriptor
  50:          1566          62640  java.util.TreeMap$Entry
  51:          1023          57288  org.springframework.asm.Item
  52:           779          56088  org.springframework.core.annotation.AnnotationAttributes
  53:           777          55944  java.beans.PropertyDescriptor
  54:          2307          55368  java.util.LinkedList$Node
  55:           864          55296  org.springframework.core.MethodParameter
  56:          2304          55296  org.springframework.util.ConcurrentReferenceHashMap$ReferenceManager
  57:           979          54824  java.lang.invoke.MemberName
  58:          2265          54360  sun.reflect.generics.tree.SimpleClassTypeSignature
  59:           868          48608  jdk.internal.org.objectweb.asm.Item
  60:          1514          48448  java.util.LinkedList
  61:          1508          48256  java.util.LinkedHashMap$LinkedValueIterator
  62:          1000          48000  org.springframework.asm.Frame
  63:          1176          47040  java.util.HashMap$KeyIterator
  64:           906          43488  org.apache.tomcat.util.modeler.AttributeInfo
  65:          1539          42896  [Ljava.lang.annotation.Annotation;
  66:          2295          42616  [Lsun.reflect.generics.tree.TypeArgument;
  67:          1059          42360  java.lang.invoke.MethodType
  68:          2526          40416  java.lang.Integer
  69:          2465          39440  java.lang.ref.ReferenceQueue$Lock
  70:          1602          38448  org.springframework.util.ConcurrentReferenceHashMap$Entry
  71:          1117          35744  java.lang.invoke.MethodType$ConcurrentWeakInternSet$WeakEntry
  72:          1993          34336  [Ljava.lang.reflect.TypeVariable;
  73:          2106          33696  sun.reflect.generics.tree.ClassTypeSignature
  74:           133          33672  [[C
  75:          1966          31456  java.util.LinkedHashSet
  76:           187          31416  org.springframework.context.annotation.ConfigurationClassBeanDefinitionReader$ConfigurationClassBeanDefinition
  77:           768          30720  java.lang.ClassNotFoundException
  78:           937          29984  org.springframework.boot.loader.jar.AsciiBytes
  79:          1781          28496  sun.reflect.ConstantPool
  80:          1171          28104  java.util.Collections$UnmodifiableCollection$1
  81:            31          27440  [Ljdk.internal.org.objectweb.asm.Item;
  82:           483          27048  java.util.concurrent.ConcurrentHashMap$KeyIterator
  83:           844          27008  org.springframework.asm.Type
  84:           474          26544  java.lang.Package
  85:          1598          25568  org.springframework.core.ResolvableType$DefaultVariableResolver
  86:          1015          24456  [Lorg.springframework.core.ResolvableType;
  87:           493          23664  java.util.concurrent.locks.ReentrantReadWriteLock$NonfairSync
  88:           838          22336  [Ljava.lang.CharSequence;
  89:           928          22272  sun.reflect.annotation.AnnotationInvocationHandler
  90:           135          21600  org.springframework.beans.factory.support.RootBeanDefinition
  91:          1319          21104  java.util.LinkedHashMap$LinkedKeySet
  92:           484          20208  [Ljava.lang.reflect.Field;
  93:           815          19560  org.springframework.asm.Edge
  94:           809          19416  sun.reflect.generics.reflectiveObjects.ParameterizedTypeImpl
  95:           403          19344  org.apache.tomcat.util.modeler.OperationInfo
  96:           806          19344  sun.reflect.generics.factory.CoreReflectionFactory
  97:           828          19272  [Ljava.lang.reflect.Constructor;
  98:           900          19032  [Lsun.reflect.generics.tree.FieldTypeSignature;
  99:           584          18688  java.util.RegularEnumSet
 100:           566          18112  java.util.LinkedHashMap$LinkedKeyIterator
 101:           449          17960  java.util.WeakHashMap$Entry
 102:           742          17808  java.net.URLClassLoader$1
 103:           538          17216  javax.management.MBeanAttributeInfo
 104:          1069          17104  org.springframework.core.annotation.AnnotationUtils$DefaultValueHolder
 105:           267          17088  java.util.concurrent.ConcurrentHashMap
 106:            86          16560  [Z
 107:           687          16488  java.lang.Class$AnnotationData
 108:           509          16288  java.lang.invoke.DirectMethodHandle
 109:           338          16224  ch.qos.logback.classic.Logger
 110:           190          15880  [Ljava.beans.MethodDescriptor;
 111:           389          15560  org.springframework.util.ConcurrentReferenceHashMap$Segment$1
 112:           638          15312  java.util.jar.Attributes$Name
 113:           462          14784  org.springframework.core.SerializableTypeWrapper$MethodParameterTypeProvider
 114:           601          14424  sun.reflect.NativeConstructorAccessorImpl
 115:           438          14016  java.util.LinkedHashMap$LinkedEntryIterator
 116:            62          13888  jdk.internal.org.objectweb.asm.MethodWriter
 117:           433          13856  java.util.Hashtable$Entry
 118:           417          13344  org.springframework.boot.context.properties.source.ConfigurationPropertyName
 119:           557          13192  [Lorg.springframework.asm.Type;
 120:           363          12904  [Ljava.beans.PropertyDescriptor;
 121:           314          12560  sun.reflect.generics.repository.MethodRepository
 122:           389          12448  org.springframework.util.ConcurrentReferenceHashMap$1
 123:           387          12384  java.lang.invoke.LambdaForm$Name
 124:           695          12256  [Lsun.reflect.generics.tree.FormalTypeParameter;
 125:           508          12192  sun.reflect.generics.scope.ClassScope
 126:           202          12120  [Ljava.lang.ref.SoftReference;
 127:           375          12000  sun.reflect.generics.repository.ClassRepository
 128:           499          11976  org.springframework.cglib.core.Signature
 129:           744          11904  java.util.LinkedHashMap$LinkedEntrySet
 130:           494          11856  java.util.concurrent.locks.ReentrantReadWriteLock
 131:           725          11600  java.util.LinkedHashMap$LinkedValues
 132:           144          11520  [Lorg.springframework.util.ConcurrentReferenceHashMap$Segment;
 133:           283          11320  javax.management.MBeanOperationInfo
 134:           353          11296  java.util.AbstractList$Itr
 135:           132          11056  [Ljava.util.Hashtable$Entry;
 136:           341          10912  sun.misc.FDBigInteger
 137:           271          10840  java.util.HashMap$ValueIterator
 138:           320          10240  sun.reflect.generics.tree.MethodTypeSignature
 139:           421          10104  org.springframework.boot.context.properties.source.PropertyMapping
 140:           620           9920  sun.reflect.DelegatingConstructorAccessorImpl
 141:           409           9816  org.springframework.core.MethodIntrospector$$Lambda$291/603443293
 142:            19           9656  [Lorg.springframework.asm.Item;
 143:           170           9520  java.util.ResourceBundle$CacheKey
 144:            42           9408  org.springframework.asm.MethodWriter
 145:           391           9400  [Lorg.springframework.util.ConcurrentReferenceHashMap$TaskOption;
 146:           293           9376  org.apache.tomcat.util.modeler.ParameterInfo
 147:           190           9120  java.beans.BeanDescriptor
 148:            80           9088  [Ljava.util.WeakHashMap$Entry;
 149:           375           9000  sun.reflect.generics.tree.ClassSignature
 150:           363           8712  org.springframework.core.SerializableTypeWrapper$$Lambda$14/683287027
 151:           121           8712  org.springframework.core.type.classreading.AnnotationMetadataReadingVisitor
 152:           358           8592  org.springframework.beans.BeanMetadataAttribute
 153:           403           8400  [Lorg.apache.tomcat.util.modeler.ParameterInfo;
 154:           375           7912  [Lsun.reflect.generics.tree.ClassTypeSignature;
 155:           494           7904  java.util.concurrent.locks.ReentrantReadWriteLock$ReadLock
 156:           494           7904  java.util.concurrent.locks.ReentrantReadWriteLock$Sync$ThreadLocalHoldCounter
 157:           494           7904  java.util.concurrent.locks.ReentrantReadWriteLock$WriteLock
 158:           322           7728  java.util.Arrays$ArrayList
 159:            80           7680  sun.util.calendar.Gregorian$Date
 160:           190           7600  java.beans.GenericBeanInfo
 161:           158           7584  java.util.ResourceBundle$BundleReference
 162:           314           7536  sun.reflect.generics.scope.MethodScope
 163:           156           7488  java.lang.invoke.LambdaForm
 164:           155           7440  java.util.logging.LogManager$LoggerWeakRef
 165:           320           7384  [Lsun.reflect.generics.tree.TypeSignature;
 166:           166           7352  [Ljava.lang.invoke.LambdaForm$Name;
 167:           127           7112  java.lang.invoke.MethodTypeForm
 168:           221           7072  javax.management.MBeanParameterInfo
 169:           211           6752  org.springframework.boot.loader.data.RandomAccessDataFile
 170:           275           6600  java.util.concurrent.CopyOnWriteArrayList
 171:           205           6560  java.util.LinkedList$ListItr
 172:           408           6528  java.util.Collections$UnmodifiableSet
 173:           136           6528  org.springframework.boot.loader.jar.ZipInflaterInputStream
 174:           135           6480  java.util.TreeMap
 175:           269           6456  org.springframework.core.convert.converter.GenericConverter$ConvertiblePair
 176:           113           6328  org.springframework.core.type.classreading.MethodMetadataReadingVisitor
 177:           256           6144  java.lang.Long
 178:           122           6016  [Ljava.security.ProtectionDomain;
 179:            16           6016  java.lang.Thread
 180:           125           6000  java.nio.HeapByteBuffer
 181:           186           5952  org.apache.logging.slf4j.SLF4JLogger
 182:           184           5888  sun.reflect.generics.reflectiveObjects.WildcardTypeImpl
 183:           360           5760  java.lang.Short
 184:           144           5760  org.springframework.util.ConcurrentReferenceHashMap
 185:            65           5720  org.springframework.beans.ExtendedBeanInfo$SimplePropertyDescriptor
 186:            89           5696  java.beans.Introspector
 187:           170           5440  java.util.ResourceBundle$LoaderReference
 188:            75           5400  java.util.logging.Logger
 189:           330           5280  com.sun.proxy.$Proxy24
 190:           109           5232  java.util.Hashtable
 191:           218           5232  org.springframework.beans.factory.annotation.InjectionMetadata
 192:           162           5184  java.security.CodeSource
 193:           160           5120  java.lang.reflect.Proxy$Key1
 194:           212           5088  sun.reflect.NativeMethodAccessorImpl
 195:           314           5024  java.util.HashMap$KeySet
 196:           209           5016  org.springframework.core.annotation.AnnotationUtils$AnnotationCacheKey
 197:           309           4944  org.apache.commons.logging.LogFactory$Log4jLog
 198:            75           4936  [Ljavax.management.MBeanAttributeInfo;
 199:           153           4896  sun.reflect.generics.reflectiveObjects.TypeVariableImpl
 200:            87           4872  sun.util.calendar.ZoneInfo
 201:           299           4784  java.util.concurrent.locks.ReentrantLock
 202:           199           4776  org.springframework.boot.autoconfigure.condition.ConditionEvaluationReport$ConditionAndOutcome
 203:           199           4776  org.springframework.boot.autoconfigure.condition.ConditionOutcome
 204:           194           4656  sun.reflect.generics.visitor.Reifier
 205:           116           4640  org.springframework.core.SerializableTypeWrapper$MethodInvokeTypeProvider
 206:           189           4536  javax.management.ImmutableDescriptor
 207:           189           4536  sun.reflect.generics.tree.Wildcard
 208:           188           4512  org.apache.logging.log4j.message.DefaultFlowMessageFactory
 209:           280           4480  java.util.HashMap$Values
 210:           183           4392  org.hibernate.validator.internal.engine.constraintvalidation.ClassBasedValidatorDescriptor
 211:            26           4368  jdk.internal.org.objectweb.asm.ClassWriter
 212:           181           4344  java.lang.invoke.LambdaForm$NamedFunction
 213:            67           4288  jdk.internal.org.objectweb.asm.Label
 214:           107           4280  org.springframework.beans.factory.annotation.InitDestroyAnnotationBeanPostProcessor$LifecycleMetadata
 215:           176           4224  org.springframework.boot.web.server.MimeMappings$Mapping
 216:           264           4224  org.springframework.core.convert.support.GenericConversionService$ConvertersForPair
 217:            25           4200  [Ljava.net.URL;
 218:           131           4192  java.lang.NoSuchMethodException
 219:           174           4176  java.lang.StringBuffer
 220:           168           4160  [Ljavax.management.MBeanParameterInfo;
 221:            37           4144  org.springframework.beans.factory.annotation.AnnotatedGenericBeanDefinition
 222:           172           4128  com.fasterxml.jackson.databind.type.ClassKey
 223:           128           4096  com.sun.jmx.mbeanserver.ConvertingMethod
 224:           256           4096  java.lang.Byte
 225:           127           4064  com.sun.org.apache.xerces.internal.xni.QName
 226:           127           4064  java.util.logging.LogManager$LogNode
 227:           126           4032  org.springframework.cglib.core.ReflectUtils$5
 228:           110           4000  [Lorg.springframework.boot.context.properties.source.PropertyMapping;
 229:           247           3952  org.springframework.util.LinkedMultiValueMap
 230:            10           3840  org.apache.tomcat.util.threads.TaskThread
 231:            53           3816  sun.reflect.DelegatingClassLoader
 232:           119           3808  java.util.Vector
 233:           118           3776  java.lang.invoke.BoundMethodHandle$Species_L
 234:            94           3760  java.security.ProtectionDomain
 235:           234           3744  sun.reflect.DelegatingMethodAccessorImpl
 236:           155           3720  sun.reflect.generics.tree.FormalTypeParameter
 237:            92           3680  java.math.BigInteger
 238:            38           3648  org.springframework.boot.loader.jar.JarFile
 239:           152           3648  sun.misc.ProxyGenerator$ConstantPool$IndirectEntry
 240:            75           3600  java.util.WeakHashMap
 241:           150           3600  jdk.internal.org.objectweb.asm.ByteVector
 242:            64           3584  org.apache.tomcat.util.modeler.ManagedBean
 243:            64           3584  org.hibernate.validator.internal.util.ConcurrentReferenceHashMap$Segment
 244:            74           3552  javax.management.MBeanInfo
 245:            97           3544  [J
 246:           147           3528  sun.reflect.generics.parser.SignatureParser
 247:           109           3488  java.lang.reflect.WeakCache$CacheKey
 248:           106           3392  org.springframework.core.convert.support.GenericConversionService$ConverterAdapter
 249:            84           3360  org.springframework.cglib.core.CodeEmitter
 250:            84           3360  org.springframework.cglib.core.CodeEmitter$State
 251:            84           3360  sun.nio.cs.UTF_8$Decoder
 252:           136           3264  org.springframework.boot.loader.data.RandomAccessDataFile$DataInputStream
 253:           136           3264  org.springframework.core.io.ClassPathResource
 254:           200           3200  org.springframework.boot.autoconfigure.condition.ConditionMessage
 255:            35           3136  [Ljava.lang.invoke.MethodHandle;
 256:           195           3120  sun.reflect.generics.tree.TypeVariableSignature
 257:           129           3096  java.time.LocalDateTime
 258:            43           3096  java.util.regex.Pattern
 259:           127           3048  javax.management.ObjectName$Property
 260:            95           3040  org.springframework.cglib.proxy.MethodProxy
 261:           109           3008  [Ljavax.management.ObjectName$Property;
 262:           187           2992  org.apache.logging.log4j.message.ParameterizedMessageFactory
 263:            73           2920  java.io.ObjectStreamField
 264:            73           2920  org.springframework.boot.loader.jar.CentralDirectoryFileHeader
 265:           121           2904  org.springframework.core.type.classreading.SimpleMetadataReader
 266:            90           2880  java.util.TreeMap$ValueIterator
 267:            45           2880  javax.management.openmbean.OpenMBeanAttributeInfoSupport
 268:           180           2880  org.springframework.core.SerializableTypeWrapper$TypeProxyInvocationHandler
 269:           176           2816  org.springframework.boot.autoconfigure.condition.ConditionEvaluationReport$ConditionAndOutcomes
 270:           117           2808  org.springframework.beans.MutablePropertyValues
 271:           116           2784  org.springframework.boot.autoconfigure.condition.ConditionEvaluationReport$$Lambda$320/2081191879
 272:           115           2760  org.springframework.beans.CachedIntrospectionResults
 273:            86           2752  java.lang.invoke.DirectMethodHandle$Special
 274:            64           2688  [Lorg.hibernate.validator.internal.util.ConcurrentReferenceHashMap$HashEntry;
 275:           168           2688  org.springframework.core.$Proxy5
 276:            88           2680  [Lorg.springframework.asm.Label;
 277:           110           2640  java.time.LocalDate
 278:           109           2616  sun.reflect.annotation.AnnotationParser$1
 279:           135           2536  [Lcom.sun.jmx.mbeanserver.MXBeanMapping;
 280:            63           2520  org.springframework.cglib.core.EmitUtils$14
 281:            65           2504  [Ljavax.management.MBeanOperationInfo;
 282:            38           2432  org.springframework.boot.loader.jar.JarFileEntries$1
 283:           150           2400  org.springframework.core.MethodParameter$$Lambda$115/2088051243
 284:            75           2400  sun.reflect.UnsafeStaticObjectFieldAccessorImpl
 285:            99           2376  java.time.LocalTime
 286:            74           2368  java.lang.ThreadLocal$ThreadLocalMap$Entry
 287:            58           2320  java.security.AccessControlContext
 288:           144           2304  org.springframework.core.SerializableTypeWrapper$$Lambda$15/1793329556
 289:            94           2256  java.util.concurrent.CopyOnWriteArrayList$COWIterator
 290:            92           2208  java.util.Collections$UnmodifiableRandomAccessList
 291:            55           2200  javax.management.ObjectName
 292:            21           2184  java.lang.invoke.InnerClassLambdaMetafactory
 293:            89           2136  com.sun.beans.WildcardTypeImpl
 294:            88           2112  java.util.BitSet
 295:            66           2112  sun.misc.URLClassPath$Loader$1
 296:            44           2112  sun.util.locale.LocaleObjectCache$CacheEntry
 297:           128           2048  java.lang.Character
 298:           128           2048  java.lang.reflect.WeakCache$LookupValue
 299:            63           2016  java.lang.reflect.WeakCache$CacheValue
 300:            84           2016  java.util.regex.Pattern$1
 301:            36           2016  jdk.internal.org.objectweb.asm.AnnotationWriter
 302:            84           2016  org.springframework.asm.ByteVector
 303:            84           2016  org.springframework.cglib.core.LocalVariablesSorter$State
 304:            42           2016  org.springframework.context.annotation.ConfigurationClass
 305:            49           1960  java.lang.reflect.Parameter
 306:            79           1896  java.util.Date
 307:            78           1872  org.apache.catalina.LifecycleEvent
 308:            70           1856  [Ljava.lang.annotation.ElementType;
 309:            38           1824  org.springframework.boot.loader.jar.JarFileEntries
 310:            92           1816  [Ljava.lang.reflect.Parameter;
 311:            85           1800  [Lorg.apache.catalina.Container;
 312:            75           1800  org.springframework.context.annotation.BeanMethod
 313:            73           1752  java.time.ZoneRegion
 314:            54           1728  org.springframework.cglib.proxy.MethodProxy$FastClassInfo
 315:            71           1704  org.springframework.cglib.core.MethodWrapper$MethodWrapperKey$$KeyFactoryByCGLIB$$552be97a
 316:            70           1680  java.security.Provider$ServiceKey
 317:            52           1664  sun.reflect.annotation.AnnotationType
 318:            68           1632  java.io.ExpiringCache$Entry
 319:            40           1600  sun.management.DiagnosticCommandArgumentInfo
 320:            66           1584  java.util.regex.Pattern$GroupHead
 321:            66           1584  java.util.regex.Pattern$GroupTail
 322:             1           1568  [[B
 323:            49           1568  org.springframework.cglib.proxy.MethodProxy$CreateInfo
 324:            19           1520  org.springframework.beans.BeanWrapperImpl
 325:            27           1512  java.security.Provider$Service
 326:            27           1512  org.apache.tomcat.util.res.StringManager$1
 327:            63           1512  org.springframework.cglib.core.ReflectUtils$6
 328:            94           1504  [Ljava.security.Principal;
 329:            94           1504  java.security.ProtectionDomain$Key
 330:            47           1504  java.util.regex.Pattern$Branch
 331:            37           1480  org.springframework.cglib.proxy.Enhancer$EnhancerKey$$KeyFactoryByCGLIB$$4ce19e8f
 332:            30           1440  java.time.temporal.ValueRange
 333:            90           1440  java.util.TreeMap$Values
 334:            89           1424  [Ljava.beans.BeanInfo;
 335:            88           1408  com.sun.proxy.$Proxy33
 336:            44           1408  java.util.zip.ZipCoder
 337:            22           1408  jdk.internal.org.objectweb.asm.FieldWriter
 338:             1           1376  [Lsun.misc.FDBigInteger;
 339:            57           1368  java.util.Collections$SingletonList
 340:            47           1352  [Ljava.util.regex.Pattern$Node;
 341:            56           1344  java.util.regex.Pattern$Single
 342:            55           1320  org.springframework.boot.context.properties.ConfigurationBeanFactoryMetadata$FactoryMetadata
 343:            54           1296  com.sun.jmx.mbeanserver.NamedObject
 344:            40           1280  java.util.Collections$SynchronizedMap
 345:            53           1272  java.util.ArrayDeque
 346:            52           1248  java.lang.invoke.MethodHandles$Lookup
 347:            52           1248  java.util.regex.Pattern$BitClass
 348:            22           1232  java.util.stream.ReferencePipeline$Head
 349:            51           1224  java.util.regex.Pattern$Slice
 350:            51           1224  org.springframework.core.convert.TypeDescriptor
 351:            51           1224  org.springframework.core.convert.TypeDescriptor$AnnotatedElementAdapter
 352:            38           1216  java.security.Permissions
 353:            30           1200  java.time.temporal.ChronoField
 354:            38           1184  [Ljava.math.BigInteger;
 355:            74           1184  java.util.jar.Attributes
 356:            37           1184  sun.reflect.UnsafeObjectFieldAccessorImpl
 357:            49           1176  org.springframework.boot.autoconfigure.condition.OnClassCondition
 358:            73           1168  com.sun.proxy.$Proxy9
 359:            29           1160  java.io.FileDescriptor
 360:            29           1160  java.util.PropertyResourceBundle
 361:            48           1152  java.net.URLClassLoader$2
 362:             8           1152  java.text.DecimalFormat
 363:            36           1152  org.springframework.cglib.core.WeakCacheKey
 364:            36           1152  org.springframework.cglib.proxy.Enhancer$EnhancerFactoryData
 365:            11           1144  org.springframework.beans.factory.support.GenericBeanDefinition
 366:             6           1120  [Ljava.lang.ThreadLocal$ThreadLocalMap$Entry;
 367:            37           1120  [Ljava.time.format.DateTimeFormatterBuilder$DateTimePrinterParser;
 368:            35           1120  java.io.FilePermission
 369:            23           1104  sun.management.DiagnosticCommandInfo
 370:            34           1088  org.springframework.beans.factory.annotation.InitDestroyAnnotationBeanPostProcessor$$Lambda$177/292917034
 371:            34           1088  org.springframework.format.support.FormattingConversionService$AnnotationParserConverter
 372:            34           1088  org.springframework.format.support.FormattingConversionService$AnnotationPrinterConverter
 373:            19           1064  sun.misc.URLClassPath$JarLoader
 374:            33           1056  java.util.regex.Pattern$Curly
 375:             6           1056  org.springframework.asm.ClassWriter
 376:            44           1056  org.springframework.context.event.GenericApplicationListenerAdapter
 377:             1           1040  [Ljava.lang.Byte;
 378:             1           1040  [Ljava.lang.Integer;
 379:             1           1040  [Ljava.lang.Long;
 380:             1           1040  [Ljava.lang.Short;
 381:            64           1024  [Lorg.apache.tomcat.util.modeler.NotificationInfo;
 382:            32           1024  java.io.File
 383:            63           1008  org.springframework.cglib.core.EmitUtils$13
 384:            25           1000  java.lang.invoke.DirectMethodHandle$Interface
 385:            25           1000  java.time.format.DateTimeFormatter
 386:            25           1000  java.util.IdentityHashMap
 387:            31            992  java.util.Collections$UnmodifiableMap
 388:            62            992  org.apache.juli.logging.DirectJDKLog
 389:            30            960  java.security.Provider$EngineDescription
 390:            24            960  org.apache.tomcat.util.modeler.BaseModelMBean
 391:            24            960  org.springframework.core.annotation.AnnotationUtils$AliasDescriptor
 392:            40            960  org.springframework.http.MediaType
 393:            17            952  java.util.concurrent.ConcurrentHashMap$ValueIterator
 394:            29            928  jdk.internal.org.objectweb.asm.Type
 395:            29            928  org.springframework.format.support.FormattingConversionService$PrinterConverter
 396:            38            912  org.springframework.boot.loader.jar.Handler
 397:            28            896  com.fasterxml.jackson.databind.DeserializationFeature
 398:            14            896  java.util.regex.Matcher
 399:            37            888  java.time.format.DateTimeFormatterBuilder$CompositePrinterParser
 400:            37            888  java.util.jar.Manifest
 401:            37            888  sun.misc.URLClassPath$Loader
 402:            36            864  com.sun.org.apache.xerces.internal.util.XMLStringBuffer
 403:            36            864  java.io.FilePermissionCollection
 404:            54            864  java.lang.ThreadLocal
 405:            15            840  java.lang.invoke.LambdaFormEditor$Transform
 406:            15            840  javax.management.openmbean.ArrayType
 407:            21            840  org.springframework.core.io.ResourceEditor
 408:            21            840  org.springframework.core.io.support.ResourceArrayPropertyEditor
 409:            21            840  sun.util.locale.BaseLocale$Key
 410:            26            832  com.fasterxml.jackson.databind.MapperFeature
 411:            26            832  java.time.format.DateTimeFormatterBuilder$NumberPrinterParser
 412:            26            832  org.hibernate.validator.internal.engine.valueextraction.ValueExtractorDescriptor
 413:            52            832  sun.misc.ProxyGenerator$ConstantPool$ValueEntry
 414:            17            816  java.util.Properties
 415:            34            816  org.springframework.beans.factory.annotation.AutowiredAnnotationBeanPostProcessor$$Lambda$180/192794887
 416:            34            816  org.springframework.beans.factory.annotation.AutowiredAnnotationBeanPostProcessor$$Lambda$181/1122805102
 417:            34            816  org.springframework.context.annotation.CommonAnnotationBeanPostProcessor$$Lambda$178/140799417
 418:            34            816  org.springframework.context.annotation.CommonAnnotationBeanPostProcessor$$Lambda$179/110431793
 419:            20            800  com.sun.jmx.mbeanserver.MXBeanSupport
 420:            50            800  com.sun.proxy.$Proxy0
 421:            20            800  org.apache.tomcat.util.collections.ManagedConcurrentWeakHashMap$Key
 422:            14            784  [Ljava.util.regex.Pattern$GroupHead;
 423:            43            784  [Ljavax.management.MBeanNotificationInfo;
 424:            49            784  com.sun.proxy.$Proxy3
 425:             7            784  java.util.GregorianCalendar
 426:             8            768  [Lcom.sun.org.apache.xerces.internal.xni.QName;
 427:            32            768  com.sun.jmx.mbeanserver.DefaultMXBeanMappingFactory$IdentityMapping
 428:            16            768  com.sun.org.apache.xerces.internal.util.XMLAttributesImpl$Attribute
 429:            32            768  java.util.regex.Pattern$Start
 430:            16            768  org.springframework.cglib.reflect.FastClass$Generator
 431:            48            768  sun.reflect.generics.tree.ArrayTypeSignature
 432:            19            760  java.lang.invoke.MethodHandleImpl$IntrinsicMethodHandle
 433:            19            760  java.util.HashMap$EntryIterator
 434:            47            752  com.sun.proxy.$Proxy2
 435:            47            752  java.util.regex.Pattern$BranchConn
 436:            31            744  com.sun.org.apache.xerces.internal.xni.XMLString
 437:            31            744  java.util.regex.Pattern$Ques
 438:            23            736  com.fasterxml.jackson.databind.SerializationFeature
 439:            23            736  java.net.InetAddress$InetAddressHolder
 440:            23            736  sun.management.DiagnosticCommandImpl$Wrapper
 441:            24            728  [Ljava.io.ObjectStreamField;
 442:            15            720  java.lang.management.PlatformComponent
 443:            30            720  java.util.regex.Pattern$Ctype
 444:            18            720  org.hibernate.validator.internal.metadata.aggregated.CascadingMetaDataBuilder
 445:            30            720  org.jboss.logging.Log4j2Logger
 446:            30            720  org.springframework.beans.TypeConverterDelegate
 447:            18            720  sun.reflect.UnsafeQualifiedStaticObjectFieldAccessorImpl
 448:            29            696  org.springframework.format.support.FormattingConversionService$ParserConverter
 449:            43            688  org.springframework.beans.factory.support.ConstructorResolver$AutowiredArgumentMarker
 450:            21            672  com.sun.jmx.mbeanserver.WeakIdentityHashMap$IdentityWeakReference
 451:            28            672  java.security.Provider$UString
 452:            21            672  java.util.Locale
 453:            21            672  java.util.PropertyPermission
 454:             7            672  org.springframework.asm.Context
 455:            21            672  org.springframework.beans.propertyeditors.ClassArrayEditor
 456:            21            672  org.springframework.beans.propertyeditors.ClassEditor
 457:            21            672  org.springframework.beans.propertyeditors.FileEditor
 458:            21            672  org.springframework.beans.propertyeditors.InputSourceEditor
 459:            21            672  org.springframework.beans.propertyeditors.InputStreamEditor
 460:            21            672  org.springframework.beans.propertyeditors.PathEditor
 461:            21            672  org.springframework.beans.propertyeditors.ReaderEditor
 462:            21            672  org.springframework.beans.propertyeditors.URIEditor
 463:            21            672  org.springframework.beans.propertyeditors.URLEditor
 464:            42            672  org.springframework.boot.context.properties.source.SpringIterableConfigurationPropertySource$CacheKey
 465:             6            672  sun.nio.ch.SocketChannelImpl
 466:            21            672  sun.util.locale.BaseLocale
 467:             6            664  [D
 468:            41            656  org.springframework.expression.common.LiteralExpression
 469:            27            648  org.apache.tomcat.util.res.StringManager
 470:            16            640  java.util.Spliterators$IteratorSpliterator
 471:            39            632  [Ljavax.management.MBeanConstructorInfo;
 472:             3            624  [Ljava.lang.invoke.LambdaForm;
 473:            13            624  com.fasterxml.jackson.databind.type.SimpleType
 474:            39            624  java.util.HashMap$EntrySet
 475:            39            624  java.util.concurrent.atomic.AtomicInteger
 476:            26            624  java.util.concurrent.atomic.AtomicLong
 477:            26            624  java.util.regex.Pattern$Dollar
 478:            26            624  org.hibernate.validator.internal.engine.valueextraction.ValueExtractorDescriptor$Key
 479:            26            624  org.springframework.core.type.StandardAnnotationMetadata
 480:            11            616  org.springframework.core.ResolvableType$1
 481:            19            608  [Ljava.lang.ref.WeakReference;
 482:            19            608  java.lang.invoke.SimpleMethodHandle
 483:            19            608  org.springframework.beans.factory.support.AbstractAutowireCapableBeanFactory$$Lambda$112/1513712028
 484:            19            608  org.springframework.beans.factory.support.AbstractBeanFactory$$Lambda$111/2101440631
 485:            25            600  sun.nio.cs.CharsetMapping$Entry
 486:            37            592  com.sun.proxy.$Proxy18
 487:            37            592  org.springframework.boot.loader.jar.JarFile$$Lambda$1/317574433
 488:             4            576  [Lcom.fasterxml.jackson.core.sym.CharsToNameCanonicalizer$Bucket;
 489:            18            576  java.util.TreeMap$KeyIterator
 490:            12            576  java.util.concurrent.ThreadPoolExecutor$Worker
 491:            12            576  org.hibernate.validator.internal.metadata.raw.ConstrainedExecutable
 492:            24            576  org.springframework.boot.loader.LaunchedURLClassLoader$$Lambda$7/939047783
 493:            36            576  org.springframework.context.annotation.ConfigurationClassEnhancer$BeanFactoryAwareGeneratorStrategy
 494:            24            576  org.springframework.web.util.UrlPathHelper
 495:            12            576  sun.util.locale.provider.LocaleResources$ResourceReference
 496:            14            560  ch.qos.logback.core.status.InfoStatus
 497:             2            560  java.util.concurrent.ConcurrentHashMap$CounterCell
 498:            14            560  javax.management.openmbean.SimpleType
 499:            35            560  org.springframework.boot.autoconfigure.condition.OnBeanCondition
 500:            10            560  sun.invoke.util.Wrapper
 501:            23            552  [Lsun.management.DiagnosticCommandArgumentInfo;
 502:            23            552  com.sun.jmx.mbeanserver.PerInterface$MethodAndSig
 503:            23            552  org.yaml.snakeyaml.tokens.Token$ID
 504:            17            544  com.sun.org.apache.xerces.internal.util.AugmentationsImpl$SmallContainer
 505:            34            544  com.sun.proxy.$Proxy34
 506:             1            536  org.springframework.boot.web.embedded.tomcat.TomcatEmbeddedContext
 507:             1            528  [Ljava.lang.Character;
 508:            13            520  java.lang.reflect.Proxy$Key2
 509:            13            520  java.util.EnumMap
 510:            13            520  org.springframework.util.AntPathMatcher
 511:            16            512  java.io.FileInputStream
 512:             8            512  java.text.DateFormatSymbols
 513:             8            512  java.text.DecimalFormatSymbols
 514:            16            512  java.time.temporal.ChronoUnit
 515:            16            512  java.util.concurrent.ConcurrentHashMap$ForwardingNode
 516:             8            512  java.util.stream.ReferencePipeline$2
 517:             8            512  org.springframework.beans.factory.config.DependencyDescriptor
 518:             9            504  com.fasterxml.jackson.databind.cfg.BaseSettings
 519:            21            504  java.lang.invoke.ConstantCallSite
 520:            21            504  java.lang.invoke.InfoFromMemberName
 521:            21            504  java.lang.invoke.InnerClassLambdaMetafactory$ForwardingMethodGenerator
 522:            21            504  java.time.Duration
 523:            21            504  java.util.AbstractMap$SimpleImmutableEntry
 524:            21            504  java.util.Locale$LocaleKey
 525:            21            504  java.util.concurrent.ConcurrentHashMap$KeySetView
 526:             9            504  javax.management.openmbean.CompositeType
 527:            21            504  org.springframework.beans.factory.config.ConstructorArgumentValues
 528:            13            488  [Ljava.lang.invoke.LambdaForm$BasicType;
 529:            12            480  com.sun.jmx.mbeanserver.PerInterface
 530:             6            480  com.sun.org.apache.xalan.internal.xsltc.trax.TransformerFactoryImpl
 531:            20            480  java.net.InetSocketAddress$InetSocketAddressHolder
 532:             4            480  java.net.SocksSocketImpl
 533:            20            480  java.util.concurrent.locks.AbstractQueuedSynchronizer$ConditionObject
 534:            15            480  java.util.concurrent.locks.AbstractQueuedSynchronizer$Node
 535:            10            480  jdk.internal.org.objectweb.asm.Frame
 536:             2            480  org.apache.catalina.core.StandardWrapper
 537:            30            480  org.apache.logging.log4j.message.MessageFormatMessageFactory
 538:            12            480  org.springframework.asm.Handler
 539:            12            480  org.springframework.cglib.core.EmitUtils$6
 540:            15            480  org.springframework.core.annotation.DefaultAnnotationAttributeExtractor
 541:            29            464  org.hibernate.validator.internal.util.logging.Log_$logger
 542:             6            456  [Lsun.invoke.util.Wrapper;
 543:            19            456  java.lang.invoke.Invokers
 544:            19            456  java.lang.reflect.Proxy$KeyX
 545:            19            456  java.net.Inet4Address
 546:            19            456  sun.nio.ch.SocketOptionRegistry$RegistryKey
 547:            14            448  com.fasterxml.jackson.core.JsonParser$Feature
 548:             7            448  java.nio.DirectByteBuffer
 549:             8            448  javax.management.openmbean.OpenMBeanParameterInfoSupport
 550:            14            448  org.springframework.boot.context.properties.bind.JavaBeanBinder$BeanProperty
 551:             1            432  [[[C
 552:            18            432  java.text.DateFormat$Field
 553:            27            432  org.springframework.boot.context.properties.source.SpringConfigurationPropertySource$DelegatingPropertyMapper$$Lambda$54/985655350
 554:            27            432  org.springframework.util.ReflectionUtils$$Lambda$170/1502635287
 555:            18            432  sun.misc.MetaIndex
 556:             1            424  [Lcom.sun.org.apache.xerces.internal.util.SymbolTable$Entry;
 557:            26            416  com.sun.proxy.$Proxy37
 558:            13            416  org.apache.catalina.util.ManifestResource
 559:            26            416  sun.reflect.BootstrapConstructorAccessorImpl
 560:            17            408  com.sun.org.apache.xerces.internal.util.SymbolTable$Entry
 561:            17            408  java.lang.management.ManagementPermission
 562:            17            408  java.util.Collections$1
 563:            17            408  org.springframework.boot.ansi.AnsiColor
 564:            17            408  org.springframework.boot.autoconfigure.web.servlet.WebMvcAutoConfiguration$EnableWebMvcConfiguration$$EnhancerBySpringCGLIB$$2aa29661$$FastClassBySpringCGLIB$$10675816
 565:            10            400  java.lang.invoke.DirectMethodHandle$Accessor
 566:             5            400  java.util.concurrent.ThreadPoolExecutor
 567:             1            392  org.apache.tomcat.util.net.NioBlockingSelector$BlockPoller
 568:            24            384  com.sun.proxy.$Proxy23
 569:             1            384  java.lang.ref.Finalizer$FinalizerThread
 570:             6            384  java.text.SimpleDateFormat
 571:             1            384  java.util.logging.LogManager$Cleaner
 572:             8            384  java.util.stream.StreamSpliterators$WrappingSpliterator
 573:            12            384  org.apache.catalina.LifecycleState
 574:             6            384  org.springframework.asm.FieldWriter
 575:             1            384  org.springframework.boot.web.embedded.tomcat.TomcatWebServer$1
 576:            12            384  org.springframework.cglib.core.ClassEmitter$1
 577:            12            384  org.springframework.cglib.reflect.FastClassEmitter$4
 578:             1            384  org.springframework.context.support.AbstractApplicationContext$1
 579:            16            384  sun.nio.ch.OptionKey
 580:             4            384  sun.nio.ch.ServerSocketChannelImpl
 581:             3            384  sun.nio.ch.WindowsSelectorImpl
 582:             7            376  [Lcom.sun.org.apache.xalan.internal.utils.XMLSecurityManager$State;
 583:             1            376  java.lang.ref.Reference$ReferenceHandler
 584:             9            360  com.sun.org.apache.xalan.internal.utils.XMLSecurityManager$Limit
 585:             9            360  com.sun.org.apache.xerces.internal.utils.XMLSecurityManager$Limit
 586:            15            360  java.util.regex.Pattern$5
 587:            15            360  javax.management.StandardMBean
 588:            15            360  javax.websocket.CloseReason$CloseCodes
 589:             9            360  org.springframework.beans.factory.support.DisposableBeanAdapter
 590:            15            360  org.springframework.core.annotation.SynthesizedAnnotationInvocationHandler
 591:             1            352  com.sun.org.apache.xerces.internal.impl.XMLNSDocumentScannerImpl
 592:             4            352  java.net.DualStackPlainSocketImpl
 593:            22            352  java.util.TreeMap$KeySet
 594:            22            352  java.util.concurrent.atomic.AtomicReference
 595:             4            352  org.apache.catalina.webresources.CachedResource
 596:             1            344  com.sun.org.apache.xerces.internal.impl.XMLDocumentScannerImpl
 597:             5            336  [Ljava.lang.Thread;
 598:            14            336  ch.qos.logback.core.spi.ContextAwareBase
 599:             7            336  com.sun.jmx.mbeanserver.DefaultMXBeanMappingFactory$CompositeMapping
 600:            14            336  java.lang.invoke.LambdaFormEditor$Transform$Kind
 601:             6            336  java.nio.DirectLongBufferU
 602:            21            336  java.util.TreeSet
 603:            14            336  java.util.regex.Pattern$TreeInfo
 604:            14            336  org.springframework.context.support.MessageSourceAccessor
 605:            14            336  org.yaml.snakeyaml.nodes.Tag
 606:             6            336  sun.management.MemoryPoolImpl
 607:            14            336  sun.misc.ProxyGenerator$ExceptionTableEntry
 608:             6            336  sun.nio.cs.UTF_8$Encoder
 609:            16            328  [Ljava.lang.management.PlatformComponent;
 610:             4            320  [Lorg.hibernate.validator.internal.util.ConcurrentReferenceHashMap$Segment;
 611:            10            320  com.fasterxml.jackson.core.JsonGenerator$Feature
 612:             4            320  com.fasterxml.jackson.databind.DeserializationConfig
 613:             4            320  com.fasterxml.jackson.databind.SerializationConfig
 614:            10            320  java.lang.OutOfMemoryError
 615:             5            320  java.lang.invoke.InvokerBytecodeGenerator
 616:            20            320  java.net.InetSocketAddress
 617:             5            320  java.security.SecureRandom
 618:             8            320  java.text.DigitList
 619:            20            320  java.time.format.DateTimeFormatterBuilder$CharLiteralPrinterParser
 620:            10            320  java.util.ResourceBundle$Control$1
 621:             5            320  java.util.jar.JarFile
 622:             5            320  java.util.stream.ReferencePipeline$3
 623:             8            320  java.util.stream.SpinedBuffer
 624:             5            320  sun.nio.cs.ext.DoubleByte$Encoder
 625:             8            320  sun.reflect.UnsafeQualifiedStaticIntegerFieldAccessorImpl
 626:            10            320  sun.security.jca.ProviderConfig
 627:            13            312  java.lang.RuntimePermission
 628:            13            312  org.springframework.util.AntPathMatcher$PathSeparatorPatternCache
 629:             3            312  org.springframework.web.servlet.resource.ResourceHttpRequestHandler
 630:            19            304  com.sun.proxy.$Proxy1
 631:            19            304  org.springframework.beans.factory.support.AbstractAutowireCapableBeanFactory$$Lambda$172/2619171
 632:            12            288  ch.qos.logback.core.pattern.LiteralConverter
 633:             9            288  com.fasterxml.classmate.types.ResolvedPrimitiveType
 634:             4            288  com.fasterxml.jackson.databind.deser.DefaultDeserializationContext$Impl
 635:             4            288  com.fasterxml.jackson.databind.ser.DefaultSerializerProvider$Impl
 636:            18            288  com.fasterxml.jackson.databind.ser.std.ToStringSerializer
 637:            12            288  java.beans.PropertyChangeSupport
 638:            18            288  java.lang.Boolean
 639:            12            288  java.util.Collections$SetFromMap
 640:             6            288  java.util.concurrent.LinkedBlockingQueue
 641:             3            288  java.util.jar.JarFile$JarFileEntry
 642:             9            288  java.util.logging.Level
 643:            12            288  org.springframework.beans.factory.config.BeanExpressionContext
 644:             9            288  org.springframework.beans.factory.support.ConstructorResolver$ArgumentsHolder
 645:             9            288  org.springframework.boot.context.properties.source.SpringIterableConfigurationPropertySource
 646:            12            288  org.springframework.cglib.core.Block
 647:             6            288  org.springframework.cglib.reflect.FastClassEmitter
 648:            12            288  org.springframework.cglib.reflect.FastClassEmitter$GetIndexCallback
 649:             6            288  org.springframework.context.annotation.ConfigurationClassEnhancer$BeanFactoryAwareGeneratorStrategy$1
 650:             9            288  org.springframework.context.event.AbstractApplicationEventMulticaster$ListenerRetriever
 651:            12            288  org.springframework.format.datetime.standard.TemporalAccessorParser
 652:            12            288  org.springframework.web.servlet.config.annotation.WebMvcConfigurationSupport$$FastClassBySpringCGLIB$$69f69f7c
 653:             6            288  sun.misc.ProxyGenerator$MethodInfo
 654:             7            280  org.springframework.boot.logging.logback.ColorConverter
 655:            17            272  com.sun.org.apache.xerces.internal.util.AugmentationsImpl
 656:            11            264  [Lorg.springframework.boot.context.properties.source.PropertyMapper;
 657:            11            264  java.net.StandardSocketOptions$StdSocketOption
 658:            11            264  org.springframework.beans.factory.annotation.AutowiredAnnotationBeanPostProcessor$$Lambda$182/2092769598
 659:            11            264  org.springframework.core.convert.support.GenericConversionService$ConverterFactoryAdapter
 660:            11            264  sun.reflect.annotation.TypeAnnotation$TypeAnnotationTarget
 661:             2            256  [Lcom.fasterxml.jackson.databind.DeserializationFeature;
 662:             4            256  com.fasterxml.jackson.core.sym.ByteQuadsCanonicalizer
 663:             4            256  com.fasterxml.jackson.core.sym.CharsToNameCanonicalizer
 664:             4            256  com.fasterxml.jackson.databind.ObjectMapper
 665:             4            256  com.fasterxml.jackson.databind.introspect.AnnotatedClass
 666:             4            256  com.fasterxml.jackson.datatype.jsr310.JavaTimeModule
 667:             8            256  java.io.DataOutputStream
 668:            16            256  java.lang.reflect.Proxy$1
 669:             4            256  java.util.stream.ReferencePipeline$7
 670:             8            256  javax.management.MBeanNotificationInfo
 671:             8            256  org.springframework.boot.context.properties.bind.Bindable
 672:             4            256  org.springframework.web.method.HandlerMethod$HandlerMethodParameter
 673:             8            256  sun.misc.ProxyGenerator$PrimitiveTypeInfo
 674:             2            248  [Ljava.time.LocalDateTime;
 675:             2            240  [Lcom.fasterxml.jackson.databind.MapperFeature;
 676:             6            240  [Ljava.lang.invoke.BoundMethodHandle$SpeciesData;
 677:             2            240  [Lsun.nio.cs.CharsetMapping$Entry;
 678:            10            240  com.fasterxml.classmate.util.ClassKey
 679:            10            240  com.fasterxml.jackson.annotation.JsonFormat$Shape
 680:            10            240  com.fasterxml.jackson.databind.util.LRUMap
 681:            10            240  com.sun.org.apache.xerces.internal.impl.XMLScanner$NameType
 682:            10            240  java.lang.annotation.ElementType
 683:             6            240  java.lang.invoke.DirectMethodHandle$Constructor
 684:            15            240  org.apache.catalina.webresources.Cache$EvictionOrder
 685:             5            240  org.apache.tomcat.util.descriptor.web.FilterDef
 686:            10            240  org.springframework.beans.factory.support.ConstructorResolver
 687:            10            240  org.springframework.boot.autoconfigure.cache.CacheType
 688:            15            240  org.springframework.boot.context.properties.ConfigurationPropertiesBindingPostProcessorRegistrar
 689:            15            240  org.springframework.boot.context.properties.EnableConfigurationPropertiesImportSelector$ConfigurationPropertiesBeanRegistrar
 690:            10            240  org.springframework.boot.context.properties.source.SpringIterableConfigurationPropertySource$Cache
 691:             6            240  org.springframework.cglib.core.EmitUtils$12
 692:            10            240  org.springframework.util.MimeType
 693:             6            240  org.springframework.web.accept.PathExtensionContentNegotiationStrategy
 694:            10            240  org.yaml.snakeyaml.events.Event$ID
 695:             6            240  sun.management.MemoryPoolImpl$CollectionSensor
 696:             6            240  sun.management.MemoryPoolImpl$PoolSensor
 697:             5            240  sun.misc.URLClassPath
 698:            15            240  sun.reflect.generics.reflectiveObjects.GenericArrayTypeImpl
 699:             2            224  [Lcom.fasterxml.jackson.databind.SerializationFeature;
 700:             4            224  com.fasterxml.jackson.databind.MappingJsonFactory
 701:            14            224  com.sun.proxy.$Proxy50
 702:            14            224  java.util.Collections$SingletonSet
 703:             7            224  java.util.Stack
 704:             7            224  org.apache.tomcat.util.digester.ObjectCreateRule
 705:             7            224  org.apache.tomcat.util.digester.SetNextRule
 706:             7            224  org.springframework.asm.ClassReader
 707:            14            224  org.springframework.core.convert.support.ObjectToStringConverter
 708:             4            224  org.springframework.web.method.HandlerMethod
 709:             4            224  sun.nio.cs.ext.DoubleByte$Decoder_DBCSONLY
 710:             4            224  sun.security.provider.SHA
 711:             7            216  [Ljava.lang.Boolean;
 712:             9            216  java.nio.file.attribute.PosixFilePermission
 713:             9            216  java.util.logging.Level$KnownLevel
 714:             1            216  org.springframework.beans.factory.support.DefaultListableBeanFactory
 715:             9            216  org.springframework.boot.context.properties.source.DefaultPropertyMapper$LastMapping
 716:             9            216  sun.util.logging.PlatformLogger$Level
 717:             9            208  [Lcom.fasterxml.jackson.databind.ser.Serializers;
 718:             7            208  [Ljava.lang.invoke.LambdaForm$NamedFunction;
 719:            13            208  java.util.regex.Pattern$Begin
 720:             2            200  [Ljava.text.DateFormat$Field;
 721:             5            200  com.fasterxml.jackson.core.util.DefaultPrettyPrinter
 722:             1            200  com.sun.org.apache.xerces.internal.impl.XMLDTDScannerImpl
 723:             5            200  java.lang.invoke.BoundMethodHandle$SpeciesData
 724:             5            200  java.lang.invoke.MethodHandleImpl$AsVarargsCollector
 725:             5            200  java.util.stream.StreamOpFlag
 726:             5            200  org.apache.catalina.core.ApplicationFilterConfig
 727:             5            200  org.apache.tomcat.util.descriptor.web.FilterMap
 728:             5            200  org.springframework.beans.factory.config.ConstructorArgumentValues$ValueHolder
 729:             5            192  [Ljdk.internal.org.objectweb.asm.Type;
 730:             4            192  com.fasterxml.jackson.databind.introspect.BasicBeanDescription
 731:             8            192  com.fasterxml.jackson.databind.module.SimpleSerializers
 732:             6            192  com.sun.org.apache.xalan.internal.utils.XMLSecurityManager
 733:             1            192  com.sun.org.apache.xerces.internal.parsers.XIncludeAwareParserConfiguration
 734:            12            192  com.sun.proxy.$Proxy32
 735:            12            192  com.sun.proxy.$Proxy4
 736:            12            192  java.beans.PropertyChangeSupport$PropertyChangeListenerMap
 737:             6            192  java.lang.invoke.LambdaForm$BasicType
 738:             8            192  java.lang.invoke.MethodHandleImpl$Intrinsic
 739:             8            192  java.math.RoundingMode
 740:             8            192  java.net.NetPermission
 741:             6            192  java.time.format.TextStyle
 742:             8            192  java.util.Collections$SynchronizedSet
 743:             8            192  java.util.Spliterators$1Adapter
 744:             6            192  java.util.Spliterators$ArraySpliterator
 745:             6            192  java.util.concurrent.FutureTask
 746:             8            192  java.util.stream.ReferencePipeline$2$1
 747:             4            192  org.apache.catalina.util.Extension
 748:             8            192  org.apache.logging.log4j.Level
 749:             8            192  org.apache.logging.log4j.spi.StandardLevel
 750:             1            192  org.apache.tomcat.util.net.NioEndpoint
 751:             4            192  org.hibernate.validator.internal.metadata.raw.ConstrainedParameter
 752:             4            192  org.hibernate.validator.internal.util.ConcurrentReferenceHashMap
 753:             3            192  org.springframework.beans.factory.support.DefaultListableBeanFactory$NestedDependencyDescriptor
 754:             8            192  org.springframework.boot.context.properties.ConfigurationBeanFactoryMetadata$$Lambda$183/963522361
 755:             6            192  org.springframework.cglib.core.ClassEmitter$FieldInfo
 756:             6            192  org.springframework.cglib.core.DebuggingClassWriter
 757:            12            192  org.springframework.cglib.core.EmitUtils$10
 758:            12            192  org.springframework.cglib.core.EmitUtils$5
 759:            12            192  org.springframework.core.annotation.AnnotatedElementUtils$1
 760:            12            192  org.springframework.format.datetime.standard.TemporalAccessorPrinter
 761:             8            192  org.springframework.http.HttpMethod
 762:             6            192  org.springframework.http.converter.ResourceHttpMessageConverter
 763:             3            192  org.springframework.util.LinkedCaseInsensitiveMap$1
 764:             8            192  org.springframework.web.bind.annotation.RequestMethod
 765:             8            192  org.yaml.snakeyaml.scanner.Constant
 766:             6            192  sun.reflect.generics.repository.ConstructorRepository
 767:             7            184  [Lcom.sun.org.apache.xalan.internal.utils.FeaturePropertyBase$State;
 768:             7            184  [Ljdk.xml.internal.JdkXmlFeatures$State;
 769:             6            184  [Lorg.springframework.web.bind.annotation.RequestMethod;
 770:             1            176  com.sun.org.apache.xerces.internal.impl.dtd.XMLDTDValidator
 771:             1            176  com.sun.org.apache.xerces.internal.impl.dtd.XMLNSDTDValidator
 772:            11            176  java.util.concurrent.atomic.AtomicBoolean
 773:             2            176  org.apache.catalina.deploy.NamingResourcesImpl
 774:            11            176  org.springframework.boot.context.properties.source.SpringConfigurationPropertySource$DelegatingPropertyMapper
 775:             1            168  [[Ljava.math.BigInteger;
 776:             7            168  ch.qos.logback.classic.Level
 777:             7            168  com.fasterxml.jackson.annotation.JsonInclude$Include
 778:             7            168  com.sun.management.VMOption$Origin
 779:             7            168  com.sun.org.apache.xerces.internal.util.FeatureState
 780:             7            168  java.io.ByteArrayOutputStream
 781:             7            168  java.time.ZoneOffset
 782:             7            168  java.util.Collections$3
 783:             7            168  java.util.concurrent.LinkedBlockingQueue$Node
 784:             3            168  javax.management.openmbean.OpenMBeanOperationInfoSupport
 785:             1            168  org.apache.catalina.core.StandardHost
 786:             7            168  org.apache.tomcat.util.digester.SetPropertiesRule
 787:             7            168  org.springframework.boot.context.properties.source.SpringConfigurationPropertySources$SourcesIterator
 788:             7            168  org.springframework.boot.logging.LogLevel
 789:             7            168  org.springframework.cglib.proxy.CallbackInfo
 790:             7            168  org.springframework.context.event.AbstractApplicationEventMulticaster$ListenerCacheKey
 791:             3            168  org.springframework.core.env.PropertySourcesPropertyResolver
 792:             7            168  org.springframework.web.cors.UrlBasedCorsConfigurationSource
 793:             7            168  org.springframework.web.servlet.mvc.method.annotation.RequestResponseBodyAdviceChain
 794:             3            168  sun.nio.ch.SinkChannelImpl
 795:             3            168  sun.nio.ch.SourceChannelImpl
 796:             4            160  com.fasterxml.jackson.core.Base64Variant
 797:             4            160  com.fasterxml.jackson.core.Version
 798:             4            160  com.fasterxml.jackson.core.sym.ByteQuadsCanonicalizer$TableInfo
 799:             5            160  com.fasterxml.jackson.databind.cfg.DeserializerFactoryConfig
 800:             5            160  com.fasterxml.jackson.databind.type.TypeFactory
 801:             4            160  com.sun.org.apache.xerces.internal.impl.dtd.XMLSimpleType
 802:             4            160  java.lang.ClassLoader$NativeLibrary
 803:            10            160  java.nio.channels.spi.AbstractInterruptibleChannel$1
 804:            10            160  java.util.Formatter$Flags
 805:             5            160  java.util.concurrent.ConcurrentHashMap$ReservationNode
 806:             5            160  java.util.regex.Pattern$3
 807:             5            160  javax.management.StandardEmitterMBean
 808:             5            160  org.apache.catalina.core.StandardPipeline
 809:             2            160  org.apache.catalina.core.StandardWrapperValve
 810:             4            160  org.apache.catalina.mbeans.ContainerMBean
 811:            10            160  org.apache.tomcat.util.threads.TaskThread$WrappingRunnable
 812:            10            160  org.springframework.boot.autoconfigure.condition.OnPropertyCondition
 813:            10            160  org.springframework.boot.context.properties.source.SpringIterableConfigurationPropertySource$$Lambda$63/2096057945
 814:            10            160  org.springframework.core.$Proxy6
 815:             4            160  org.springframework.http.converter.json.MappingJackson2HttpMessageConverter
 816:             2            160  org.springframework.web.servlet.handler.SimpleUrlHandlerMapping
 817:             1            160  org.springframework.web.servlet.mvc.method.annotation.RequestMappingHandlerAdapter
 818:             4            160  sun.misc.ProxyGenerator$ProxyMethod
 819:             5            160  sun.util.locale.provider.LocaleProviderAdapter$Type
 820:             2            152  [Ljava.time.ZoneOffset;
 821:             2            152  [[Ljava.lang.String;
 822:             1            152  org.apache.catalina.session.StandardManager
 823:             1            152  org.springframework.boot.web.servlet.context.AnnotationConfigServletWebServerApplicationContext
 824:             2            144  [Lcom.fasterxml.jackson.core.JsonParser$Feature;
 825:             3            144  [Lsun.nio.ch.SelectionKeyImpl;
 826:             6            144  [[Ljava.lang.annotation.Annotation;
 827:             6            144  com.fasterxml.jackson.annotation.JsonAutoDetect$Visibility
 828:             6            144  com.fasterxml.jackson.core.JsonParser$NumberType
 829:             3            144  com.fasterxml.jackson.datatype.jsr310.deser.InstantDeserializer
 830:             6            144  com.sun.org.apache.xalan.internal.utils.XMLSecurityPropertyManager
 831:             6            144  com.sun.org.apache.xerces.internal.util.Status
 832:             9            144  com.sun.proxy.$Proxy21
 833:             6            144  java.lang.invoke.InnerClassLambdaMetafactory$1
 834:             6            144  java.time.format.DateTimeFormatterBuilder$LocalizedPrinterParser
 835:             6            144  java.util.concurrent.ConcurrentLinkedQueue$Node
 836:             6            144  java.util.regex.Pattern$SingleI
 837:             6            144  javax.validation.executable.ExecutableType
 838:             6            144  jdk.xml.internal.JdkXmlFeatures
 839:             6            144  org.apache.logging.log4j.MarkerManager$Log4jMarker
 840:             9            144  org.hibernate.validator.internal.engine.valueextraction.ArrayElement
 841:             6            144  org.jboss.logging.Logger$Level
 842:             6            144  org.springframework.beans.factory.config.BeanDefinitionHolder
 843:             9            144  org.springframework.boot.autoconfigure.condition.OnWebApplicationCondition
 844:             1            144  org.springframework.boot.web.embedded.tomcat.TomcatEmbeddedWebappClassLoader
 845:             1            144  org.springframework.boot.web.embedded.tomcat.TomcatServletWebServerFactory
 846:             6            144  org.springframework.cglib.core.ClassNameReader$1
 847:             6            144  org.springframework.cglib.core.VisibilityPredicate
 848:             6            144  org.springframework.cglib.core.internal.LoadingCache$2
 849:             6            144  org.springframework.cglib.reflect.FastClassEmitter$3
 850:             6            144  org.springframework.cglib.transform.TransformingClassGenerator
 851:             2            144  org.springframework.context.annotation.ClassPathBeanDefinitionScanner
 852:             9            144  org.springframework.web.context.request.RequestScope
 853:             3            144  org.springframework.web.servlet.mvc.method.RequestMappingInfo
 854:             6            144  sun.misc.PerfCounter
 855:             3            144  sun.nio.ch.WindowsSelectorImpl$FdMap
 856:             3            144  sun.nio.cs.StreamEncoder
 857:             6            144  sun.reflect.generics.scope.ConstructorScope
 858:             5            136  [Ljava.net.InetAddress;
 859:             1            136  [Ljava.time.temporal.ChronoField;
 860:             1            136  org.apache.coyote.http11.Http11NioProtocol
 861:             6            128  [Lcom.fasterxml.jackson.databind.deser.Deserializers;
 862:             4            128  [Lorg.springframework.core.io.Resource;
 863:             4            128  com.fasterxml.jackson.core.sym.CharsToNameCanonicalizer$TableInfo
 864:             4            128  com.fasterxml.jackson.databind.cfg.ConfigOverrides
 865:             4            128  com.sun.jmx.mbeanserver.DefaultMXBeanMappingFactory$ArrayMapping
 866:             1            128  com.sun.org.apache.xerces.internal.impl.XMLEntityManager
 867:             4            128  com.sun.org.apache.xerces.internal.util.XMLResourceIdentifierImpl
 868:             8            128  com.sun.proxy.$Proxy35
 869:             8            128  com.sun.proxy.$Proxy36
 870:             8            128  com.sun.proxy.$Proxy43
 871:             2            128  java.io.ExpiringCache$1
 872:             4            128  java.net.Inet6Address
 873:             4            128  java.net.Inet6Address$Inet6AddressHolder
 874:             4            128  java.security.MessageDigest$Delegate
 875:             8            128  java.util.stream.AbstractPipeline$$Lambda$85/1151020327
 876:             8            128  java.util.stream.StreamSpliterators$WrappingSpliterator$$Lambda$86/1712536284
 877:             8            128  java.util.stream.StreamSpliterators$WrappingSpliterator$$Lambda$87/606548741
 878:             1            128  org.apache.catalina.core.StandardEngine
 879:             4            128  org.apache.tomcat.util.collections.SynchronizedStack
 880:             2            128  org.springframework.boot.autoconfigure.template.TemplateAvailabilityProviders$1
 881:             4            128  org.springframework.context.annotation.ConditionEvaluator$ConditionContextImpl
 882:             4            128  org.springframework.core.type.filter.AnnotationTypeFilter
 883:             4            128  org.springframework.http.converter.StringHttpMessageConverter
 884:             4            128  org.springframework.util.PropertyPlaceholderHelper
 885:             4            128  org.springframework.web.method.annotation.RequestParamMethodArgumentResolver
 886:             2            128  org.springframework.web.servlet.config.annotation.WebMvcConfigurationSupport$EmptyHandlerMapping
 887:             4            128  sun.misc.ProxyGenerator$FieldInfo
 888:             4            128  sun.nio.ch.ServerSocketAdaptor
 889:             2            128  sun.nio.cs.ext.DoubleByte$Encoder_DBCSONLY
 890:             4            128  sun.security.provider.SecureRandom
 891:             5            120  [Lcom.fasterxml.jackson.databind.deser.KeyDeserializers;
 892:             3            120  [Lorg.springframework.http.HttpMethod;
 893:             5            120  ch.qos.logback.core.pattern.parser.TokenStream$TokenizerState
 894:             5            120  ch.qos.logback.core.subst.Token$Type
 895:             5            120  com.fasterxml.jackson.annotation.Nulls
 896:             5            120  com.fasterxml.jackson.core.util.DefaultIndenter
 897:             5            120  com.fasterxml.jackson.databind.cfg.SerializerFactoryConfig
 898:             5            120  com.sun.org.apache.xalan.internal.utils.FeaturePropertyBase$State
 899:             5            120  com.sun.org.apache.xalan.internal.utils.XMLSecurityManager$State
 900:             3            120  com.sun.org.apache.xerces.internal.impl.dtd.XMLEntityDecl
 901:             1            120  com.sun.org.apache.xerces.internal.jaxp.SAXParserImpl$JAXPSAXParser
 902:             5            120  com.sun.org.apache.xerces.internal.util.PropertyState
 903:             5            120  com.sun.org.apache.xerces.internal.utils.XMLSecurityManager$State
 904:             5            120  com.sun.org.apache.xerces.internal.utils.XMLSecurityPropertyManager$State
 905:             3            120  com.sun.xml.internal.stream.util.BufferAllocator
 906:             3            120  java.lang.invoke.BoundMethodHandle$Species_LL
 907:             5            120  java.time.format.SignStyle
 908:             3            120  java.util.Collections$SingletonMap
 909:             5            120  java.util.concurrent.atomic.AtomicMarkableReference$Pair
 910:             5            120  java.util.stream.ReferencePipeline$3$1
 911:             5            120  java.util.stream.StreamOpFlag$Type
 912:             5            120  javax.servlet.DispatcherType
 913:             5            120  jdk.xml.internal.JdkXmlFeatures$State
 914:             1            120  org.apache.catalina.connector.Connector
 915:             5            120  org.apache.catalina.core.ContainerBase$StartStopThreadFactory
 916:             5            120  org.hibernate.validator.internal.metadata.raw.ConstrainedElement$ConstrainedElementKind
 917:             3            120  org.springframework.beans.factory.annotation.AutowiredAnnotationBeanPostProcessor$AutowiredMethodElement
 918:             5            120  org.springframework.boot.ansi.AnsiStyle
 919:             5            120  org.springframework.boot.autoconfigure.web.servlet.WebMvcAutoConfiguration$EnableWebMvcConfiguration$$FastClassBySpringCGLIB$$982f18bb
 920:             5            120  org.springframework.boot.context.properties.source.ConfigurationPropertyName$$Lambda$46/325333723
 921:             5            120  org.springframework.boot.web.servlet.DispatcherType
 922:             5            120  org.springframework.context.annotation.FilterType
 923:             5            120  org.springframework.core.io.DefaultResourceLoader
 924:             5            120  org.springframework.http.HttpStatus$Series
 925:             3            120  org.springframework.http.converter.xml.Jaxb2RootElementHttpMessageConverter
 926:             5            120  org.springframework.web.accept.ContentNegotiationManager
 927:             3            120  org.springframework.web.accept.ServletPathExtensionContentNegotiationStrategy
 928:             5            120  org.springframework.web.servlet.mvc.condition.ProducesRequestCondition
 929:             3            120  org.springframework.web.servlet.mvc.method.annotation.HttpEntityMethodProcessor
 930:             3            120  org.springframework.web.servlet.mvc.method.annotation.RequestResponseBodyMethodProcessor
 931:             5            120  org.yaml.snakeyaml.DumperOptions$ScalarStyle
 932:             3            120  sun.misc.FloatingDecimal$BinaryToASCIIBuffer
 933:             5            120  sun.misc.FloatingDecimal$PreparedASCIIToBinaryBuffer
 934:             3            120  sun.nio.ch.SocketAdaptor
 935:             5            120  sun.nio.fs.WindowsPathType
 936:             5            120  sun.util.resources.ParallelListResourceBundle$KeySet
 937:             2            112  [Lcom.fasterxml.jackson.core.JsonGenerator$Feature;
 938:             5            112  [Lcom.fasterxml.jackson.databind.deser.ValueInstantiators;
 939:             3            112  [Lcom.sun.org.apache.xerces.internal.util.XMLAttributesImpl$Attribute;
 940:             2            112  [Ljava.lang.invoke.MethodType;
 941:             1            112  [Ljava.time.LocalTime;
 942:             7            112  [Lorg.springframework.asm.Attribute;
 943:             2            112  [Lorg.springframework.boot.autoconfigure.cache.CacheType;
 944:             1            112  [Lorg.yaml.snakeyaml.tokens.Token$ID;
 945:             2            112  com.sun.org.apache.xerces.internal.util.XMLAttributesIteratorImpl
 946:             7            112  com.sun.proxy.$Proxy38
 947:             7            112  com.sun.proxy.$Proxy47
 948:             7            112  com.sun.proxy.$Proxy49
 949:             2            112  java.net.SocketPermission
 950:             1            112  org.apache.catalina.core.StandardServer
 951:             1            112  org.apache.tomcat.util.digester.Digester
 952:             7            112  org.springframework.boot.context.properties.source.SpringConfigurationPropertySources$$Lambda$72/1013423070
 953:             2            112  org.springframework.boot.web.client.RestTemplateBuilder
 954:             1            112  org.springframework.context.annotation.ScannedGenericBeanDefinition
 955:             7            112  org.springframework.core.DefaultParameterNameDiscoverer
 956:             7            112  org.springframework.core.LocalVariableTableParameterNameDiscoverer
 957:             7            112  org.springframework.core.StandardReflectionParameterNameDiscoverer
 958:             7            112  org.springframework.util.ReflectionUtils$$Lambda$163/1847509784
 959:             7            112  org.springframework.web.cors.DefaultCorsProcessor
 960:             1            112  org.springframework.web.servlet.DispatcherServlet
 961:             1            104  ch.qos.logback.classic.LoggerContext
 962:             1            104  org.apache.tomcat.util.net.SocketProperties
 963:             1            104  org.springframework.web.servlet.view.InternalResourceViewResolver
 964:             4             96  [Lcom.fasterxml.jackson.databind.type.TypeModifier;
 965:             2             96  [Lcom.sun.org.apache.xerces.internal.utils.XMLSecurityManager$State;
 966:             4             96  [Ljava.net.InetSocketAddress;
 967:             4             96  [Lorg.apache.logging.log4j.Marker;
 968:             2             96  [Lorg.apache.logging.log4j.spi.StandardLevel;
 969:             2             96  [Lorg.springframework.boot.logging.LogLevel;
 970:             4             96  ch.qos.logback.core.pattern.parser.Token
 971:             4             96  ch.qos.logback.core.subst.Token
 972:             4             96  com.fasterxml.jackson.annotation.JsonCreator$Mode
 973:             4             96  com.fasterxml.jackson.core.JsonFactory$Feature
 974:             4             96  com.fasterxml.jackson.databind.deser.DeserializerCache
 975:             4             96  com.fasterxml.jackson.databind.introspect.SimpleMixInResolver
 976:             4             96  com.fasterxml.jackson.databind.module.SimpleDeserializers
 977:             4             96  com.fasterxml.jackson.databind.ser.SerializerCache
 978:             3             96  com.sun.jmx.mbeanserver.DefaultMXBeanMappingFactory$EnumMapping
 979:             3             96  com.sun.org.apache.xalan.internal.utils.XMLSecurityManager$NameMap
 980:             2             96  com.sun.org.apache.xerces.internal.impl.XMLDocumentFragmentScannerImpl$ElementStack
 981:             1             96  com.sun.org.apache.xerces.internal.impl.dtd.XMLDTDProcessor
 982:             3             96  com.sun.org.apache.xerces.internal.utils.XMLSecurityManager$NameMap
 983:             6             96  com.sun.proxy.$Proxy44
 984:             3             96  java.io.FileOutputStream
 985:             3             96  java.lang.StringCoding$StringDecoder
 986:             2             96  java.lang.ThreadGroup
 987:             4             96  java.lang.ThreadLocal$ThreadLocalMap
 988:             6             96  java.lang.invoke.LambdaFormEditor
 989:             4             96  java.time.format.DateTimeFormatterBuilder$OffsetIdPrinterParser
 990:             4             96  java.time.format.DateTimeFormatterBuilder$SettingsParser
 991:             4             96  java.time.format.FormatStyle
 992:             2             96  java.util.Hashtable$Enumerator
 993:             2             96  java.util.Properties$LineReader
 994:             4             96  java.util.concurrent.ConcurrentLinkedQueue
 995:             3             96  java.util.logging.LogManager$LoggerContext$1
 996:             4             96  java.util.regex.Pattern$7
 997:             4             96  java.util.regex.Pattern$CharProperty$1
 998:             3             96  java.util.stream.FindOps$FindOp
 999:             4             96  java.util.stream.ReferencePipeline$7$1
1000:             4             96  java.util.stream.StreamShape
1001:             4             96  javax.management.NotificationBroadcasterSupport
1002:             2             96  javax.management.openmbean.TabularType
1003:             1             96  org.apache.catalina.authenticator.NonLoginAuthenticator
1004:             2             96  org.apache.catalina.mbeans.NamingResourcesMBean
1005:             4             96  org.apache.catalina.webresources.EmptyResource
1006:             4             96  org.apache.commons.logging.LogFactory$LogApi
1007:             3             96  org.apache.tomcat.util.buf.UDecoder$DecodeException
1008:             3             96  org.apache.tomcat.util.collections.SynchronizedQueue
1009:             4             96  org.apache.tomcat.util.digester.ArrayStack
1010:             4             96  org.apache.tomcat.util.net.AbstractEndpoint$Acceptor$AcceptorState
1011:             2             96  org.apache.tomcat.util.net.NioEndpoint$Poller
1012:             1             96  org.apache.tomcat.util.threads.ThreadPoolExecutor
1013:             1             96  org.apache.tomcat.websocket.server.WsServerContainer
1014:             4             96  org.springframework.beans.ExtendedBeanInfo
1015:             2             96  org.springframework.beans.PropertyValue
1016:             2             96  org.springframework.beans.SimpleTypeConverter
1017:             3             96  org.springframework.beans.factory.support.DefaultListableBeanFactory$DependencyObjectProvider
1018:             4             96  org.springframework.boot.autoconfigure.jmx.JmxAutoConfiguration$$EnhancerBySpringCGLIB$$3f20b4fd$$FastClassBySpringCGLIB$$605a4723
1019:             4             96  org.springframework.boot.autoconfigure.jmx.JmxAutoConfiguration$$FastClassBySpringCGLIB$$e2017fd7
1020:             6             96  org.springframework.boot.convert.CollectionToDelimitedStringConverter
1021:             6             96  org.springframework.cglib.core.DebuggingClassWriter$1
1022:             6             96  org.springframework.cglib.core.DuplicatesPredicate
1023:             6             96  org.springframework.cglib.core.EmitUtils$11
1024:             6             96  org.springframework.cglib.core.ReflectUtils$4
1025:             6             96  org.springframework.cglib.reflect.FastClassEmitter$1
1026:             4             96  org.springframework.context.annotation.AnnotationScopeMetadataResolver
1027:             4             96  org.springframework.context.annotation.ScopedProxyMode
1028:             4             96  org.springframework.core.SimpleAliasRegistry$$Lambda$176/249155636
1029:             4             96  org.springframework.core.convert.support.GenericConversionService$Converters
1030:             4             96  org.springframework.core.env.PropertySource$StubPropertySource
1031:             4             96  org.springframework.http.converter.ResourceRegionHttpMessageConverter
1032:             1             96  org.springframework.http.converter.json.Jackson2ObjectMapperBuilder
1033:             3             96  org.springframework.http.converter.xml.SourceHttpMessageConverter
1034:             4             96  org.springframework.util.ConcurrentReferenceHashMap$TaskOption
1035:             4             96  org.springframework.web.method.annotation.ModelAttributeMethodProcessor
1036:             3             96  org.springframework.web.servlet.handler.AbstractHandlerMethodMapping$MappingRegistration
1037:             3             96  org.springframework.web.servlet.mvc.condition.PatternsRequestCondition
1038:             3             96  org.springframework.web.servlet.resource.PathResourceResolver
1039:             4             96  org.yaml.snakeyaml.nodes.NodeId
1040:             2             96  sun.management.GarbageCollectorImpl
1041:             1             96  sun.misc.Launcher$AppClassLoader
1042:             3             96  sun.nio.ch.AllocatedNativeObject
1043:             3             96  sun.nio.ch.PollArrayWrapper
1044:             3             96  sun.nio.ch.WindowsSelectorImpl$SubSelector
1045:             4             96  sun.security.jca.GetInstance$Instance
1046:             1             96  sun.security.jca.ProviderList$1
1047:             1             96  sun.security.provider.Sun
1048:             3             96  sun.util.locale.provider.LocaleResources
1049:             3             96  sun.util.locale.provider.LocaleServiceProviderPool
1050:             2             88  [Ljava.nio.file.attribute.PosixFilePermission;
1051:             1             88  [Lorg.springframework.boot.ansi.AnsiColor;
1052:             4             88  [Lorg.springframework.core.MethodParameter;
1053:             1             88  org.springframework.boot.autoconfigure.web.ServerProperties$Tomcat
1054:             1             88  org.springframework.boot.autoconfigure.web.servlet.WebMvcAutoConfiguration$EnableWebMvcConfiguration$$EnhancerBySpringCGLIB$$2aa29661
1055:             1             88  org.springframework.boot.loader.LaunchedURLClassLoader
1056:             1             88  org.springframework.jmx.export.annotation.AnnotationMBeanExporter
1057:             1             88  org.springframework.web.servlet.mvc.method.annotation.RequestMappingHandlerMapping
1058:             1             88  sun.misc.Launcher$ExtClassLoader
1059:             1             88  sun.nio.cs.CharsetMapping
1060:             2             80  [F
1061:             1             80  [Ljava.nio.ByteBuffer;
1062:             1             80  [Ljava.time.temporal.ChronoUnit;
1063:             2             80  [Ljava.util.stream.StreamOpFlag$Type;
1064:             2             80  [Ljavax.servlet.DispatcherType;
1065:             2             80  [Ljavax.validation.executable.ExecutableType;
1066:             1             80  [Ljavax.websocket.CloseReason$CloseCodes;
1067:             2             80  [Lorg.springframework.context.annotation.FilterType;
1068:             4             80  [Lorg.springframework.core.annotation.AnnotationAttributes;
1069:             2             80  [Lorg.springframework.http.HttpStatus$Series;
1070:             2             80  [[S
1071:             5             80  com.fasterxml.jackson.databind.deser.BeanDeserializerFactory
1072:             5             80  com.fasterxml.jackson.databind.ser.BeanSerializerFactory
1073:             5             80  com.fasterxml.jackson.databind.type.TypeParser
1074:             2             80  com.sun.jmx.mbeanserver.DefaultMXBeanMappingFactory$TabularMapping
1075:             2             80  com.sun.org.apache.xerces.internal.impl.XMLDocumentFragmentScannerImpl$ElementStack2
1076:             2             80  com.sun.org.apache.xerces.internal.impl.dtd.XMLDTDDescription
1077:             2             80  com.sun.org.apache.xerces.internal.impl.validation.ValidationState
1078:             5             80  com.sun.proxy.$Proxy56
1079:             2             80  java.io.BufferedInputStream
1080:             2             80  java.io.BufferedWriter
1081:             2             80  java.io.ExpiringCache
1082:             5             80  java.util.Collections$UnmodifiableMap$UnmodifiableEntrySet
1083:             5             80  java.util.EnumMap$EntrySet
1084:             5             80  java.util.Hashtable$EntrySet
1085:             2             80  java.util.Locale$Category
1086:             5             80  java.util.concurrent.atomic.AtomicMarkableReference
1087:             2             80  java.util.regex.Pattern$Loop
1088:             2             80  jdk.xml.internal.JdkXmlFeatures$XmlFeature
1089:             1             80  org.apache.catalina.startup.Tomcat$1
1090:             1             80  org.apache.catalina.webresources.StandardRoot
1091:             2             80  org.hibernate.validator.internal.metadata.core.AnnotationProcessingOptionsImpl
1092:             2             80  org.springframework.boot.context.properties.bind.Binder$Context
1093:             2             80  org.springframework.context.event.SimpleApplicationEventMulticaster
1094:             1             80  org.springframework.context.support.PropertySourcesPlaceholderConfigurer
1095:             5             80  org.springframework.web.accept.HeaderContentNegotiationStrategy
1096:             1             80  org.springframework.web.servlet.handler.BeanNameUrlHandlerMapping
1097:             1             80  org.springframework.web.servlet.mvc.method.annotation.ExceptionHandlerExceptionResolver
1098:             2             80  sun.management.MemoryManagerImpl
1099:             2             80  sun.misc.Cleaner
1100:             2             80  sun.misc.URLClassPath$1
1101:             1             80  sun.net.www.protocol.jar.URLJarFile
1102:             1             72  [Ljava.lang.invoke.LambdaFormEditor$Transform$Kind;
1103:             1             72  [Ljavax.management.openmbean.SimpleType;
1104:             3             72  [Ljavax.validation.constraintvalidation.ValidationTarget;
1105:             2             72  [Lorg.springframework.boot.web.servlet.DispatcherType;
1106:             2             72  [Lsun.security.jca.ProviderConfig;
1107:             1             72  ch.qos.logback.core.ConsoleAppender
1108:             3             72  ch.qos.logback.core.pattern.FormatInfo
1109:             3             72  ch.qos.logback.core.spi.FilterReply
1110:             3             72  ch.qos.logback.core.subst.Tokenizer$TokenizerState
1111:             3             72  com.fasterxml.jackson.databind.PropertyName
1112:             3             72  com.fasterxml.jackson.databind.ser.std.NumberSerializer
1113:             3             72  com.fasterxml.jackson.datatype.jsr310.deser.JSR310StringParsableDeserializer
1114:             1             72  com.fasterxml.jackson.module.paramnames.ParameterNamesModule
1115:             3             72  java.lang.annotation.RetentionPolicy
1116:             3             72  java.security.SecurityPermission
1117:             3             72  java.time.format.ResolverStyle
1118:             3             72  java.util.Currency
1119:             1             72  java.util.ResourceBundle$RBClassLoader
1120:             3             72  java.util.logging.LogManager$5
1121:             1             72  java.util.logging.LogManager$RootLogger
1122:             3             72  java.util.regex.Pattern$Prolog
1123:             3             72  java.util.stream.Collector$Characteristics
1124:             3             72  java.util.stream.FindOps$FindSink$OfRef
1125:             3             72  java.util.stream.MatchOps$MatchKind
1126:             3             72  javax.servlet.SessionTrackingMode
1127:             1             72  org.apache.catalina.core.StandardService
1128:             3             72  org.apache.tomcat.util.net.AbstractEndpoint$BindState
1129:             3             72  org.hibernate.validator.internal.metadata.raw.ConfigurationSource
1130:             3             72  org.hibernate.validator.internal.util.ConcurrentReferenceHashMap$ReferenceType
1131:             3             72  org.hibernate.validator.resourceloading.PlatformResourceBundleLocator
1132:             3             72  org.springframework.beans.factory.annotation.Autowire
1133:             3             72  org.springframework.beans.factory.config.EmbeddedValueResolver
1134:             3             72  org.springframework.beans.factory.config.YamlProcessor$ResolutionMethod
1135:             3             72  org.springframework.boot.Banner$Mode
1136:             1             72  org.springframework.boot.SpringApplication
1137:             3             72  org.springframework.boot.WebApplicationType
1138:             3             72  org.springframework.boot.ansi.AnsiOutput$Enabled
1139:             3             72  org.springframework.boot.autoconfigure.condition.ConditionalOnWebApplication$Type
1140:             3             72  org.springframework.boot.autoconfigure.condition.SearchStrategy
1141:             3             72  org.springframework.boot.autoconfigure.web.ErrorProperties$IncludeStacktrace
1142:             1             72  org.springframework.boot.autoconfigure.web.ServerProperties
1143:             3             72  org.springframework.boot.autoconfigure.web.servlet.WebMvcAutoConfiguration$WebMvcAutoConfigurationAdapter$$EnhancerBySpringCGLIB$$cca66146$$FastClassBySpringCGLIB$$5e881c8b
1144:             3             72  org.springframework.boot.autoconfigure.web.servlet.WebMvcAutoConfiguration$WebMvcAutoConfigurationAdapter$$FastClassBySpringCGLIB$$99958c00
1145:             1             72  org.springframework.boot.autoconfigure.web.servlet.WelcomePageHandlerMapping
1146:             3             72  org.springframework.boot.autoconfigure.web.servlet.error.ErrorMvcAutoConfiguration$$EnhancerBySpringCGLIB$$eb614b66$$FastClassBySpringCGLIB$$30eab01f
1147:             3             72  org.springframework.boot.autoconfigure.web.servlet.error.ErrorMvcAutoConfiguration$$FastClassBySpringCGLIB$$75715220
1148:             3             72  org.springframework.boot.context.properties.source.ConfigurationPropertyState
1149:             1             72  org.springframework.boot.jackson.JsonComponentModule
1150:             3             72  org.springframework.boot.loader.jar.JarFile$JarFileType
1151:             3             72  org.springframework.boot.origin.TextResourceOrigin
1152:             3             72  org.springframework.boot.origin.TextResourceOrigin$Location
1153:             3             72  org.springframework.core.NamedThreadLocal
1154:             3             72  org.springframework.core.env.MapPropertySource
1155:             3             72  org.springframework.core.env.MutablePropertySources
1156:             3             72  org.springframework.core.type.classreading.CachingMetadataReaderFactory
1157:             3             72  org.springframework.expression.spel.SpelCompilerMode
1158:             3             72  org.springframework.format.datetime.standard.DateTimeFormatterRegistrar$Type
1159:             3             72  org.springframework.http.converter.ByteArrayHttpMessageConverter
1160:             3             72  org.springframework.jmx.support.RegistrationPolicy
1161:             3             72  org.springframework.util.LinkedCaseInsensitiveMap
1162:             3             72  org.springframework.web.context.support.ServletContextResource
1163:             3             72  org.springframework.web.method.support.HandlerMethodArgumentResolverComposite
1164:             3             72  org.springframework.web.servlet.mvc.method.annotation.RequestAttributeMethodArgumentResolver
1165:             3             72  org.springframework.web.servlet.mvc.method.annotation.SessionAttributeMethodArgumentResolver
1166:             3             72  org.yaml.snakeyaml.DumperOptions$FlowStyle
1167:             3             72  org.yaml.snakeyaml.DumperOptions$LineBreak
1168:             3             72  org.yaml.snakeyaml.introspector.BeanAccess
1169:             3             72  sun.misc.FloatingDecimal$ExceptionalBinaryToASCIIBuffer
1170:             3             72  sun.nio.ch.PipeImpl
1171:             3             72  sun.nio.ch.PipeImpl$Initializer
1172:             3             72  sun.nio.ch.WindowsSelectorImpl$FinishLock
1173:             3             72  sun.nio.ch.WindowsSelectorImpl$StartLock
1174:             3             72  sun.security.provider.PolicyFile$PolicyEntry
1175:             1             72  sun.util.locale.provider.JRELocaleProviderAdapter
1176:             2             64  [Lcom.sun.org.apache.xerces.internal.impl.XMLEntityManager$CharacterBuffer;
1177:             2             64  [Lcom.sun.org.apache.xerces.internal.utils.XMLSecurityPropertyManager$State;
1178:             2             64  [Ljava.lang.annotation.RetentionPolicy;
1179:             2             64  [Ljava.lang.invoke.LambdaFormEditor$Transform;
1180:             2             64  [Ljava.util.stream.Collector$Characteristics;
1181:             2             64  [Ljavax.servlet.SessionTrackingMode;
1182:             1             64  [Lorg.apache.catalina.LifecycleState;
1183:             3             64  [Lorg.apache.catalina.connector.Connector;
1184:             2             64  [Lorg.springframework.beans.factory.annotation.Autowire;
1185:             2             64  [Lorg.springframework.boot.autoconfigure.condition.ConditionalOnWebApplication$Type;
1186:             2             64  [Lorg.springframework.boot.autoconfigure.condition.SearchStrategy;
1187:             2             64  [Lorg.springframework.context.annotation.ScopedProxyMode;
1188:             2             64  [Lorg.springframework.format.datetime.standard.DateTimeFormatterRegistrar$Type;
1189:             2             64  [Lorg.yaml.snakeyaml.nodes.NodeId;
1190:             1             64  [Lsun.reflect.annotation.TypeAnnotation$TypeAnnotationTarget;
1191:             1             64  ch.qos.logback.classic.PatternLayout
1192:             2             64  ch.qos.logback.core.joran.spi.ConsoleTarget
1193:             2             64  ch.qos.logback.core.util.COWArrayList
1194:             2             64  ch.qos.logback.core.util.CachingDateFormatter
1195:             1             64  com.fasterxml.classmate.util.ResolvedTypeCache$CacheMap
1196:             2             64  com.fasterxml.jackson.core.io.SerializedString
1197:             4             64  com.fasterxml.jackson.databind.introspect.BasicClassIntrospector
1198:             4             64  com.fasterxml.jackson.databind.jsontype.impl.StdSubtypeResolver
1199:             4             64  com.fasterxml.jackson.databind.module.SimpleKeyDeserializers
1200:             2             64  com.fasterxml.jackson.databind.ser.std.NumberSerializers$DoubleSerializer
1201:             2             64  com.fasterxml.jackson.databind.ser.std.NumberSerializers$IntegerSerializer
1202:             2             64  com.fasterxml.jackson.databind.ser.std.NumberSerializers$LongSerializer
1203:             4             64  com.fasterxml.jackson.databind.util.RootNameLookup
1204:             4             64  com.fasterxml.jackson.datatype.jdk8.Jdk8Deserializers
1205:             4             64  com.fasterxml.jackson.datatype.jdk8.Jdk8Serializers
1206:             4             64  com.fasterxml.jackson.datatype.jdk8.Jdk8TypeModifier
1207:             4             64  com.fasterxml.jackson.datatype.jsr310.JavaTimeModule$1
1208:             2             64  com.sun.jmx.mbeanserver.DefaultMXBeanMappingFactory$CollectionMapping
1209:             2             64  com.sun.org.apache.xalan.internal.utils.XMLSecurityPropertyManager$Property
1210:             1             64  com.sun.org.apache.xerces.internal.impl.XMLEntityScanner
1211:             2             64  com.sun.org.apache.xerces.internal.impl.dtd.XMLElementDecl
1212:             2             64  com.sun.org.apache.xerces.internal.jaxp.SAXParserFactoryImpl
1213:             2             64  com.sun.org.apache.xerces.internal.utils.XMLSecurityPropertyManager$Property
1214:             4             64  com.sun.proxy.$Proxy12
1215:             4             64  com.sun.proxy.$Proxy29
1216:             4             64  com.sun.proxy.$Proxy40
1217:             4             64  com.sun.proxy.$Proxy41
1218:             4             64  com.sun.proxy.$Proxy48
1219:             4             64  com.sun.proxy.$Proxy51
1220:             4             64  com.sun.proxy.$Proxy52
1221:             4             64  com.sun.proxy.$Proxy8
1222:             2             64  java.io.PrintStream
1223:             2             64  java.lang.ClassValue$Entry
1224:             2             64  java.lang.StringCoding$StringEncoder
1225:             2             64  java.lang.VirtualMachineError
1226:             2             64  java.lang.ref.ReferenceQueue$Null
1227:             2             64  java.security.BasicPermissionCollection
1228:             2             64  java.time.format.DateTimeFormatterBuilder$TextPrinterParser
1229:             2             64  java.time.temporal.IsoFields$Unit
1230:             4             64  java.util.Optional
1231:             2             64  java.util.Random
1232:             2             64  java.util.concurrent.CountDownLatch$Sync
1233:             1             64  org.apache.catalina.core.ApplicationContext
1234:             1             64  org.apache.catalina.loader.WebappLoader
1235:             1             64  org.apache.catalina.mapper.Mapper$ContextVersion
1236:             1             64  org.apache.catalina.servlets.DefaultServlet
1237:             1             64  org.apache.catalina.webresources.DirResourceSet
1238:             2             64  org.apache.logging.log4j.util.PropertiesUtil$Environment
1239:             1             64  org.springframework.aop.framework.ProxyFactory
1240:             4             64  org.springframework.beans.ExtendedBeanInfo$PropertyDescriptorComparator
1241:             1             64  org.springframework.beans.factory.config.DependencyDescriptor$1
1242:             2             64  org.springframework.beans.factory.support.BeanDefinitionDefaults
1243:             2             64  org.springframework.beans.factory.support.BeanDefinitionValueResolver
1244:             1             64  org.springframework.beans.factory.support.DefaultListableBeanFactory$DependencyObjectProvider$2
1245:             1             64  org.springframework.beans.factory.support.DefaultListableBeanFactory$DependencyObjectProvider$3
1246:             1             64  org.springframework.beans.factory.support.DefaultListableBeanFactory$MultiElementDescriptor
1247:             1             64  org.springframework.boot.autoconfigure.web.servlet.WebMvcProperties
1248:             4             64  org.springframework.boot.context.properties.FilteredPropertySources$$Lambda$187/2005167404
1249:             4             64  org.springframework.boot.context.properties.source.ConfigurationPropertyName$ElementValidator
1250:             1             64  org.springframework.context.annotation.CommonAnnotationBeanPostProcessor
1251:             4             64  org.springframework.context.annotation.ConditionEvaluator
1252:             1             64  org.springframework.context.annotation.ConfigurationClassParser
1253:             1             64  org.springframework.context.annotation.ConfigurationClassPostProcessor
1254:             4             64  org.springframework.core.convert.support.CollectionToArrayConverter
1255:             4             64  org.springframework.core.convert.support.CollectionToStringConverter
1256:             1             64  org.springframework.core.type.classreading.CachingMetadataReaderFactory$LocalResourceCache
1257:             2             64  org.springframework.expression.spel.SpelParserConfiguration
1258:             4             64  org.springframework.format.datetime.DateFormatterRegistrar$CalendarToDateConverter
1259:             4             64  org.springframework.format.datetime.DateFormatterRegistrar$CalendarToLongConverter
1260:             4             64  org.springframework.format.datetime.DateFormatterRegistrar$DateToCalendarConverter
1261:             4             64  org.springframework.format.datetime.DateFormatterRegistrar$DateToLongConverter
1262:             4             64  org.springframework.format.datetime.DateFormatterRegistrar$LongToCalendarConverter
1263:             4             64  org.springframework.format.datetime.DateFormatterRegistrar$LongToDateConverter
1264:             2             64  org.springframework.http.converter.support.AllEncompassingFormHttpMessageConverter
1265:             2             64  org.springframework.web.context.support.StandardServletEnvironment
1266:             4             64  org.springframework.web.method.annotation.ModelMethodProcessor
1267:             4             64  org.springframework.web.servlet.mvc.condition.ConsumesRequestCondition
1268:             4             64  org.springframework.web.servlet.mvc.condition.HeadersRequestCondition
1269:             4             64  org.springframework.web.servlet.mvc.condition.RequestMethodsRequestCondition
1270:             1             64  org.springframework.web.servlet.view.AbstractCachingViewResolver$2
1271:             4             64  sun.reflect.annotation.AnnotationInvocationHandler$1
1272:             1             56  [Lcom.fasterxml.jackson.annotation.JsonFormat$Shape;
1273:             1             56  [Lcom.sun.org.apache.xalan.internal.utils.XMLSecurityManager$Limit;
1274:             1             56  [Lcom.sun.org.apache.xerces.internal.impl.XMLScanner$NameType;
1275:             1             56  [Lcom.sun.org.apache.xerces.internal.utils.XMLSecurityManager$Limit;
1276:             1             56  [Ljava.lang.Runnable;
1277:             1             56  [Ljava.text.Format;
1278:             1             56  [Ljava.util.Map;
1279:             3             56  [Lorg.springframework.context.annotation.ComponentScan$Filter;
1280:             1             56  [Lorg.yaml.snakeyaml.events.Event$ID;
1281:             1             56  [Lsun.util.logging.PlatformLogger$Level;
1282:             1             56  [[I
1283:             1             56  ch.qos.logback.classic.encoder.PatternLayoutEncoder
1284:             1             56  com.fasterxml.classmate.types.ResolvedObjectType
1285:             1             56  com.fasterxml.jackson.datatype.jsr310.ser.ZonedDateTimeSerializer
1286:             1             56  com.sun.org.apache.xerces.internal.jaxp.SAXParserImpl
1287:             1             56  java.util.logging.LogManager
1288:             1             56  java.util.zip.ZipFile$ZipFileInputStream
1289:             1             56  org.apache.catalina.valves.ErrorReportValve
1290:             1             56  org.apache.catalina.webresources.Cache
1291:             1             56  org.apache.coyote.RequestGroupInfo
1292:             1             56  org.apache.tomcat.util.net.NioSelectorPool
1293:             1             56  org.apache.tomcat.util.scan.StandardJarScanFilter
1294:             1             56  org.apache.tomcat.util.threads.TaskQueue
1295:             1             56  org.hibernate.validator.internal.engine.ValidatorFactoryImpl
1296:             1             56  org.hibernate.validator.internal.xml.config.BootstrapConfigurationImpl
1297:             1             56  org.springframework.boot.autoconfigure.jackson.JacksonProperties
1298:             1             56  org.springframework.boot.autoconfigure.web.ResourceProperties$Cache$Cachecontrol
1299:             1             56  org.springframework.boot.autoconfigure.web.servlet.DispatcherServletRegistrationBean
1300:             1             56  org.springframework.boot.autoconfigure.web.servlet.WebMvcAutoConfiguration$WebMvcAutoConfigurationAdapter$$EnhancerBySpringCGLIB$$cca66146
1301:             1             56  org.springframework.expression.spel.support.StandardEvaluationContext
1302:             1             56  org.springframework.http.CacheControl
1303:             1             56  org.springframework.util.StopWatch
1304:             1             56  org.springframework.validation.beanvalidation.LocalValidatorFactoryBean
1305:             1             56  org.springframework.validation.beanvalidation.MethodValidationPostProcessor
1306:             1             56  org.springframework.web.servlet.view.ContentNegotiatingViewResolver
1307:             1             56  sun.nio.cs.ext.DoubleByte$Decoder
1308:             3             48  [Lcom.fasterxml.classmate.ResolvedType;
1309:             1             48  [Lcom.fasterxml.jackson.annotation.JsonInclude$Include;
1310:             3             48  [Lcom.fasterxml.jackson.databind.JavaType;
1311:             1             48  [Lcom.sun.beans.util.Cache$CacheEntry;
1312:             1             48  [Lcom.sun.management.VMOption$Origin;
1313:             1             48  [Ljava.beans.WeakIdentityMap$Entry;
1314:             1             48  [Ljava.lang.invoke.MethodHandleImpl$Intrinsic;
1315:             1             48  [Ljava.math.RoundingMode;
1316:             2             48  [Ljava.util.Enumeration;
1317:             1             48  [Ljava.util.concurrent.TimeUnit;
1318:             3             48  [Lorg.apache.catalina.mapper.Mapper$MappedWrapper;
1319:             2             48  [Lorg.hibernate.validator.internal.util.ConcurrentReferenceHashMap$Option;
1320:             2             48  [Lorg.springframework.boot.context.properties.source.ConfigurationPropertySource;
1321:             1             48  [Lorg.springframework.cglib.proxy.CallbackInfo;
1322:             2             48  [Lorg.springframework.context.annotation.MBeanExportConfiguration$SpecificPlatform;
1323:             1             48  [[Ljava.lang.Object;
1324:             1             48  ch.qos.logback.classic.pattern.DateConverter
1325:             3             48  ch.qos.logback.core.spi.LogbackLock
1326:             2             48  ch.qos.logback.core.subst.Node$Type
1327:             1             48  com.fasterxml.jackson.databind.cfg.ConfigOverride$Empty
1328:             2             48  com.fasterxml.jackson.databind.introspect.AnnotationIntrospectorPair
1329:             2             48  com.fasterxml.jackson.databind.ser.std.BooleanSerializer
1330:             1             48  com.fasterxml.jackson.databind.util.StdDateFormat
1331:             1             48  com.fasterxml.jackson.datatype.jsr310.ser.InstantSerializer
1332:             1             48  com.fasterxml.jackson.datatype.jsr310.ser.OffsetDateTimeSerializer
1333:             2             48  com.sun.jmx.mbeanserver.ClassLoaderRepositorySupport$LoaderEntry
1334:             1             48  com.sun.jmx.mbeanserver.DefaultMXBeanMappingFactory$Mappings
1335:             1             48  com.sun.jmx.mbeanserver.MBeanIntrospector$MBeanInfoMap
1336:             1             48  com.sun.jmx.mbeanserver.MBeanIntrospector$PerInterfaceMap
1337:             2             48  com.sun.jmx.mbeanserver.WeakIdentityHashMap
1338:             2             48  com.sun.org.apache.xerces.internal.impl.dtd.DTDGrammarBucket
1339:             2             48  com.sun.org.apache.xerces.internal.impl.dtd.XMLAttributeDecl
1340:             3             48  com.sun.org.apache.xerces.internal.impl.dv.dtd.ListDatatypeValidator
1341:             1             48  com.sun.org.apache.xerces.internal.util.XMLAttributesImpl
1342:             3             48  com.sun.proxy.$Proxy42
1343:             2             48  java.io.BufferedOutputStream
1344:             1             48  java.io.Console
1345:             1             48  java.io.Console$3
1346:             1             48  java.io.Console$LineReader
1347:             2             48  java.io.File$PathStatus
1348:             2             48  java.io.OutputStreamWriter
1349:             1             48  java.lang.ProcessEnvironment
1350:             1             48  java.lang.invoke.BoundMethodHandle$Species_L4
1351:             2             48  java.lang.reflect.ReflectPermission
1352:             2             48  java.net.InetAddress$Cache
1353:             2             48  java.net.InetAddress$Cache$Type
1354:             2             48  java.net.InetAddress$CacheEntry
1355:             2             48  java.net.StandardProtocolFamily
1356:             2             48  java.net.URLClassLoader$3
1357:             3             48  java.nio.channels.spi.AbstractSelector$1
1358:             2             48  java.nio.charset.CoderResult
1359:             3             48  java.nio.charset.CodingErrorAction
1360:             3             48  java.text.AttributedCharacterIterator$Attribute
1361:             2             48  java.time.format.DateTimeFormatterBuilder$1
1362:             3             48  java.time.format.DateTimeFormatterBuilder$StringLiteralPrinterParser
1363:             2             48  java.time.format.DateTimeFormatterBuilder$ZoneIdPrinterParser
1364:             2             48  java.time.format.DateTimeTextProvider$LocaleStore
1365:             2             48  java.util.Collections$UnmodifiableMap$UnmodifiableEntrySet$1
1366:             3             48  java.util.Hashtable$KeySet
1367:             3             48  java.util.concurrent.ConcurrentHashMap$ValuesView
1368:             1             48  java.util.concurrent.ConcurrentSkipListMap
1369:             1             48  java.util.concurrent.locks.ReentrantReadWriteLock$FairSync
1370:             2             48  java.util.logging.Logger$LoggerBundle
1371:             2             48  java.util.regex.Pattern$SliceI
1372:             2             48  java.util.stream.MatchOps$$Lambda$62/668849042
1373:             2             48  java.util.stream.MatchOps$1MatchSink
1374:             2             48  java.util.stream.MatchOps$MatchOp
1375:             2             48  javax.el.ExpressionFactory$CacheValue
1376:             2             48  javax.el.Util$CacheValue
1377:             2             48  javax.validation.constraintvalidation.ValidationTarget
1378:             1             48  org.apache.catalina.core.DefaultInstanceManager
1379:             1             48  org.apache.catalina.core.StandardContextValve
1380:             1             48  org.apache.catalina.core.StandardEngineValve
1381:             1             48  org.apache.catalina.core.StandardHostValve
1382:             2             48  org.apache.catalina.core.StandardWrapperFacade
1383:             1             48  org.apache.catalina.mapper.MapperListener
1384:             3             48  org.apache.catalina.realm.RealmBase$AllRolesMode
1385:             1             48  org.apache.catalina.startup.Tomcat
1386:             1             48  org.apache.catalina.util.StandardSessionIdGenerator
1387:             2             48  org.apache.catalina.util.URLEncoder
1388:             1             48  org.apache.logging.log4j.simple.SimpleLogger
1389:             1             48  org.apache.logging.log4j.status.StatusLogger
1390:             1             48  org.apache.logging.slf4j.SLF4JProvider
1391:             1             48  org.apache.tomcat.util.digester.CallMethodRule
1392:             1             48  org.hibernate.validator.internal.engine.ValidatorFactoryImpl$ValidatorFactoryScopedContext
1393:             1             48  org.hibernate.validator.internal.engine.ValidatorImpl
1394:             1             48  org.hibernate.validator.internal.metadata.BeanMetaDataManager
1395:             2             48  org.hibernate.validator.internal.metadata.descriptor.ConstraintDescriptorImpl$ConstraintType
1396:             1             48  org.hibernate.validator.messageinterpolation.ResourceBundleMessageInterpolator
1397:             1             48  org.springframework.beans.factory.annotation.AutowiredAnnotationBeanPostProcessor
1398:             3             48  org.springframework.boot.autoconfigure.cache.CacheCondition
1399:             2             48  org.springframework.boot.autoconfigure.condition.OnResourceCondition
1400:             2             48  org.springframework.boot.autoconfigure.freemarker.FreeMarkerTemplateAvailabilityProvider
1401:             2             48  org.springframework.boot.autoconfigure.groovy.template.GroovyTemplateAvailabilityProvider
1402:             2             48  org.springframework.boot.autoconfigure.http.HttpEncodingProperties$Type
1403:             2             48  org.springframework.boot.autoconfigure.template.TemplateAvailabilityProviders
1404:             1             48  org.springframework.boot.autoconfigure.web.ServerProperties$Jetty$Accesslog
1405:             1             48  org.springframework.boot.autoconfigure.web.ServerProperties$Undertow
1406:             1             48  org.springframework.boot.autoconfigure.web.servlet.DispatcherServletAutoConfiguration$DispatcherServletRegistrationConfiguration$$EnhancerBySpringCGLIB$$71bc6a51
1407:             2             48  org.springframework.boot.autoconfigure.web.servlet.HttpEncodingAutoConfiguration$$EnhancerBySpringCGLIB$$9309fc83$$FastClassBySpringCGLIB$$5f78b8d7
1408:             2             48  org.springframework.boot.autoconfigure.web.servlet.HttpEncodingAutoConfiguration$$FastClassBySpringCGLIB$$8e591c9d
1409:             2             48  org.springframework.boot.autoconfigure.web.servlet.MultipartAutoConfiguration$$EnhancerBySpringCGLIB$$1fa8490$$FastClassBySpringCGLIB$$d592fa70
1410:             2             48  org.springframework.boot.autoconfigure.web.servlet.MultipartAutoConfiguration$$FastClassBySpringCGLIB$$e81ad00a
1411:             2             48  org.springframework.boot.autoconfigure.web.servlet.ServletWebServerFactoryAutoConfiguration$$EnhancerBySpringCGLIB$$af6e6d44$$FastClassBySpringCGLIB$$1d94977d
1412:             2             48  org.springframework.boot.autoconfigure.web.servlet.ServletWebServerFactoryAutoConfiguration$$FastClassBySpringCGLIB$$36b2d63e
1413:             2             48  org.springframework.boot.autoconfigure.web.servlet.WebMvcAutoConfiguration$$EnhancerBySpringCGLIB$$f3f78458$$FastClassBySpringCGLIB$$2941dd24
1414:             2             48  org.springframework.boot.autoconfigure.web.servlet.WebMvcAutoConfiguration$$FastClassBySpringCGLIB$$1a49ed2
1415:             2             48  org.springframework.boot.autoconfigure.web.servlet.WebMvcAutoConfiguration$WebMvcAutoConfigurationAdapter$FaviconConfiguration$$EnhancerBySpringCGLIB$$88e3698c$$FastClassBySpringCGLIB$$d0bc1d0f
1416:             2             48  org.springframework.boot.autoconfigure.web.servlet.WebMvcAutoConfiguration$WebMvcAutoConfigurationAdapter$FaviconConfiguration$$FastClassBySpringCGLIB$$63819186
1417:             2             48  org.springframework.boot.autoconfigure.web.servlet.WebMvcProperties$LocaleResolver
1418:             1             48  org.springframework.boot.autoconfigure.web.servlet.error.ErrorMvcAutoConfiguration$$EnhancerBySpringCGLIB$$eb614b66
1419:             2             48  org.springframework.boot.autoconfigure.web.servlet.error.ErrorMvcAutoConfiguration$WhitelabelErrorViewConfiguration$$EnhancerBySpringCGLIB$$ca9531de$$FastClassBySpringCGLIB$$5d311bfa
1420:             2             48  org.springframework.boot.autoconfigure.web.servlet.error.ErrorMvcAutoConfiguration$WhitelabelErrorViewConfiguration$$FastClassBySpringCGLIB$$aa49e198
1421:             2             48  org.springframework.boot.context.properties.bind.BindConverter$TypeConverterConversionService
1422:             2             48  org.springframework.boot.context.properties.source.ConfigurationPropertyName$Form
1423:             2             48  org.springframework.boot.context.properties.source.SpringConfigurationPropertySource
1424:             2             48  org.springframework.boot.context.properties.source.SpringConfigurationPropertySources
1425:             3             48  org.springframework.boot.convert.ArrayToDelimitedStringConverter
1426:             3             48  org.springframework.boot.convert.DelimitedStringToArrayConverter
1427:             3             48  org.springframework.boot.convert.DelimitedStringToCollectionConverter
1428:             1             48  org.springframework.boot.logging.logback.ExtendedWhitespaceThrowableProxyConverter
1429:             2             48  org.springframework.boot.origin.OriginTrackedValue$OriginTrackedCharSequence
1430:             1             48  org.springframework.boot.web.embedded.tomcat.LazySessionIdGenerator
1431:             1             48  org.springframework.boot.web.servlet.filter.OrderedCharacterEncodingFilter
1432:             1             48  org.springframework.boot.web.servlet.filter.OrderedHiddenHttpMethodFilter
1433:             1             48  org.springframework.boot.web.servlet.filter.OrderedHttpPutFormContentFilter
1434:             1             48  org.springframework.boot.web.servlet.filter.OrderedRequestContextFilter
1435:             3             48  org.springframework.cglib.core.AbstractClassGenerator$Source
1436:             3             48  org.springframework.context.annotation.AnnotationBeanNameGenerator
1437:             2             48  org.springframework.context.annotation.ConfigurationCondition$ConfigurationPhase
1438:             2             48  org.springframework.context.support.ApplicationListenerDetector
1439:             2             48  org.springframework.core.Constants
1440:             2             48  org.springframework.core.ResolvableType$SyntheticParameterizedType
1441:             2             48  org.springframework.core.ResolvableType$TypeVariablesVariableResolver
1442:             2             48  org.springframework.core.ResolvableType$WildcardBounds$Kind
1443:             2             48  org.springframework.core.convert.support.ArrayToArrayConverter
1444:             2             48  org.springframework.core.io.UrlResource
1445:             1             48  org.springframework.core.task.SimpleAsyncTaskExecutor
1446:             1             48  org.springframework.core.type.classreading.AnnotationAttributesReadingVisitor
1447:             2             48  org.springframework.expression.TypedValue
1448:             2             48  org.springframework.util.ConcurrentReferenceHashMap$ReferenceType
1449:             2             48  org.springframework.util.ConcurrentReferenceHashMap$Restructure
1450:             1             48  org.springframework.web.accept.ContentNegotiationManagerFactoryBean
1451:             2             48  org.springframework.web.method.annotation.ExpressionValueMethodArgumentResolver
1452:             3             48  org.springframework.web.method.annotation.MapMethodProcessor
1453:             2             48  org.springframework.web.method.support.HandlerMethodReturnValueHandlerComposite
1454:             3             48  org.springframework.web.servlet.mvc.condition.ParamsRequestCondition
1455:             2             48  org.springframework.web.servlet.mvc.condition.ProducesRequestCondition$ProduceMediaTypeExpression
1456:             3             48  org.springframework.web.servlet.mvc.condition.RequestConditionHolder
1457:             2             48  org.springframework.web.servlet.mvc.method.annotation.MatrixVariableMethodArgumentResolver
1458:             2             48  org.springframework.web.servlet.mvc.method.annotation.PathVariableMethodArgumentResolver
1459:             2             48  org.springframework.web.servlet.mvc.method.annotation.ServletModelAttributeMethodProcessor
1460:             3             48  org.springframework.web.servlet.mvc.method.annotation.ServletRequestMethodArgumentResolver
1461:             3             48  org.springframework.web.servlet.mvc.method.annotation.ServletResponseMethodArgumentResolver
1462:             2             48  sun.management.ManagementFactoryHelper$1
1463:             2             48  sun.misc.CompoundEnumeration
1464:             2             48  sun.misc.NativeSignalHandler
1465:             1             48  sun.misc.ProxyGenerator
1466:             2             48  sun.misc.Signal
1467:             3             48  sun.net.www.protocol.file.Handler
1468:             3             48  sun.net.www.protocol.jar.Handler
1469:             3             48  sun.nio.ch.PipeImpl$Initializer$LoopbackConnector
1470:             3             48  sun.nio.ch.Util$3
1471:             1             48  sun.nio.cs.StreamDecoder
1472:             2             48  sun.nio.cs.ext.EUC_KR
1473:             2             48  sun.nio.cs.ext.JIS_X_0208_MS5022X
1474:             2             48  sun.nio.cs.ext.JIS_X_0212_MS5022X
1475:             2             48  sun.security.jca.ProviderList
1476:             2             48  sun.security.jca.ProviderList$3
1477:             1             48  sun.text.resources.FormatData
1478:             1             48  sun.text.resources.en.FormatData_en
1479:             1             48  sun.text.resources.en.FormatData_en_US
1480:             1             48  sun.text.resources.zh.FormatData_zh
1481:             1             48  sun.text.resources.zh.FormatData_zh_CN
1482:             1             48  sun.util.resources.CalendarData
1483:             1             48  sun.util.resources.CurrencyNames
1484:             1             48  sun.util.resources.TimeZoneNames
1485:             1             48  sun.util.resources.en.CalendarData_en
1486:             1             48  sun.util.resources.en.CurrencyNames_en_US
1487:             1             48  sun.util.resources.en.TimeZoneNames_en
1488:             1             48  sun.util.resources.zh.CalendarData_zh
1489:             1             48  sun.util.resources.zh.CurrencyNames_zh_CN
1490:             1             40  [Lch.qos.logback.core.pattern.parser.TokenStream$TokenizerState;
1491:             1             40  [Lch.qos.logback.core.subst.Token$Type;
1492:             1             40  [Lcom.fasterxml.jackson.annotation.JsonAutoDetect$Visibility;
1493:             1             40  [Lcom.fasterxml.jackson.annotation.Nulls;
1494:             1             40  [Lcom.fasterxml.jackson.core.JsonParser$NumberType;
1495:             2             40  [Lcom.sun.jmx.mbeanserver.ClassLoaderRepositorySupport$LoaderEntry;
1496:             1             40  [Lcom.sun.org.apache.xerces.internal.util.Status;
1497:             2             40  [Ljava.beans.PropertyChangeListener;
1498:             1             40  [Ljava.lang.management.MemoryPoolMXBean;
1499:             1             40  [Ljava.time.format.SignStyle;
1500:             1             40  [Ljava.time.format.TextStyle;
1501:             1             40  [Ljava.util.stream.StreamOpFlag;
1502:             1             40  [Lorg.apache.tomcat.util.descriptor.web.FilterMap;
1503:             1             40  [Lorg.hibernate.validator.internal.metadata.raw.ConstrainedElement$ConstrainedElementKind;
1504:             1             40  [Lorg.jboss.logging.Logger$Level;
1505:             1             40  [Lorg.springframework.boot.ansi.AnsiStyle;
1506:             1             40  [Lorg.yaml.snakeyaml.DumperOptions$ScalarStyle;
1507:             1             40  [Lsun.nio.fs.WindowsPathType;
1508:             1             40  [Lsun.util.locale.provider.LocaleProviderAdapter$Type;
1509:             1             40  [[Ljava.lang.invoke.LambdaForm$Name;
1510:             1             40  ch.qos.logback.classic.pattern.LoggerConverter
1511:             1             40  ch.qos.logback.core.BasicStatusManager
1512:             1             40  ch.qos.logback.core.status.WarnStatus
1513:             1             40  com.fasterxml.jackson.annotation.JsonFormat$Value
1514:             1             40  com.sun.beans.finder.MethodFinder$1
1515:             1             40  com.sun.jmx.interceptor.DefaultMBeanServerInterceptor
1516:             1             40  com.sun.jmx.mbeanserver.JmxMBeanServer
1517:             1             40  com.sun.jmx.mbeanserver.MBeanServerDelegateImpl
1518:             1             40  com.sun.org.apache.xerces.internal.impl.XMLEntityManager$CharacterBufferPool
1519:             1             40  com.sun.org.apache.xerces.internal.impl.XMLErrorReporter
1520:             1             40  com.sun.org.apache.xerces.internal.impl.XMLVersionDetector
1521:             1             40  com.sun.org.apache.xerces.internal.util.SymbolTable
1522:             1             40  com.sun.org.apache.xerces.internal.utils.XMLLimitAnalyzer
1523:             1             40  com.sun.org.apache.xerces.internal.utils.XMLSecurityManager
1524:             1             40  com.sun.xml.internal.stream.XMLEntityStorage
1525:             1             40  java.beans.WeakIdentityMap$Entry
1526:             1             40  java.text.MessageFormat
1527:             1             40  java.time.format.DateTimeFormatterBuilder
1528:             1             40  java.time.zone.ZoneRules
1529:             1             40  java.util.ResourceBundle$1
1530:             1             40  java.util.ServiceLoader$LazyIterator
1531:             1             40  java.util.regex.Pattern$LazyLoop
1532:             1             40  javax.servlet.MultipartConfigElement
1533:             1             40  org.apache.catalina.core.ApplicationSessionCookieConfig
1534:             1             40  org.apache.catalina.mbeans.ConnectorMBean
1535:             1             40  org.apache.catalina.mbeans.ServiceMBean
1536:             1             40  org.apache.catalina.realm.MessageDigestCredentialHandler
1537:             1             40  org.apache.coyote.AbstractProtocol$RecycledProcessors
1538:             1             40  org.apache.tomcat.util.modeler.Registry
1539:             1             40  org.hibernate.validator.internal.engine.ValidationContext$ValidatorScopedContext
1540:             1             40  org.hibernate.validator.internal.engine.constraintvalidation.ConstraintValidatorManager
1541:             1             40  org.slf4j.bridge.SLF4JBridgeHandler
1542:             1             40  org.springframework.boot.autoconfigure.http.HttpMessageConvertersAutoConfiguration$$EnhancerBySpringCGLIB$$d9e91175
1543:             1             40  org.springframework.boot.autoconfigure.http.HttpMessageConvertersAutoConfiguration$StringHttpMessageConverterConfiguration$$EnhancerBySpringCGLIB$$cf6d815
1544:             1             40  org.springframework.boot.autoconfigure.info.ProjectInfoAutoConfiguration$$EnhancerBySpringCGLIB$$fbaf52fa
1545:             1             40  org.springframework.boot.autoconfigure.jackson.JacksonAutoConfiguration$JacksonObjectMapperBuilderConfiguration$$EnhancerBySpringCGLIB$$cd95878b
1546:             1             40  org.springframework.boot.autoconfigure.jmx.JmxAutoConfiguration$$EnhancerBySpringCGLIB$$3f20b4fd
1547:             1             40  org.springframework.boot.autoconfigure.web.ServerProperties$Servlet
1548:             1             40  org.springframework.boot.autoconfigure.web.ServerProperties$Tomcat$Accesslog
1549:             1             40  org.springframework.boot.autoconfigure.web.client.RestTemplateAutoConfiguration$$EnhancerBySpringCGLIB$$5acb3f62
1550:             1             40  org.springframework.boot.autoconfigure.web.format.WebConversionService
1551:             1             40  org.springframework.boot.autoconfigure.web.servlet.DispatcherServletAutoConfiguration$DispatcherServletConfiguration$$EnhancerBySpringCGLIB$$fb4d5aa
1552:             1             40  org.springframework.boot.autoconfigure.web.servlet.HttpEncodingAutoConfiguration$$EnhancerBySpringCGLIB$$9309fc83
1553:             1             40  org.springframework.boot.autoconfigure.web.servlet.MultipartAutoConfiguration$$EnhancerBySpringCGLIB$$1fa8490
1554:             1             40  org.springframework.boot.autoconfigure.web.servlet.WebMvcAutoConfiguration$WebMvcAutoConfigurationAdapter$FaviconConfiguration$$EnhancerBySpringCGLIB$$88e3698c
1555:             1             40  org.springframework.boot.autoconfigure.web.servlet.error.ErrorMvcAutoConfiguration$DefaultErrorViewResolverConfiguration$$EnhancerBySpringCGLIB$$fff62006
1556:             1             40  org.springframework.boot.autoconfigure.web.servlet.error.ErrorMvcAutoConfiguration$WhitelabelErrorViewConfiguration$$EnhancerBySpringCGLIB$$ca9531de
1557:             1             40  org.springframework.boot.context.properties.ConfigurationPropertiesBinder
1558:             1             40  org.springframework.boot.web.servlet.server.Session
1559:             1             40  org.springframework.boot.web.servlet.server.Session$Cookie
1560:             1             40  org.springframework.context.annotation.ConfigurationClassBeanDefinitionReader
1561:             1             40  org.springframework.context.expression.StandardBeanExpressionResolver
1562:             1             40  org.springframework.core.convert.Property
1563:             1             40  org.springframework.expression.spel.support.ReflectivePropertyAccessor
1564:             1             40  org.springframework.jndi.support.SimpleJndiBeanFactory
1565:             1             40  org.springframework.ui.context.support.ResourceBundleThemeSource
1566:             1             40  org.springframework.util.ConcurrentReferenceHashMap$EntryIterator
1567:             1             40  org.springframework.web.bind.support.ConfigurableWebBindingInitializer
1568:             1             40  org.springframework.web.cors.CorsConfiguration
1569:             1             40  org.springframework.web.servlet.handler.AbstractHandlerMethodMapping$MappingRegistry
1570:             1             40  org.springframework.web.servlet.mvc.annotation.ResponseStatusExceptionResolver
1571:             1             40  org.springframework.web.servlet.mvc.support.DefaultHandlerExceptionResolver
1572:             1             40  sun.management.DiagnosticCommandImpl
1573:             1             40  sun.misc.URLClassPath$2
1574:             1             40  sun.nio.cs.StandardCharsets$Aliases
1575:             1             40  sun.nio.cs.StandardCharsets$Cache
1576:             1             40  sun.nio.cs.StandardCharsets$Classes
1577:             1             40  sun.nio.cs.ext.ExtendedCharsets
1578:             1             32  [Lch.qos.logback.core.spi.FilterReply;
1579:             1             32  [Lch.qos.logback.core.subst.Tokenizer$TokenizerState;
1580:             1             32  [Lcom.fasterxml.jackson.annotation.JsonCreator$Mode;
1581:             1             32  [Lcom.fasterxml.jackson.core.JsonFactory$Feature;
1582:             1             32  [Lcom.sun.beans.util.Cache$Kind;
1583:             1             32  [Lcom.sun.org.apache.xalan.internal.utils.XMLSecurityManager$NameMap;
1584:             1             32  [Lcom.sun.org.apache.xerces.internal.utils.XMLSecurityManager$NameMap;
1585:             2             32  [Ljava.lang.Enum;
1586:             1             32  [Ljava.lang.OutOfMemoryError;
1587:             2             32  [Ljava.lang.StackTraceElement;
1588:             1             32  [Ljava.lang.ThreadGroup;
1589:             1             32  [Ljava.lang.management.MemoryManagerMXBean;
1590:             1             32  [Ljava.time.format.DateTimeFormatterBuilder$SettingsParser;
1591:             1             32  [Ljava.time.format.FormatStyle;
1592:             1             32  [Ljava.time.format.ResolverStyle;
1593:             1             32  [Ljava.time.temporal.IsoFields$Field;
1594:             1             32  [Ljava.util.stream.MatchOps$MatchKind;
1595:             1             32  [Ljava.util.stream.StreamShape;
1596:             2             32  [Lorg.apache.catalina.Session;
1597:             1             32  [Lorg.apache.commons.logging.LogFactory$LogApi;
1598:             1             32  [Lorg.apache.tomcat.util.net.AbstractEndpoint$Acceptor$AcceptorState;
1599:             1             32  [Lorg.apache.tomcat.util.net.AbstractEndpoint$BindState;
1600:             1             32  [Lorg.hibernate.validator.internal.metadata.raw.ConfigurationSource;
1601:             1             32  [Lorg.hibernate.validator.internal.util.ConcurrentReferenceHashMap$ReferenceType;
1602:             1             32  [Lorg.springframework.beans.factory.config.YamlProcessor$ResolutionMethod;
1603:             1             32  [Lorg.springframework.boot.Banner$Mode;
1604:             1             32  [Lorg.springframework.boot.WebApplicationType;
1605:             1             32  [Lorg.springframework.boot.ansi.AnsiOutput$Enabled;
1606:             1             32  [Lorg.springframework.boot.autoconfigure.web.ErrorProperties$IncludeStacktrace;
1607:             1             32  [Lorg.springframework.boot.cloud.CloudPlatform;
1608:             1             32  [Lorg.springframework.boot.context.properties.source.ConfigurationPropertyState;
1609:             1             32  [Lorg.springframework.boot.loader.jar.JarFile$JarFileType;
1610:             1             32  [Lorg.springframework.boot.web.servlet.ServletContextInitializer;
1611:             1             32  [Lorg.springframework.cglib.proxy.Callback;
1612:             1             32  [Lorg.springframework.expression.spel.SpelCompilerMode;
1613:             2             32  [Lorg.springframework.http.converter.HttpMessageConverter;
1614:             1             32  [Lorg.springframework.jmx.support.RegistrationPolicy;
1615:             1             32  [Lorg.yaml.snakeyaml.DumperOptions$FlowStyle;
1616:             1             32  [Lorg.yaml.snakeyaml.DumperOptions$LineBreak;
1617:             1             32  [Lorg.yaml.snakeyaml.introspector.BeanAccess;
1618:             1             32  [Lsun.nio.fs.NativeBuffer;
1619:             2             32  [Lsun.reflect.annotation.TypeAnnotation;
1620:             1             32  ch.qos.logback.classic.jul.LevelChangePropagator
1621:             1             32  ch.qos.logback.classic.pattern.LevelConverter
1622:             1             32  ch.qos.logback.classic.pattern.LineSeparatorConverter
1623:             1             32  ch.qos.logback.classic.pattern.MessageConverter
1624:             1             32  ch.qos.logback.classic.pattern.ThreadConverter
1625:             1             32  ch.qos.logback.classic.spi.LoggerContextVO
1626:             1             32  ch.qos.logback.core.helpers.CyclicBuffer
1627:             1             32  com.fasterxml.classmate.TypeBindings
1628:             1             32  com.fasterxml.jackson.annotation.JsonInclude$Value
1629:             1             32  com.fasterxml.jackson.databind.introspect.VisibilityChecker$Std
1630:             2             32  com.fasterxml.jackson.databind.node.JsonNodeFactory
1631:             1             32  com.fasterxml.jackson.databind.ser.std.CalendarSerializer
1632:             1             32  com.fasterxml.jackson.databind.ser.std.DateSerializer
1633:             1             32  com.fasterxml.jackson.databind.ser.std.NumberSerializers$FloatSerializer
1634:             1             32  com.fasterxml.jackson.databind.ser.std.NumberSerializers$IntLikeSerializer
1635:             1             32  com.fasterxml.jackson.databind.ser.std.NumberSerializers$ShortSerializer
1636:             1             32  com.fasterxml.jackson.databind.type.TypeBindings
1637:             1             32  com.fasterxml.jackson.datatype.jsr310.ser.DurationSerializer
1638:             1             32  com.fasterxml.jackson.datatype.jsr310.ser.LocalDateSerializer
1639:             1             32  com.fasterxml.jackson.datatype.jsr310.ser.LocalDateTimeSerializer
1640:             1             32  com.fasterxml.jackson.datatype.jsr310.ser.LocalTimeSerializer
1641:             1             32  com.fasterxml.jackson.datatype.jsr310.ser.MonthDaySerializer
1642:             1             32  com.fasterxml.jackson.datatype.jsr310.ser.OffsetTimeSerializer
1643:             1             32  com.fasterxml.jackson.datatype.jsr310.ser.YearMonthSerializer
1644:             1             32  com.fasterxml.jackson.datatype.jsr310.ser.YearSerializer
1645:             2             32  com.sun.beans.WeakCache
1646:             1             32  com.sun.beans.finder.BeanInfoFinder
1647:             1             32  com.sun.jmx.mbeanserver.Repository
1648:             2             32  com.sun.org.apache.xerces.internal.impl.XMLDocumentScannerImpl$PrologDriver
1649:             2             32  com.sun.org.apache.xerces.internal.impl.XMLDocumentScannerImpl$TrailingMiscDriver
1650:             2             32  com.sun.org.apache.xerces.internal.impl.XMLDocumentScannerImpl$XMLDeclDriver
1651:             1             32  com.sun.org.apache.xerces.internal.impl.XMLEntityScanner$1
1652:             2             32  com.sun.org.apache.xerces.internal.impl.dv.dtd.ENTITYDatatypeValidator
1653:             1             32  com.sun.org.apache.xerces.internal.util.NamespaceSupport
1654:             2             32  com.sun.proxy.$Proxy16
1655:             2             32  com.sun.proxy.$Proxy19
1656:             2             32  com.sun.proxy.$Proxy27
1657:             2             32  com.sun.proxy.$Proxy28
1658:             2             32  com.sun.proxy.$Proxy45
1659:             2             32  com.sun.proxy.$Proxy55
1660:             1             32  io.github.kimmking.gateway.server.ApiServerApplication$$EnhancerBySpringCGLIB$$69527564
1661:             1             32  java.beans.PropertyChangeEvent
1662:             1             32  java.beans.ThreadGroupContext
1663:             1             32  java.beans.ThreadGroupContext$1
1664:             1             32  java.io.FileNotFoundException
1665:             1             32  java.io.RandomAccessFile
1666:             1             32  java.io.WinNTFileSystem
1667:             1             32  java.lang.ArithmeticException
1668:             1             32  java.lang.ArrayIndexOutOfBoundsException
1669:             1             32  java.lang.ClassCastException
1670:             2             32  java.lang.ClassLoader$3
1671:             1             32  java.lang.IllegalStateException
1672:             1             32  java.lang.NullPointerException
1673:             2             32  java.lang.Shutdown$Lock
1674:             2             32  java.lang.invoke.$Proxy62
1675:             1             32  java.lang.reflect.WeakCache
1676:             1             32  java.lang.reflect.WeakCache$Factory
1677:             2             32  java.net.URLClassLoader$3$1
1678:             2             32  java.nio.ByteOrder
1679:             1             32  java.nio.DirectByteBuffer$Deallocator
1680:             2             32  java.security.AllPermission
1681:             1             32  java.text.DontCareFieldPosition
1682:             1             32  java.time.format.DateTimeFormatterBuilder$FractionPrinterParser
1683:             2             32  java.util.AbstractMap$1
1684:             1             32  java.util.Formatter
1685:             1             32  java.util.ServiceLoader
1686:             1             32  java.util.StringJoiner
1687:             1             32  java.util.UUID
1688:             1             32  java.util.concurrent.ConcurrentSkipListMap$HeadIndex
1689:             2             32  java.util.concurrent.CountDownLatch
1690:             1             32  java.util.concurrent.ThreadLocalRandom
1691:             1             32  java.util.concurrent.atomic.AtomicReferenceFieldUpdater$AtomicReferenceFieldUpdaterImpl
1692:             1             32  java.util.logging.LogManager$SystemLoggerContext
1693:             2             32  java.util.regex.Pattern$Dot
1694:             1             32  java.util.stream.Collectors$CollectorImpl
1695:             1             32  java.util.stream.ReduceOps$3
1696:             1             32  java.util.stream.ReduceOps$3ReducingSink
1697:             1             32  javax.management.MBeanConstructorInfo
1698:             1             32  org.apache.catalina.mapper.Mapper
1699:             1             32  org.apache.catalina.mapper.Mapper$MappedHost
1700:             1             32  org.apache.catalina.util.ConcurrentDateFormat
1701:             1             32  org.apache.coyote.AbstractProtocol$ConnectionHandler
1702:             1             32  org.apache.coyote.CompressionConfig
1703:             1             32  org.apache.logging.log4j.status.StatusLogger$BoundedQueue
1704:             2             32  org.apache.logging.log4j.util.EnvironmentPropertySource
1705:             2             32  org.apache.logging.log4j.util.PropertiesUtil
1706:             2             32  org.apache.logging.log4j.util.PropertyFilePropertySource
1707:             2             32  org.apache.logging.log4j.util.PropertySource$Comparator
1708:             2             32  org.apache.logging.log4j.util.SystemPropertiesPropertySource
1709:             1             32  org.apache.tomcat.util.collections.ManagedConcurrentWeakHashMap
1710:             1             32  org.apache.tomcat.util.descriptor.web.LoginConfig
1711:             1             32  org.apache.tomcat.util.digester.RulesBase
1712:             1             32  org.apache.tomcat.util.scan.StandardJarScanner
1713:             1             32  org.apache.tomcat.util.threads.LimitLatch
1714:             1             32  org.apache.tomcat.util.threads.LimitLatch$Sync
1715:             1             32  org.apache.tomcat.util.threads.TaskThreadFactory
1716:             1             32  org.apache.tomcat.websocket.server.WsWriteTimeout
1717:             1             32  org.hibernate.validator.internal.cfg.context.DefaultConstraintMapping
1718:             1             32  org.hibernate.validator.internal.engine.ValidatorFactoryImpl$BeanMetaDataManagerKey
1719:             1             32  org.hibernate.validator.internal.engine.constraintvalidation.HibernateConstraintValidatorInitializationContextImpl
1720:             1             32  org.hibernate.validator.internal.engine.scripting.DefaultScriptEvaluatorFactory
1721:             1             32  org.hibernate.validator.internal.engine.valueextraction.ValueExtractorResolver
1722:             1             32  org.hibernate.validator.internal.metadata.core.ConstraintHelper
1723:             1             32  org.hibernate.validator.internal.metadata.provider.AnnotationMetaDataProvider
1724:             1             32  org.hibernate.validator.internal.metadata.raw.BeanConfiguration
1725:             1             32  org.springframework.beans.factory.annotation.RequiredAnnotationBeanPostProcessor
1726:             1             32  org.springframework.boot.DefaultApplicationArguments$Source
1727:             1             32  org.springframework.boot.autoconfigure.AutoConfigurationImportSelector
1728:             1             32  org.springframework.boot.autoconfigure.condition.ConditionEvaluationReport
1729:             1             32  org.springframework.boot.autoconfigure.context.ConfigurationPropertiesAutoConfiguration$$EnhancerBySpringCGLIB$$af3ed12f
1730:             1             32  org.springframework.boot.autoconfigure.context.PropertyPlaceholderAutoConfiguration$$EnhancerBySpringCGLIB$$c06bb81a
1731:             1             32  org.springframework.boot.autoconfigure.http.HttpEncodingProperties
1732:             1             32  org.springframework.boot.autoconfigure.http.JacksonHttpMessageConvertersConfiguration$$EnhancerBySpringCGLIB$$3d4007a3
1733:             1             32  org.springframework.boot.autoconfigure.http.JacksonHttpMessageConvertersConfiguration$MappingJackson2HttpMessageConverterConfiguration$$EnhancerBySpringCGLIB$$46ccd415
1734:             1             32  org.springframework.boot.autoconfigure.http.codec.CodecsAutoConfiguration$$EnhancerBySpringCGLIB$$325cd8de
1735:             1             32  org.springframework.boot.autoconfigure.http.codec.CodecsAutoConfiguration$JacksonCodecConfiguration$$EnhancerBySpringCGLIB$$278f612d
1736:             1             32  org.springframework.boot.autoconfigure.jackson.JacksonAutoConfiguration$$EnhancerBySpringCGLIB$$fd546301
1737:             1             32  org.springframework.boot.autoconfigure.jackson.JacksonAutoConfiguration$Jackson2ObjectMapperBuilderCustomizerConfiguration$$EnhancerBySpringCGLIB$$88ac6d7a
1738:             1             32  org.springframework.boot.autoconfigure.jackson.JacksonAutoConfiguration$JacksonObjectMapperConfiguration$$EnhancerBySpringCGLIB$$1b48c572
1739:             1             32  org.springframework.boot.autoconfigure.jackson.JacksonAutoConfiguration$ParameterNamesModuleConfiguration$$EnhancerBySpringCGLIB$$af77e4a8
1740:             1             32  org.springframework.boot.autoconfigure.jmx.ParentAwareNamingStrategy
1741:             2             32  org.springframework.boot.autoconfigure.mustache.MustacheTemplateAvailabilityProvider
1742:             1             32  org.springframework.boot.autoconfigure.security.SecurityProperties$User
1743:             1             32  org.springframework.boot.autoconfigure.security.reactive.ReactiveSecurityAutoConfiguration$$EnhancerBySpringCGLIB$$22132461
1744:             2             32  org.springframework.boot.autoconfigure.thymeleaf.ThymeleafTemplateAvailabilityProvider
1745:             1             32  org.springframework.boot.autoconfigure.validation.ValidationAutoConfiguration$$EnhancerBySpringCGLIB$$30b4d66b
1746:             1             32  org.springframework.boot.autoconfigure.web.ErrorProperties
1747:             1             32  org.springframework.boot.autoconfigure.web.ResourceProperties
1748:             1             32  org.springframework.boot.autoconfigure.web.ServerProperties$Jetty
1749:             1             32  org.springframework.boot.autoconfigure.web.ServerProperties$Undertow$Accesslog
1750:             1             32  org.springframework.boot.autoconfigure.web.embedded.EmbeddedWebServerFactoryCustomizerAutoConfiguration$$EnhancerBySpringCGLIB$$d51d45c3
1751:             1             32  org.springframework.boot.autoconfigure.web.servlet.DispatcherServletAutoConfiguration$$EnhancerBySpringCGLIB$$ae179a9e
1752:             2             32  org.springframework.boot.autoconfigure.web.servlet.JspTemplateAvailabilityProvider
1753:             1             32  org.springframework.boot.autoconfigure.web.servlet.MultipartProperties
1754:             1             32  org.springframework.boot.autoconfigure.web.servlet.ServletWebServerFactoryAutoConfiguration$$EnhancerBySpringCGLIB$$af6e6d44
1755:             1             32  org.springframework.boot.autoconfigure.web.servlet.ServletWebServerFactoryConfiguration$EmbeddedTomcat$$EnhancerBySpringCGLIB$$2a37b7cb
1756:             1             32  org.springframework.boot.autoconfigure.web.servlet.WebMvcAutoConfiguration$$EnhancerBySpringCGLIB$$f3f78458
1757:             1             32  org.springframework.boot.autoconfigure.web.servlet.error.DefaultErrorViewResolver
1758:             1             32  org.springframework.boot.autoconfigure.web.servlet.error.NonRecursivePropertyPlaceholderHelper
1759:             1             32  org.springframework.boot.autoconfigure.websocket.servlet.WebSocketServletAutoConfiguration$$EnhancerBySpringCGLIB$$80a42fb3
1760:             1             32  org.springframework.boot.autoconfigure.websocket.servlet.WebSocketServletAutoConfiguration$TomcatWebSocketConfiguration$$EnhancerBySpringCGLIB$$384f5ad0
1761:             1             32  org.springframework.boot.context.config.ConfigFileApplicationListener
1762:             1             32  org.springframework.boot.context.event.ApplicationReadyEvent
1763:             1             32  org.springframework.boot.context.event.ApplicationStartedEvent
1764:             1             32  org.springframework.boot.context.logging.LoggingApplicationListener
1765:             2             32  org.springframework.boot.context.properties.ConfigurationPropertiesBinder$$Lambda$184/1134612201
1766:             2             32  org.springframework.boot.context.properties.bind.BindConverter
1767:             2             32  org.springframework.boot.context.properties.bind.BindConverter$CompositeConversionService
1768:             2             32  org.springframework.boot.context.properties.bind.BindConverter$TypeConverterConverter
1769:             2             32  org.springframework.boot.context.properties.bind.Bindable$$Lambda$98/1769597131
1770:             2             32  org.springframework.boot.context.properties.bind.Bindable$$Lambda$99/1983747920
1771:             1             32  org.springframework.boot.context.properties.bind.Binder
1772:             2             32  org.springframework.boot.context.properties.bind.Binder$$Lambda$52/1023714065
1773:             2             32  org.springframework.boot.context.properties.bind.Binder$$Lambda$61/1330106945
1774:             2             32  org.springframework.boot.context.properties.bind.handler.IgnoreTopLevelConverterNotFoundBindHandler
1775:             1             32  org.springframework.boot.convert.ApplicationConversionService
1776:             2             32  org.springframework.boot.convert.StringToDurationConverter
1777:             1             32  org.springframework.boot.logging.logback.LogbackLoggingSystem$1
1778:             1             32  org.springframework.boot.web.embedded.tomcat.TomcatWebServer
1779:             1             32  org.springframework.boot.web.server.Compression
1780:             2             32  org.springframework.boot.web.server.MimeMappings
1781:             1             32  org.springframework.boot.web.servlet.context.ServletWebServerInitializedEvent
1782:             1             32  org.springframework.cglib.core.AbstractClassGenerator$ClassLoaderData
1783:             1             32  org.springframework.cglib.core.ClassNameReader$EarlyExitException
1784:             2             32  org.springframework.cglib.proxy.DispatcherGenerator
1785:             1             32  org.springframework.context.annotation.AnnotatedBeanDefinitionReader
1786:             1             32  org.springframework.context.annotation.ComponentScanAnnotationParser
1787:             1             32  org.springframework.context.annotation.ComponentScanAnnotationParser$1
1788:             1             32  org.springframework.context.annotation.ConfigurationClassParser$ImportStack
1789:             1             32  org.springframework.context.annotation.ContextAnnotationAutowireCandidateResolver$1
1790:             1             32  org.springframework.context.event.EventListenerMethodProcessor
1791:             1             32  org.springframework.context.support.DefaultLifecycleProcessor
1792:             1             32  org.springframework.context.support.DefaultLifecycleProcessor$$Lambda$318/524241174
1793:             1             32  org.springframework.context.support.DelegatingMessageSource
1794:             1             32  org.springframework.context.support.PropertySourcesPlaceholderConfigurer$1
1795:             2             32  org.springframework.core.convert.support.ArrayToCollectionConverter
1796:             2             32  org.springframework.core.convert.support.ArrayToObjectConverter
1797:             2             32  org.springframework.core.convert.support.ArrayToStringConverter
1798:             2             32  org.springframework.core.convert.support.ByteBufferConverter
1799:             2             32  org.springframework.core.convert.support.CharacterToNumberFactory
1800:             2             32  org.springframework.core.convert.support.CollectionToCollectionConverter
1801:             2             32  org.springframework.core.convert.support.CollectionToObjectConverter
1802:             2             32  org.springframework.core.convert.support.EnumToIntegerConverter
1803:             2             32  org.springframework.core.convert.support.EnumToStringConverter
1804:             2             32  org.springframework.core.convert.support.FallbackObjectToStringConverter
1805:             2             32  org.springframework.core.convert.support.GenericConversionService$NoOpConverter
1806:             2             32  org.springframework.core.convert.support.IdToEntityConverter
1807:             2             32  org.springframework.core.convert.support.IntegerToEnumConverterFactory
1808:             2             32  org.springframework.core.convert.support.MapToMapConverter
1809:             2             32  org.springframework.core.convert.support.NumberToCharacterConverter
1810:             2             32  org.springframework.core.convert.support.NumberToNumberConverterFactory
1811:             2             32  org.springframework.core.convert.support.ObjectToArrayConverter
1812:             2             32  org.springframework.core.convert.support.ObjectToCollectionConverter
1813:             2             32  org.springframework.core.convert.support.ObjectToObjectConverter
1814:             2             32  org.springframework.core.convert.support.ObjectToOptionalConverter
1815:             2             32  org.springframework.core.convert.support.PropertiesToStringConverter
1816:             2             32  org.springframework.core.convert.support.StreamConverter
1817:             2             32  org.springframework.core.convert.support.StringToArrayConverter
1818:             2             32  org.springframework.core.convert.support.StringToBooleanConverter
1819:             2             32  org.springframework.core.convert.support.StringToCharacterConverter
1820:             2             32  org.springframework.core.convert.support.StringToCharsetConverter
1821:             2             32  org.springframework.core.convert.support.StringToCollectionConverter
1822:             2             32  org.springframework.core.convert.support.StringToCurrencyConverter
1823:             2             32  org.springframework.core.convert.support.StringToEnumConverterFactory
1824:             2             32  org.springframework.core.convert.support.StringToLocaleConverter
1825:             2             32  org.springframework.core.convert.support.StringToNumberConverterFactory
1826:             2             32  org.springframework.core.convert.support.StringToPropertiesConverter
1827:             2             32  org.springframework.core.convert.support.StringToTimeZoneConverter
1828:             2             32  org.springframework.core.convert.support.StringToUUIDConverter
1829:             2             32  org.springframework.core.convert.support.ZoneIdToTimeZoneConverter
1830:             2             32  org.springframework.core.convert.support.ZonedDateTimeToCalendarConverter
1831:             1             32  org.springframework.core.task.SimpleAsyncTaskExecutor$ConcurrencyThrottleAdapter
1832:             2             32  org.springframework.expression.spel.standard.SpelExpressionParser
1833:             2             32  org.springframework.format.datetime.DateTimeFormatAnnotationFormatterFactory
1834:             2             32  org.springframework.format.datetime.standard.DateTimeConverters$CalendarToInstantConverter
1835:             2             32  org.springframework.format.datetime.standard.DateTimeConverters$CalendarToLocalDateConverter
1836:             2             32  org.springframework.format.datetime.standard.DateTimeConverters$CalendarToLocalDateTimeConverter
1837:             2             32  org.springframework.format.datetime.standard.DateTimeConverters$CalendarToLocalTimeConverter
1838:             2             32  org.springframework.format.datetime.standard.DateTimeConverters$CalendarToOffsetDateTimeConverter
1839:             2             32  org.springframework.format.datetime.standard.DateTimeConverters$CalendarToZonedDateTimeConverter
1840:             2             32  org.springframework.format.datetime.standard.DateTimeConverters$InstantToLongConverter
1841:             2             32  org.springframework.format.datetime.standard.DateTimeConverters$LocalDateTimeToLocalDateConverter
1842:             2             32  org.springframework.format.datetime.standard.DateTimeConverters$LocalDateTimeToLocalTimeConverter
1843:             2             32  org.springframework.format.datetime.standard.DateTimeConverters$LongToInstantConverter
1844:             2             32  org.springframework.format.datetime.standard.DateTimeConverters$OffsetDateTimeToInstantConverter
1845:             2             32  org.springframework.format.datetime.standard.DateTimeConverters$OffsetDateTimeToLocalDateConverter
1846:             2             32  org.springframework.format.datetime.standard.DateTimeConverters$OffsetDateTimeToLocalDateTimeConverter
1847:             2             32  org.springframework.format.datetime.standard.DateTimeConverters$OffsetDateTimeToLocalTimeConverter
1848:             2             32  org.springframework.format.datetime.standard.DateTimeConverters$OffsetDateTimeToZonedDateTimeConverter
1849:             2             32  org.springframework.format.datetime.standard.DateTimeConverters$ZonedDateTimeToInstantConverter
1850:             2             32  org.springframework.format.datetime.standard.DateTimeConverters$ZonedDateTimeToLocalDateConverter
1851:             2             32  org.springframework.format.datetime.standard.DateTimeConverters$ZonedDateTimeToLocalDateTimeConverter
1852:             2             32  org.springframework.format.datetime.standard.DateTimeConverters$ZonedDateTimeToLocalTimeConverter
1853:             2             32  org.springframework.format.datetime.standard.DateTimeConverters$ZonedDateTimeToOffsetDateTimeConverter
1854:             2             32  org.springframework.format.datetime.standard.DurationFormatter
1855:             2             32  org.springframework.format.datetime.standard.InstantFormatter
1856:             2             32  org.springframework.format.datetime.standard.Jsr310DateTimeFormatAnnotationFormatterFactory
1857:             2             32  org.springframework.format.datetime.standard.MonthDayFormatter
1858:             2             32  org.springframework.format.datetime.standard.MonthFormatter
1859:             2             32  org.springframework.format.datetime.standard.PeriodFormatter
1860:             2             32  org.springframework.format.datetime.standard.YearFormatter
1861:             2             32  org.springframework.format.datetime.standard.YearMonthFormatter
1862:             2             32  org.springframework.format.number.NumberFormatAnnotationFormatterFactory
1863:             2             32  org.springframework.jmx.export.annotation.AnnotationJmxAttributeSource
1864:             1             32  org.springframework.jmx.export.assembler.MetadataMBeanInfoAssembler
1865:             1             32  org.springframework.jmx.export.assembler.SimpleReflectiveMBeanInfoAssembler
1866:             1             32  org.springframework.jmx.export.naming.KeyNamingStrategy
1867:             1             32  org.springframework.jmx.support.MBeanServerFactoryBean
1868:             2             32  org.springframework.web.method.annotation.RequestParamMapMethodArgumentResolver
1869:             1             32  org.springframework.web.servlet.config.annotation.PathMatchConfigurer
1870:             1             32  org.springframework.web.servlet.mvc.method.RequestMappingInfo$BuilderConfiguration
1871:             2             32  org.springframework.web.servlet.mvc.method.annotation.JsonViewResponseBodyAdvice
1872:             2             32  org.springframework.web.servlet.mvc.method.annotation.MatrixVariableMapMethodArgumentResolver
1873:             2             32  org.springframework.web.servlet.mvc.method.annotation.ModelAndViewMethodReturnValueHandler
1874:             2             32  org.springframework.web.servlet.mvc.method.annotation.PathVariableMapMethodArgumentResolver
1875:             1             32  org.springframework.web.servlet.mvc.method.annotation.ReactiveTypeHandler
1876:             2             32  org.springframework.web.servlet.mvc.method.annotation.RedirectAttributesMethodArgumentResolver
1877:             1             32  org.springframework.web.servlet.mvc.method.annotation.RequestPartMethodArgumentResolver
1878:             1             32  org.springframework.web.servlet.mvc.method.annotation.ServletCookieValueMethodArgumentResolver
1879:             2             32  org.springframework.web.servlet.mvc.method.annotation.ViewMethodReturnValueHandler
1880:             2             32  org.springframework.web.servlet.mvc.method.annotation.ViewNameMethodReturnValueHandler
1881:             1             32  org.springframework.web.servlet.resource.ResourceUrlProvider
1882:             1             32  org.springframework.web.servlet.view.BeanNameViewResolver
1883:             1             32  sun.misc.FloatingDecimal$ASCIIToBinaryBuffer
1884:             2             32  sun.nio.ch.SocketDispatcher
1885:             1             32  sun.nio.cs.StandardCharsets
1886:             1             32  sun.nio.fs.NativeBuffer
1887:             1             32  sun.nio.fs.WindowsFileSystem
1888:             1             32  sun.reflect.annotation.AnnotatedTypeFactory$AnnotatedTypeBaseImpl
1889:             1             32  sun.security.provider.PolicyFile
1890:             1             32  sun.security.provider.PolicyFile$PolicyInfo
1891:             1             24  [Lch.qos.logback.core.joran.spi.ConsoleTarget;
1892:             1             24  [Lch.qos.logback.core.subst.Node$Type;
1893:             1             24  [Lcom.fasterxml.jackson.databind.Module;
1894:             1             24  [Lcom.sun.org.apache.xalan.internal.utils.XMLSecurityPropertyManager$Property;
1895:             1             24  [Lcom.sun.org.apache.xerces.internal.utils.XMLSecurityPropertyManager$Property;
1896:             1             24  [Ljava.io.File$PathStatus;
1897:             1             24  [Ljava.lang.ClassValue$Entry;
1898:             1             24  [Ljava.net.InetAddress$Cache$Type;
1899:             1             24  [Ljava.net.StandardProtocolFamily;
1900:             1             24  [Ljava.time.temporal.IsoFields$Unit;
1901:             1             24  [Ljava.util.Locale$Category;
1902:             1             24  [Ljava.util.concurrent.ConcurrentHashMap$CounterCell;
1903:             1             24  [Ljdk.xml.internal.JdkXmlFeatures$XmlFeature;
1904:             1             24  [Lorg.apache.catalina.Service;
1905:             1             24  [Lorg.apache.catalina.WebResource;
1906:             1             24  [Lorg.apache.catalina.mapper.Mapper$ContextVersion;
1907:             1             24  [Lorg.apache.catalina.mapper.Mapper$MappedContext;
1908:             1             24  [Lorg.apache.catalina.mapper.Mapper$MappedHost;
1909:             1             24  [Lorg.apache.tomcat.util.IntrospectionUtils$PropertySource;
1910:             1             24  [Lorg.apache.tomcat.util.net.AbstractEndpoint$Acceptor;
1911:             1             24  [Lorg.apache.tomcat.util.net.NioEndpoint$Poller;
1912:             1             24  [Lorg.hibernate.validator.internal.metadata.descriptor.ConstraintDescriptorImpl$ConstraintType;
1913:             1             24  [Lorg.springframework.boot.autoconfigure.condition.ConditionMessage$Style;
1914:             1             24  [Lorg.springframework.boot.autoconfigure.condition.OnClassCondition$MatchType;
1915:             1             24  [Lorg.springframework.boot.autoconfigure.http.HttpEncodingProperties$Type;
1916:             1             24  [Lorg.springframework.boot.autoconfigure.web.servlet.WebMvcProperties$LocaleResolver;
1917:             1             24  [Lorg.springframework.boot.context.ConfigurationWarningsApplicationContextInitializer$Check;
1918:             1             24  [Lorg.springframework.boot.context.properties.source.ConfigurationPropertyName$Form;
1919:             1             24  [Lorg.springframework.context.annotation.ConfigurationCondition$ConfigurationPhase;
1920:             1             24  [Lorg.springframework.core.ResolvableType$WildcardBounds$Kind;
1921:             1             24  [Lorg.springframework.core.env.PropertySources;
1922:             1             24  [Lorg.springframework.util.ConcurrentReferenceHashMap$ReferenceType;
1923:             1             24  [Lorg.springframework.util.ConcurrentReferenceHashMap$Restructure;
1924:             1             24  [Lsun.launcher.LauncherHelper;
1925:             1             24  [Lsun.misc.JavaSecurityProtectionDomainAccess$ProtectionDomainCache;
1926:             1             24  ch.qos.logback.classic.BasicConfigurator
1927:             1             24  ch.qos.logback.classic.spi.TurboFilterList
1928:             1             24  ch.qos.logback.classic.util.ContextSelectorStaticBinder
1929:             1             24  com.fasterxml.jackson.annotation.JsonFormat$Features
1930:             1             24  com.fasterxml.jackson.annotation.JsonSetter$Value
1931:             1             24  com.fasterxml.jackson.core.util.Separators
1932:             1             24  com.fasterxml.jackson.databind.cfg.ContextAttributes$Impl
1933:             1             24  com.fasterxml.jackson.databind.introspect.AnnotatedClass$Creators
1934:             1             24  com.fasterxml.jackson.databind.introspect.JacksonAnnotationIntrospector
1935:             1             24  com.fasterxml.jackson.databind.ser.impl.FailingSerializer
1936:             1             24  com.fasterxml.jackson.datatype.jsr310.deser.LocalDateDeserializer
1937:             1             24  com.fasterxml.jackson.datatype.jsr310.deser.LocalDateTimeDeserializer
1938:             1             24  com.fasterxml.jackson.datatype.jsr310.deser.LocalTimeDeserializer
1939:             1             24  com.fasterxml.jackson.datatype.jsr310.deser.MonthDayDeserializer
1940:             1             24  com.fasterxml.jackson.datatype.jsr310.deser.OffsetTimeDeserializer
1941:             1             24  com.fasterxml.jackson.datatype.jsr310.deser.YearDeserializer
1942:             1             24  com.fasterxml.jackson.datatype.jsr310.deser.YearMonthDeserializer
1943:             1             24  com.fasterxml.jackson.module.paramnames.ParameterNamesAnnotationIntrospector
1944:             1             24  com.sun.beans.util.Cache$Kind$1
1945:             1             24  com.sun.beans.util.Cache$Kind$2
1946:             1             24  com.sun.beans.util.Cache$Kind$3
1947:             1             24  com.sun.jmx.mbeanserver.ClassLoaderRepositorySupport
1948:             1             24  com.sun.jmx.mbeanserver.MXBeanLookup
1949:             1             24  com.sun.jmx.remote.util.ClassLogger
1950:             1             24  com.sun.org.apache.xerces.internal.impl.Constants$ArrayEnumeration
1951:             1             24  com.sun.org.apache.xerces.internal.impl.XMLDocumentScannerImpl$ContentDriver
1952:             1             24  com.sun.org.apache.xerces.internal.impl.XMLNSDocumentScannerImpl$NSContentDriver
1953:             1             24  com.sun.org.apache.xerces.internal.impl.msg.XMLMessageFormatter
1954:             1             24  com.sun.org.apache.xerces.internal.impl.validation.ValidationManager
1955:             1             24  com.sun.org.apache.xerces.internal.parsers.AbstractSAXParser$LocatorProxy
1956:             1             24  com.sun.org.apache.xerces.internal.utils.XMLSecurityPropertyManager
1957:             1             24  java.lang.ClassValue$Version
1958:             1             24  java.lang.Double
1959:             1             24  java.lang.Package$1
1960:             1             24  java.lang.invoke.MethodHandleImpl$4
1961:             1             24  java.lang.invoke.MethodType$ConcurrentWeakInternSet
1962:             1             24  java.net.Inet6AddressImpl
1963:             1             24  java.net.SocketPermissionCollection
1964:             1             24  java.security.AllPermissionCollection
1965:             1             24  java.security.Policy$PolicyInfo
1966:             1             24  java.security.Policy$UnsupportedEmptyCollection
1967:             1             24  java.security.ProtectionDomain$2$1
1968:             1             24  java.time.format.DecimalStyle
1969:             1             24  java.time.temporal.IsoFields$Field$1
1970:             1             24  java.time.temporal.IsoFields$Field$2
1971:             1             24  java.time.temporal.IsoFields$Field$3
1972:             1             24  java.time.temporal.IsoFields$Field$4
1973:             1             24  java.time.zone.TzdbZoneRulesProvider
1974:             1             24  java.util.AbstractMap$1$1
1975:             1             24  java.util.Collections$EmptyMap
1976:             1             24  java.util.Collections$SynchronizedRandomAccessList
1977:             1             24  java.util.Locale$Cache
1978:             1             24  java.util.PropertyPermissionCollection
1979:             1             24  java.util.ResourceBundle$Control$CandidateListCache
1980:             1             24  java.util.ServiceLoader$1
1981:             1             24  java.util.concurrent.ConcurrentSkipListMap$Node
1982:             1             24  java.util.concurrent.TimeUnit$1
1983:             1             24  java.util.concurrent.TimeUnit$2
1984:             1             24  java.util.concurrent.TimeUnit$3
1985:             1             24  java.util.concurrent.TimeUnit$4
1986:             1             24  java.util.concurrent.TimeUnit$5
1987:             1             24  java.util.concurrent.TimeUnit$6
1988:             1             24  java.util.concurrent.TimeUnit$7
1989:             1             24  java.util.logging.LogManager$LoggerContext
1990:             1             24  java.util.logging.LoggingPermission
1991:             1             24  java.util.stream.Collectors$$Lambda$325/200224114
1992:             1             24  javax.el.ExpressionFactory$CacheKey
1993:             1             24  javax.el.Util$CacheKey
1994:             1             24  javax.websocket.CloseReason
1995:             1             24  org.apache.catalina.ContainerEvent
1996:             1             24  org.apache.catalina.core.ApplicationContextFacade
1997:             1             24  org.apache.catalina.core.StandardContext$ContextFilterMaps
1998:             1             24  org.apache.catalina.mapper.Mapper$ContextList
1999:             1             24  org.apache.catalina.mapper.Mapper$MappedContext
2000:             1             24  org.apache.catalina.mapper.Mapper$MappedWrapper
2001:             1             24  org.apache.catalina.webresources.TomcatURLStreamHandlerFactory
2002:             1             24  org.apache.coyote.AbstractProtocol$AsyncTimeout
2003:             1             24  org.apache.logging.log4j.spi.LoggerRegistry
2004:             1             24  org.apache.naming.StringManager
2005:             1             24  org.apache.tomcat.util.descriptor.web.ErrorPage
2006:             1             24  org.apache.tomcat.util.net.NioBlockingSelector
2007:             1             24  org.apache.tomcat.util.net.NioEndpoint$Acceptor
2008:             1             24  org.apache.tomcat.websocket.WsExtension
2009:             1             24  org.hibernate.validator.internal.engine.MethodValidationConfiguration
2010:             1             24  org.hibernate.validator.internal.engine.valueextraction.ValueExtractorManager
2011:             1             24  org.hibernate.validator.internal.metadata.provider.ProgrammaticMetaDataProvider
2012:             1             24  org.hibernate.validator.internal.util.ConcurrentReferenceHashMap$Option
2013:             1             24  org.slf4j.helpers.SubstituteLoggerFactory
2014:             1             24  org.slf4j.impl.StaticLoggerBinder
2015:             1             24  org.springframework.aop.framework.JdkDynamicAopProxy
2016:             1             24  org.springframework.aop.support.DefaultPointcutAdvisor
2017:             1             24  org.springframework.aop.support.annotation.AnnotationClassFilter
2018:             1             24  org.springframework.aop.support.annotation.AnnotationMatchingPointcut
2019:             1             24  org.springframework.aop.target.EmptyTargetSource
2020:             1             24  org.springframework.beans.AbstractNestablePropertyAccessor$PropertyTokenHolder
2021:             1             24  org.springframework.beans.factory.annotation.InitDestroyAnnotationBeanPostProcessor$LifecycleElement
2022:             1             24  org.springframework.beans.factory.config.RuntimeBeanReference
2023:             1             24  org.springframework.beans.support.ResourceEditorRegistrar
2024:             1             24  org.springframework.boot.DefaultApplicationArguments
2025:             1             24  org.springframework.boot.SpringApplicationBannerPrinter$PrintedBanner
2026:             1             24  org.springframework.boot.SpringApplicationRunListeners
2027:             1             24  org.springframework.boot.autoconfigure.AutoConfigurationExcludeFilter
2028:             1             24  org.springframework.boot.autoconfigure.AutoConfigurationPackages$BasePackages
2029:             1             24  org.springframework.boot.autoconfigure.condition.BeanTypeRegistry
2030:             1             24  org.springframework.boot.autoconfigure.condition.ConditionMessage$Builder
2031:             1             24  org.springframework.boot.autoconfigure.condition.ConditionMessage$Style$1
2032:             1             24  org.springframework.boot.autoconfigure.condition.ConditionMessage$Style$2
2033:             1             24  org.springframework.boot.autoconfigure.condition.OnClassCondition$MatchType$1
2034:             1             24  org.springframework.boot.autoconfigure.condition.OnClassCondition$MatchType$2
2035:             1             24  org.springframework.boot.autoconfigure.diagnostics.analyzer.NoSuchBeanDefinitionFailureAnalyzer
2036:             1             24  org.springframework.boot.autoconfigure.http.HttpMessageConvertersAutoConfiguration$$EnhancerBySpringCGLIB$$d9e91175$$FastClassBySpringCGLIB$$fe9760d1
2037:             1             24  org.springframework.boot.autoconfigure.http.HttpMessageConvertersAutoConfiguration$$FastClassBySpringCGLIB$$ba15c54f
2038:             1             24  org.springframework.boot.autoconfigure.http.HttpMessageConvertersAutoConfiguration$StringHttpMessageConverterConfiguration$$EnhancerBySpringCGLIB$$cf6d815$$FastClassBySpringCGLIB$$cfda5cc1
2039:             1             24  org.springframework.boot.autoconfigure.http.HttpMessageConvertersAutoConfiguration$StringHttpMessageConverterConfiguration$$FastClassBySpringCGLIB$$a19557ef
2040:             1             24  org.springframework.boot.autoconfigure.http.JacksonHttpMessageConvertersConfiguration$MappingJackson2HttpMessageConverterConfiguration$$EnhancerBySpringCGLIB$$46ccd415$$FastClassBySpringCGLIB$$cd6bee00
2041:             1             24  org.springframework.boot.autoconfigure.http.JacksonHttpMessageConvertersConfiguration$MappingJackson2HttpMessageConverterConfiguration$$FastClassBySpringCGLIB$$cc27d3ef
2042:             1             24  org.springframework.boot.autoconfigure.http.codec.CodecsAutoConfiguration$JacksonCodecConfiguration$$EnhancerBySpringCGLIB$$278f612d$$FastClassBySpringCGLIB$$23ca6032
2043:             1             24  org.springframework.boot.autoconfigure.http.codec.CodecsAutoConfiguration$JacksonCodecConfiguration$$FastClassBySpringCGLIB$$b3c4d607
2044:             1             24  org.springframework.boot.autoconfigure.info.ProjectInfoAutoConfiguration$GitResourceAvailableCondition
2045:             1             24  org.springframework.boot.autoconfigure.info.ProjectInfoProperties
2046:             1             24  org.springframework.boot.autoconfigure.jackson.JacksonAutoConfiguration$$EnhancerBySpringCGLIB$$fd546301$$FastClassBySpringCGLIB$$95c96d19
2047:             1             24  org.springframework.boot.autoconfigure.jackson.JacksonAutoConfiguration$$FastClassBySpringCGLIB$$ee97f15b
2048:             1             24  org.springframework.boot.autoconfigure.jackson.JacksonAutoConfiguration$Jackson2ObjectMapperBuilderCustomizerConfiguration$$EnhancerBySpringCGLIB$$88ac6d7a$$FastClassBySpringCGLIB$$756c4d9f
2049:             1             24  org.springframework.boot.autoconfigure.jackson.JacksonAutoConfiguration$Jackson2ObjectMapperBuilderCustomizerConfiguration$$FastClassBySpringCGLIB$$a7cec5b4
2050:             1             24  org.springframework.boot.autoconfigure.jackson.JacksonAutoConfiguration$Jackson2ObjectMapperBuilderCustomizerConfiguration$StandardJackson2ObjectMapperBuilderCustomizer
2051:             1             24  org.springframework.boot.autoconfigure.jackson.JacksonAutoConfiguration$JacksonObjectMapperBuilderConfiguration$$EnhancerBySpringCGLIB$$cd95878b$$FastClassBySpringCGLIB$$4fbb4d5a
2052:             1             24  org.springframework.boot.autoconfigure.jackson.JacksonAutoConfiguration$JacksonObjectMapperBuilderConfiguration$$FastClassBySpringCGLIB$$28b34ea5
2053:             1             24  org.springframework.boot.autoconfigure.jackson.JacksonAutoConfiguration$JacksonObjectMapperConfiguration$$EnhancerBySpringCGLIB$$1b48c572$$FastClassBySpringCGLIB$$f1f137af
2054:             1             24  org.springframework.boot.autoconfigure.jackson.JacksonAutoConfiguration$JacksonObjectMapperConfiguration$$FastClassBySpringCGLIB$$596316ac
2055:             1             24  org.springframework.boot.autoconfigure.jackson.JacksonAutoConfiguration$ParameterNamesModuleConfiguration$$EnhancerBySpringCGLIB$$af77e4a8$$FastClassBySpringCGLIB$$3b4de342
2056:             1             24  org.springframework.boot.autoconfigure.jackson.JacksonAutoConfiguration$ParameterNamesModuleConfiguration$$FastClassBySpringCGLIB$$f1cb4522
2057:             1             24  org.springframework.boot.autoconfigure.logging.ConditionEvaluationReportLoggingListener
2058:             1             24  org.springframework.boot.autoconfigure.security.SecurityProperties
2059:             1             24  org.springframework.boot.autoconfigure.security.SecurityProperties$Filter
2060:             1             24  org.springframework.boot.autoconfigure.validation.ValidatorAdapter
2061:             1             24  org.springframework.boot.autoconfigure.web.ResourceProperties$Cache
2062:             1             24  org.springframework.boot.autoconfigure.web.ResourceProperties$Chain
2063:             1             24  org.springframework.boot.autoconfigure.web.ResourceProperties$Content
2064:             1             24  org.springframework.boot.autoconfigure.web.ResourceProperties$Fixed
2065:             1             24  org.springframework.boot.autoconfigure.web.ResourceProperties$Strategy
2066:             1             24  org.springframework.boot.autoconfigure.web.client.RestTemplateAutoConfiguration$$EnhancerBySpringCGLIB$$5acb3f62$$FastClassBySpringCGLIB$$86d44857
2067:             1             24  org.springframework.boot.autoconfigure.web.client.RestTemplateAutoConfiguration$$FastClassBySpringCGLIB$$79a6429c
2068:             1             24  org.springframework.boot.autoconfigure.web.embedded.TomcatWebServerFactoryCustomizer
2069:             1             24  org.springframework.boot.autoconfigure.web.servlet.DispatcherServletAutoConfiguration$DispatcherServletConfiguration$$EnhancerBySpringCGLIB$$fb4d5aa$$FastClassBySpringCGLIB$$3df363b4
2070:             1             24  org.springframework.boot.autoconfigure.web.servlet.DispatcherServletAutoConfiguration$DispatcherServletConfiguration$$FastClassBySpringCGLIB$$c3057e4
2071:             1             24  org.springframework.boot.autoconfigure.web.servlet.DispatcherServletAutoConfiguration$DispatcherServletRegistrationConfiguration$$EnhancerBySpringCGLIB$$71bc6a51$$FastClassBySpringCGLIB$$7b43f0d0
2072:             1             24  org.springframework.boot.autoconfigure.web.servlet.DispatcherServletAutoConfiguration$DispatcherServletRegistrationConfiguration$$FastClassBySpringCGLIB$$20b85eab
2073:             1             24  org.springframework.boot.autoconfigure.web.servlet.ServletWebServerFactoryConfiguration$EmbeddedTomcat$$EnhancerBySpringCGLIB$$2a37b7cb$$FastClassBySpringCGLIB$$7bcadcbb
2074:             1             24  org.springframework.boot.autoconfigure.web.servlet.ServletWebServerFactoryConfiguration$EmbeddedTomcat$$FastClassBySpringCGLIB$$57e7b6e5
2075:             1             24  org.springframework.boot.autoconfigure.web.servlet.WebMvcProperties$Contentnegotiation
2076:             1             24  org.springframework.boot.autoconfigure.web.servlet.WebMvcProperties$View
2077:             1             24  org.springframework.boot.autoconfigure.web.servlet.error.BasicErrorController
2078:             1             24  org.springframework.boot.autoconfigure.web.servlet.error.ErrorMvcAutoConfiguration$DefaultErrorViewResolverConfiguration$$EnhancerBySpringCGLIB$$fff62006$$FastClassBySpringCGLIB$$9055eb8d
2079:             1             24  org.springframework.boot.autoconfigure.web.servlet.error.ErrorMvcAutoConfiguration$DefaultErrorViewResolverConfiguration$$FastClassBySpringCGLIB$$696432c0
2080:             1             24  org.springframework.boot.autoconfigure.web.servlet.error.ErrorMvcAutoConfiguration$ErrorPageCustomizer
2081:             1             24  org.springframework.boot.autoconfigure.web.servlet.error.ErrorMvcAutoConfiguration$SpelView
2082:             1             24  org.springframework.boot.autoconfigure.websocket.servlet.WebSocketServletAutoConfiguration$TomcatWebSocketConfiguration$$EnhancerBySpringCGLIB$$384f5ad0$$FastClassBySpringCGLIB$$cca9b79e
2083:             1             24  org.springframework.boot.autoconfigure.websocket.servlet.WebSocketServletAutoConfiguration$TomcatWebSocketConfiguration$$FastClassBySpringCGLIB$$f1131e4a
2084:             1             24  org.springframework.boot.builder.ParentContextCloserApplicationListener
2085:             1             24  org.springframework.boot.cloud.CloudPlatform$1
2086:             1             24  org.springframework.boot.cloud.CloudPlatform$2
2087:             1             24  org.springframework.boot.cloud.CloudPlatform$3
2088:             1             24  org.springframework.boot.context.ContextIdApplicationContextInitializer$ContextId
2089:             1             24  org.springframework.boot.context.config.ConfigFileApplicationListener$PropertySourceOrderingPostProcessor
2090:             1             24  org.springframework.boot.context.config.DelegatingApplicationListener
2091:             1             24  org.springframework.boot.context.event.EventPublishingRunListener
2092:             1             24  org.springframework.boot.context.properties.ConfigurationBeanFactoryMetadata
2093:             1             24  org.springframework.boot.context.properties.ConfigurationPropertiesBindingPostProcessor
2094:             1             24  org.springframework.boot.context.properties.FilteredPropertySources
2095:             1             24  org.springframework.boot.context.properties.PropertyMapper
2096:             1             24  org.springframework.boot.context.properties.bind.JavaBeanBinder$Bean
2097:             1             24  org.springframework.boot.context.properties.bind.PropertySourcesPlaceholdersResolver
2098:             1             24  org.springframework.boot.context.properties.source.ConfigurationPropertySourcesPropertySource
2099:             1             24  org.springframework.boot.context.properties.source.DefaultPropertyMapper
2100:             1             24  org.springframework.boot.diagnostics.FailureAnalyzers
2101:             1             24  org.springframework.boot.env.OriginTrackedMapPropertySource
2102:             1             24  org.springframework.boot.env.RandomValuePropertySource
2103:             1             24  org.springframework.boot.env.SystemEnvironmentPropertySourceEnvironmentPostProcessor$OriginAwareSystemEnvironmentPropertySource
2104:             1             24  org.springframework.boot.loader.MainMethodRunner
2105:             1             24  org.springframework.boot.loader.archive.JarFileArchive
2106:             1             24  org.springframework.boot.loader.data.RandomAccessDataFile$FileAccess
2107:             1             24  org.springframework.boot.logging.AbstractLoggingSystem$LogLevels
2108:             1             24  org.springframework.boot.origin.OriginTrackedValue
2109:             1             24  org.springframework.boot.type.classreading.ConcurrentReferenceCachingMetadataReaderFactory
2110:             1             24  org.springframework.boot.web.embedded.tomcat.TomcatServletWebServerFactory$StaticResourceConfigurer
2111:             1             24  org.springframework.boot.web.embedded.tomcat.TomcatStarter
2112:             1             24  org.springframework.boot.web.embedded.tomcat.TomcatWebServer$$Lambda$272/231977479
2113:             1             24  org.springframework.boot.web.server.ErrorPage
2114:             1             24  org.springframework.boot.web.server.ErrorPageRegistrarBeanPostProcessor
2115:             1             24  org.springframework.boot.web.server.WebServerFactoryCustomizerBeanPostProcessor
2116:             1             24  org.springframework.boot.web.servlet.context.WebApplicationContextServletContextAwareProcessor
2117:             1             24  org.springframework.boot.web.servlet.server.DocumentRoot
2118:             1             24  org.springframework.boot.web.servlet.server.Jsp
2119:             1             24  org.springframework.cglib.core.EmitUtils$ArrayDelimiters
2120:             1             24  org.springframework.cglib.core.internal.LoadingCache
2121:             1             24  org.springframework.context.annotation.ConfigurationClassEnhancer$ConditionalCallbackFilter
2122:             1             24  org.springframework.context.annotation.ConfigurationClassParser$DeferredImportSelectorHolder
2123:             1             24  org.springframework.context.annotation.ConfigurationClassParser$SourceClass
2124:             1             24  org.springframework.context.annotation.ContextAnnotationAutowireCandidateResolver
2125:             1             24  org.springframework.context.annotation.MBeanExportConfiguration$SpecificPlatform$1
2126:             1             24  org.springframework.context.annotation.MBeanExportConfiguration$SpecificPlatform$2
2127:             1             24  org.springframework.context.event.ContextRefreshedEvent
2128:             1             24  org.springframework.context.event.EventExpressionEvaluator
2129:             1             24  org.springframework.context.support.ApplicationContextAwareProcessor
2130:             1             24  org.springframework.context.support.PostProcessorRegistrationDelegate$BeanPostProcessorChecker
2131:             1             24  org.springframework.context.support.PropertySourcesPlaceholderConfigurer$$Lambda$173/331510866
2132:             1             24  org.springframework.core.Constants$$Lambda$313/1671846437
2133:             1             24  org.springframework.core.OrderComparator$$Lambda$268/1048027629
2134:             1             24  org.springframework.core.ReactiveAdapterRegistry
2135:             1             24  org.springframework.core.env.CommandLineArgs
2136:             1             24  org.springframework.core.env.PropertiesPropertySource
2137:             1             24  org.springframework.core.env.PropertySource$ComparisonPropertySource
2138:             1             24  org.springframework.core.env.SystemEnvironmentPropertySource
2139:             1             24  org.springframework.expression.spel.support.StandardTypeLocator
2140:             1             24  org.springframework.jmx.export.naming.MetadataNamingStrategy
2141:             1             24  org.springframework.jndi.JndiTemplate
2142:             1             24  org.springframework.objenesis.SpringObjenesis
2143:             1             24  org.springframework.util.AntPathMatcher$AntPathStringMatcher
2144:             1             24  org.springframework.util.StopWatch$TaskInfo
2145:             1             24  org.springframework.validation.beanvalidation.LocalValidatorFactoryBean$1
2146:             1             24  org.springframework.web.context.support.ServletContextPropertySource
2147:             1             24  org.springframework.web.context.support.ServletContextResourcePatternResolver
2148:             1             24  org.springframework.web.context.support.ServletContextScope
2149:             1             24  org.springframework.web.method.annotation.RequestHeaderMethodArgumentResolver
2150:             1             24  org.springframework.web.method.support.CompositeUriComponentsContributor
2151:             1             24  org.springframework.web.servlet.handler.HandlerExceptionResolverComposite
2152:             1             24  org.springframework.web.servlet.mvc.method.annotation.ResponseBodyEmitterReturnValueHandler
2153:             1             24  org.springframework.web.servlet.view.ViewResolverComposite
2154:             1             24  org.yaml.snakeyaml.external.com.google.gdata.util.common.base.PercentEscaper
2155:             1             24  sun.launcher.LauncherHelper
2156:             1             24  sun.management.CompilationImpl
2157:             1             24  sun.management.MemoryImpl
2158:             1             24  sun.management.OperatingSystemImpl
2159:             1             24  sun.management.RuntimeImpl
2160:             1             24  sun.management.ThreadImpl
2161:             1             24  sun.management.VMManagementImpl
2162:             1             24  sun.misc.JarIndex
2163:             1             24  sun.misc.ProxyGenerator$ConstantPool
2164:             1             24  sun.nio.ch.Util$BufferCache
2165:             1             24  sun.nio.cs.CESU_8
2166:             1             24  sun.nio.cs.IBM437
2167:             1             24  sun.nio.cs.IBM737
2168:             1             24  sun.nio.cs.IBM775
2169:             1             24  sun.nio.cs.IBM850
2170:             1             24  sun.nio.cs.IBM852
2171:             1             24  sun.nio.cs.IBM855
2172:             1             24  sun.nio.cs.IBM857
2173:             1             24  sun.nio.cs.IBM858
2174:             1             24  sun.nio.cs.IBM862
2175:             1             24  sun.nio.cs.IBM866
2176:             1             24  sun.nio.cs.IBM874
2177:             1             24  sun.nio.cs.ISO_8859_1
2178:             1             24  sun.nio.cs.ISO_8859_13
2179:             1             24  sun.nio.cs.ISO_8859_15
2180:             1             24  sun.nio.cs.ISO_8859_2
2181:             1             24  sun.nio.cs.ISO_8859_4
2182:             1             24  sun.nio.cs.ISO_8859_5
2183:             1             24  sun.nio.cs.ISO_8859_7
2184:             1             24  sun.nio.cs.ISO_8859_9
2185:             1             24  sun.nio.cs.KOI8_R
2186:             1             24  sun.nio.cs.KOI8_U
2187:             1             24  sun.nio.cs.MS1250
2188:             1             24  sun.nio.cs.MS1251
2189:             1             24  sun.nio.cs.MS1252
2190:             1             24  sun.nio.cs.MS1253
2191:             1             24  sun.nio.cs.MS1254
2192:             1             24  sun.nio.cs.MS1257
2193:             1             24  sun.nio.cs.ThreadLocalCoders$1
2194:             1             24  sun.nio.cs.ThreadLocalCoders$2
2195:             1             24  sun.nio.cs.US_ASCII
2196:             1             24  sun.nio.cs.UTF_16
2197:             1             24  sun.nio.cs.UTF_16BE
2198:             1             24  sun.nio.cs.UTF_16LE
2199:             1             24  sun.nio.cs.UTF_16LE_BOM
2200:             1             24  sun.nio.cs.UTF_32
2201:             1             24  sun.nio.cs.UTF_32BE
2202:             1             24  sun.nio.cs.UTF_32BE_BOM
2203:             1             24  sun.nio.cs.UTF_32LE
2204:             1             24  sun.nio.cs.UTF_32LE_BOM
2205:             1             24  sun.nio.cs.UTF_8
2206:             1             24  sun.nio.cs.ext.Big5
2207:             1             24  sun.nio.cs.ext.Big5_HKSCS
2208:             1             24  sun.nio.cs.ext.Big5_HKSCS_2001
2209:             1             24  sun.nio.cs.ext.Big5_Solaris
2210:             1             24  sun.nio.cs.ext.EUC_CN
2211:             1             24  sun.nio.cs.ext.EUC_JP
2212:             1             24  sun.nio.cs.ext.EUC_JP_LINUX
2213:             1             24  sun.nio.cs.ext.EUC_JP_Open
2214:             1             24  sun.nio.cs.ext.EUC_TW
2215:             1             24  sun.nio.cs.ext.GB18030
2216:             1             24  sun.nio.cs.ext.GBK
2217:             1             24  sun.nio.cs.ext.IBM037
2218:             1             24  sun.nio.cs.ext.IBM1006
2219:             1             24  sun.nio.cs.ext.IBM1025
2220:             1             24  sun.nio.cs.ext.IBM1026
2221:             1             24  sun.nio.cs.ext.IBM1046
2222:             1             24  sun.nio.cs.ext.IBM1047
2223:             1             24  sun.nio.cs.ext.IBM1097
2224:             1             24  sun.nio.cs.ext.IBM1098
2225:             1             24  sun.nio.cs.ext.IBM1112
2226:             1             24  sun.nio.cs.ext.IBM1122
2227:             1             24  sun.nio.cs.ext.IBM1123
2228:             1             24  sun.nio.cs.ext.IBM1124
2229:             1             24  sun.nio.cs.ext.IBM1140
2230:             1             24  sun.nio.cs.ext.IBM1141
2231:             1             24  sun.nio.cs.ext.IBM1142
2232:             1             24  sun.nio.cs.ext.IBM1143
2233:             1             24  sun.nio.cs.ext.IBM1144
2234:             1             24  sun.nio.cs.ext.IBM1145
2235:             1             24  sun.nio.cs.ext.IBM1146
2236:             1             24  sun.nio.cs.ext.IBM1147
2237:             1             24  sun.nio.cs.ext.IBM1148
2238:             1             24  sun.nio.cs.ext.IBM1149
2239:             1             24  sun.nio.cs.ext.IBM1166
2240:             1             24  sun.nio.cs.ext.IBM1364
2241:             1             24  sun.nio.cs.ext.IBM1381
2242:             1             24  sun.nio.cs.ext.IBM1383
2243:             1             24  sun.nio.cs.ext.IBM273
2244:             1             24  sun.nio.cs.ext.IBM277
2245:             1             24  sun.nio.cs.ext.IBM278
2246:             1             24  sun.nio.cs.ext.IBM280
2247:             1             24  sun.nio.cs.ext.IBM284
2248:             1             24  sun.nio.cs.ext.IBM285
2249:             1             24  sun.nio.cs.ext.IBM290
2250:             1             24  sun.nio.cs.ext.IBM297
2251:             1             24  sun.nio.cs.ext.IBM300
2252:             1             24  sun.nio.cs.ext.IBM33722
2253:             1             24  sun.nio.cs.ext.IBM420
2254:             1             24  sun.nio.cs.ext.IBM424
2255:             1             24  sun.nio.cs.ext.IBM500
2256:             1             24  sun.nio.cs.ext.IBM833
2257:             1             24  sun.nio.cs.ext.IBM834
2258:             1             24  sun.nio.cs.ext.IBM838
2259:             1             24  sun.nio.cs.ext.IBM856
2260:             1             24  sun.nio.cs.ext.IBM860
2261:             1             24  sun.nio.cs.ext.IBM861
2262:             1             24  sun.nio.cs.ext.IBM863
2263:             1             24  sun.nio.cs.ext.IBM864
2264:             1             24  sun.nio.cs.ext.IBM865
2265:             1             24  sun.nio.cs.ext.IBM868
2266:             1             24  sun.nio.cs.ext.IBM869
2267:             1             24  sun.nio.cs.ext.IBM870
2268:             1             24  sun.nio.cs.ext.IBM871
2269:             1             24  sun.nio.cs.ext.IBM875
2270:             1             24  sun.nio.cs.ext.IBM918
2271:             1             24  sun.nio.cs.ext.IBM921
2272:             1             24  sun.nio.cs.ext.IBM922
2273:             1             24  sun.nio.cs.ext.IBM930
2274:             1             24  sun.nio.cs.ext.IBM933
2275:             1             24  sun.nio.cs.ext.IBM935
2276:             1             24  sun.nio.cs.ext.IBM937
2277:             1             24  sun.nio.cs.ext.IBM939
2278:             1             24  sun.nio.cs.ext.IBM942
2279:             1             24  sun.nio.cs.ext.IBM942C
2280:             1             24  sun.nio.cs.ext.IBM943
2281:             1             24  sun.nio.cs.ext.IBM943C
2282:             1             24  sun.nio.cs.ext.IBM948
2283:             1             24  sun.nio.cs.ext.IBM949
2284:             1             24  sun.nio.cs.ext.IBM949C
2285:             1             24  sun.nio.cs.ext.IBM950
2286:             1             24  sun.nio.cs.ext.IBM964
2287:             1             24  sun.nio.cs.ext.IBM970
2288:             1             24  sun.nio.cs.ext.ISCII91
2289:             1             24  sun.nio.cs.ext.ISO2022_CN
2290:             1             24  sun.nio.cs.ext.ISO2022_CN_CNS
2291:             1             24  sun.nio.cs.ext.ISO2022_CN_GB
2292:             1             24  sun.nio.cs.ext.ISO2022_JP
2293:             1             24  sun.nio.cs.ext.ISO2022_JP_2
2294:             1             24  sun.nio.cs.ext.ISO2022_KR
2295:             1             24  sun.nio.cs.ext.ISO_8859_11
2296:             1             24  sun.nio.cs.ext.ISO_8859_3
2297:             1             24  sun.nio.cs.ext.ISO_8859_6
2298:             1             24  sun.nio.cs.ext.ISO_8859_8
2299:             1             24  sun.nio.cs.ext.JISAutoDetect
2300:             1             24  sun.nio.cs.ext.JIS_X_0201
2301:             1             24  sun.nio.cs.ext.JIS_X_0208
2302:             1             24  sun.nio.cs.ext.JIS_X_0212
2303:             1             24  sun.nio.cs.ext.Johab
2304:             1             24  sun.nio.cs.ext.MS1255
2305:             1             24  sun.nio.cs.ext.MS1256
2306:             1             24  sun.nio.cs.ext.MS1258
2307:             1             24  sun.nio.cs.ext.MS50220
2308:             1             24  sun.nio.cs.ext.MS50221
2309:             1             24  sun.nio.cs.ext.MS874
2310:             1             24  sun.nio.cs.ext.MS932
2311:             1             24  sun.nio.cs.ext.MS932_0213
2312:             1             24  sun.nio.cs.ext.MS936
2313:             1             24  sun.nio.cs.ext.MS949
2314:             1             24  sun.nio.cs.ext.MS950
2315:             1             24  sun.nio.cs.ext.MS950_HKSCS
2316:             1             24  sun.nio.cs.ext.MS950_HKSCS_XP
2317:             1             24  sun.nio.cs.ext.MSISO2022JP
2318:             1             24  sun.nio.cs.ext.MacArabic
2319:             1             24  sun.nio.cs.ext.MacCentralEurope
2320:             1             24  sun.nio.cs.ext.MacCroatian
2321:             1             24  sun.nio.cs.ext.MacCyrillic
2322:             1             24  sun.nio.cs.ext.MacDingbat
2323:             1             24  sun.nio.cs.ext.MacGreek
2324:             1             24  sun.nio.cs.ext.MacHebrew
2325:             1             24  sun.nio.cs.ext.MacIceland
2326:             1             24  sun.nio.cs.ext.MacRoman
2327:             1             24  sun.nio.cs.ext.MacRomania
2328:             1             24  sun.nio.cs.ext.MacSymbol
2329:             1             24  sun.nio.cs.ext.MacThai
2330:             1             24  sun.nio.cs.ext.MacTurkish
2331:             1             24  sun.nio.cs.ext.MacUkraine
2332:             1             24  sun.nio.cs.ext.PCK
2333:             1             24  sun.nio.cs.ext.SJIS
2334:             1             24  sun.nio.cs.ext.SJIS_0213
2335:             1             24  sun.nio.cs.ext.TIS_620
2336:             1             24  sun.nio.fs.NativeBuffer$Deallocator
2337:             1             24  sun.reflect.annotation.AnnotationType$1
2338:             1             24  sun.reflect.annotation.TypeAnnotation$LocationInfo
2339:             1             24  sun.security.action.GetPropertyAction
2340:             1             24  sun.util.locale.BaseLocale$Cache
2341:             1             24  sun.util.locale.provider.CalendarDataProviderImpl
2342:             1             24  sun.util.locale.provider.CalendarProviderImpl
2343:             1             24  sun.util.locale.provider.CurrencyNameProviderImpl
2344:             1             24  sun.util.locale.provider.DateFormatSymbolsProviderImpl
2345:             1             24  sun.util.locale.provider.DecimalFormatSymbolsProviderImpl
2346:             1             24  sun.util.locale.provider.NumberFormatProviderImpl
2347:             1             24  sun.util.locale.provider.TimeZoneNameProviderImpl
2348:             1             16  [Lch.qos.logback.core.Appender;
2349:             1             16  [Lch.qos.logback.core.filter.Filter;
2350:             1             16  [Lcom.fasterxml.classmate.members.RawConstructor;
2351:             1             16  [Lcom.fasterxml.classmate.members.RawField;
2352:             1             16  [Lcom.fasterxml.classmate.members.RawMethod;
2353:             1             16  [Lcom.fasterxml.jackson.databind.AbstractTypeResolver;
2354:             1             16  [Lcom.fasterxml.jackson.databind.deser.BeanDeserializerModifier;
2355:             1             16  [Lcom.fasterxml.jackson.databind.ser.BeanSerializerModifier;
2356:             1             16  [Lcom.fasterxml.jackson.databind.util.ClassUtil$Ctor;
2357:             1             16  [Ljava.beans.EventSetDescriptor;
2358:             1             16  [Ljava.lang.Throwable;
2359:             1             16  [Ljava.lang.reflect.AnnotatedType;
2360:             1             16  [Ljava.nio.file.attribute.FileAttribute;
2361:             1             16  [Ljava.security.Provider;
2362:             1             16  [Ljava.security.cert.Certificate;
2363:             1             16  [Ljava.text.FieldPosition;
2364:             1             16  [Ljava.time.zone.ZoneOffsetTransitionRule;
2365:             1             16  [Ljava.util.logging.Handler;
2366:             1             16  [Lorg.apache.catalina.core.DefaultInstanceManager$AnnotationCacheEntry;
2367:             1             16  [Lorg.apache.catalina.servlets.DefaultServlet$CompressionFormat;
2368:             1             16  [Lorg.apache.tomcat.util.descriptor.web.ApplicationParameter;
2369:             1             16  [Lorg.apache.tomcat.util.descriptor.web.SecurityConstraint;
2370:             1             16  [Lorg.springframework.aop.Advisor;
2371:             1             16  [Lorg.springframework.boot.web.client.RestTemplateCustomizer;
2372:             1             16  [Lorg.springframework.util.MimeType;
2373:             1             16  [Lorg.springframework.web.context.request.async.CallableProcessingInterceptor;
2374:             1             16  [Lorg.springframework.web.context.request.async.DeferredResultProcessingInterceptor;
2375:             1             16  [Lsun.reflect.annotation.TypeAnnotation$LocationInfo$Location;
2376:             1             16  ch.qos.logback.classic.pattern.EnsureExceptionHandling
2377:             1             16  ch.qos.logback.classic.pattern.TargetLengthBasedClassNameAbbreviator
2378:             1             16  ch.qos.logback.classic.selector.DefaultContextSelector
2379:             1             16  ch.qos.logback.core.LifeCycleManager
2380:             1             16  ch.qos.logback.core.joran.spi.ConsoleTarget$1
2381:             1             16  ch.qos.logback.core.joran.spi.ConsoleTarget$2
2382:             1             16  ch.qos.logback.core.spi.AppenderAttachableImpl
2383:             1             16  ch.qos.logback.core.spi.FilterAttachableImpl
2384:             1             16  com.fasterxml.classmate.TypeResolver
2385:             1             16  com.fasterxml.classmate.util.ResolvedTypeCache
2386:             1             16  com.fasterxml.jackson.core.util.DefaultPrettyPrinter$FixedSpaceIndenter
2387:             1             16  com.fasterxml.jackson.core.util.DefaultPrettyPrinter$NopIndenter
2388:             1             16  com.fasterxml.jackson.databind.deser.std.StdKeyDeserializers
2389:             1             16  com.fasterxml.jackson.databind.ext.Java7SupportImpl
2390:             1             16  com.fasterxml.jackson.databind.introspect.AnnotationCollector$NoAnnotations
2391:             1             16  com.fasterxml.jackson.databind.introspect.NopAnnotationIntrospector$1
2392:             1             16  com.fasterxml.jackson.databind.ser.impl.UnknownSerializer
2393:             1             16  com.fasterxml.jackson.databind.ser.std.NullSerializer
2394:             1             16  com.fasterxml.jackson.databind.ser.std.StringSerializer
2395:             1             16  com.fasterxml.jackson.databind.ser.std.UUIDSerializer
2396:             1             16  com.fasterxml.jackson.datatype.jsr310.deser.DurationDeserializer
2397:             1             16  com.fasterxml.jackson.datatype.jsr310.deser.InstantDeserializer$$Lambda$118/903959554
2398:             1             16  com.fasterxml.jackson.datatype.jsr310.deser.InstantDeserializer$$Lambda$119/1415368029
2399:             1             16  com.fasterxml.jackson.datatype.jsr310.deser.InstantDeserializer$$Lambda$120/943806661
2400:             1             16  com.fasterxml.jackson.datatype.jsr310.deser.InstantDeserializer$$Lambda$121/1768749302
2401:             1             16  com.fasterxml.jackson.datatype.jsr310.deser.InstantDeserializer$$Lambda$122/1540948590
2402:             1             16  com.fasterxml.jackson.datatype.jsr310.deser.InstantDeserializer$$Lambda$123/1636338672
2403:             1             16  com.fasterxml.jackson.datatype.jsr310.deser.InstantDeserializer$$Lambda$124/1232227183
2404:             1             16  com.fasterxml.jackson.datatype.jsr310.deser.InstantDeserializer$$Lambda$125/1205314047
2405:             1             16  com.fasterxml.jackson.datatype.jsr310.deser.InstantDeserializer$$Lambda$126/1418596633
2406:             1             16  com.fasterxml.jackson.datatype.jsr310.deser.InstantDeserializer$$Lambda$127/1904007027
2407:             1             16  com.fasterxml.jackson.datatype.jsr310.deser.InstantDeserializer$$Lambda$128/714003200
2408:             1             16  com.fasterxml.jackson.datatype.jsr310.deser.InstantDeserializer$$Lambda$129/1353471991
2409:             1             16  com.fasterxml.jackson.datatype.jsr310.deser.key.DurationKeyDeserializer
2410:             1             16  com.fasterxml.jackson.datatype.jsr310.deser.key.InstantKeyDeserializer
2411:             1             16  com.fasterxml.jackson.datatype.jsr310.deser.key.LocalDateKeyDeserializer
2412:             1             16  com.fasterxml.jackson.datatype.jsr310.deser.key.LocalDateTimeKeyDeserializer
2413:             1             16  com.fasterxml.jackson.datatype.jsr310.deser.key.LocalTimeKeyDeserializer
2414:             1             16  com.fasterxml.jackson.datatype.jsr310.deser.key.MonthDayKeyDeserializer
2415:             1             16  com.fasterxml.jackson.datatype.jsr310.deser.key.OffsetDateTimeKeyDeserializer
2416:             1             16  com.fasterxml.jackson.datatype.jsr310.deser.key.OffsetTimeKeyDeserializer
2417:             1             16  com.fasterxml.jackson.datatype.jsr310.deser.key.PeriodKeyDeserializer
2418:             1             16  com.fasterxml.jackson.datatype.jsr310.deser.key.YearKeyDeserializer
2419:             1             16  com.fasterxml.jackson.datatype.jsr310.deser.key.YearMothKeyDeserializer
2420:             1             16  com.fasterxml.jackson.datatype.jsr310.deser.key.ZoneIdKeyDeserializer
2421:             1             16  com.fasterxml.jackson.datatype.jsr310.deser.key.ZoneOffsetKeyDeserializer
2422:             1             16  com.fasterxml.jackson.datatype.jsr310.deser.key.ZonedDateTimeKeyDeserializer
2423:             1             16  com.fasterxml.jackson.datatype.jsr310.ser.InstantSerializer$$Lambda$130/1066720567
2424:             1             16  com.fasterxml.jackson.datatype.jsr310.ser.InstantSerializer$$Lambda$131/221587165
2425:             1             16  com.fasterxml.jackson.datatype.jsr310.ser.InstantSerializer$$Lambda$132/507751709
2426:             1             16  com.fasterxml.jackson.datatype.jsr310.ser.OffsetDateTimeSerializer$$Lambda$133/2089291925
2427:             1             16  com.fasterxml.jackson.datatype.jsr310.ser.OffsetDateTimeSerializer$$Lambda$134/1176601101
2428:             1             16  com.fasterxml.jackson.datatype.jsr310.ser.OffsetDateTimeSerializer$$Lambda$135/1717185218
2429:             1             16  com.fasterxml.jackson.datatype.jsr310.ser.ZonedDateTimeSerializer$$Lambda$136/641663461
2430:             1             16  com.fasterxml.jackson.datatype.jsr310.ser.ZonedDateTimeSerializer$$Lambda$137/1535112613
2431:             1             16  com.fasterxml.jackson.datatype.jsr310.ser.ZonedDateTimeSerializer$$Lambda$138/1017363389
2432:             1             16  com.fasterxml.jackson.datatype.jsr310.ser.key.ZonedDateTimeKeySerializer
2433:             1             16  com.fasterxml.jackson.module.paramnames.ParameterExtractor
2434:             1             16  com.sun.jmx.interceptor.DefaultMBeanServerInterceptor$ResourceContext$1
2435:             1             16  com.sun.jmx.mbeanserver.DefaultMXBeanMappingFactory
2436:             1             16  com.sun.jmx.mbeanserver.DescriptorCache
2437:             1             16  com.sun.jmx.mbeanserver.MBeanAnalyzer$MethodOrder
2438:             1             16  com.sun.jmx.mbeanserver.MBeanInstantiator
2439:             1             16  com.sun.jmx.mbeanserver.MXBeanIntrospector
2440:             1             16  com.sun.jmx.mbeanserver.SecureClassLoaderRepository
2441:             1             16  com.sun.naming.internal.VersionHelper12
2442:             1             16  com.sun.org.apache.xalan.internal.utils.SecuritySupport
2443:             1             16  com.sun.org.apache.xerces.internal.impl.dv.dtd.DTDDVFactoryImpl
2444:             1             16  com.sun.org.apache.xerces.internal.impl.dv.dtd.IDDatatypeValidator
2445:             1             16  com.sun.org.apache.xerces.internal.impl.dv.dtd.IDREFDatatypeValidator
2446:             1             16  com.sun.org.apache.xerces.internal.impl.dv.dtd.NMTOKENDatatypeValidator
2447:             1             16  com.sun.org.apache.xerces.internal.impl.dv.dtd.NOTATIONDatatypeValidator
2448:             1             16  com.sun.org.apache.xerces.internal.impl.dv.dtd.StringDatatypeValidator
2449:             1             16  com.sun.org.apache.xerces.internal.parsers.AbstractSAXParser$AttributesProxy
2450:             1             16  com.sun.org.apache.xerces.internal.util.EntityResolver2Wrapper
2451:             1             16  com.sun.org.apache.xerces.internal.util.ErrorHandlerWrapper
2452:             1             16  com.sun.org.apache.xerces.internal.utils.SecuritySupport
2453:             1             16  com.sun.proxy.$Proxy10
2454:             1             16  com.sun.proxy.$Proxy11
2455:             1             16  com.sun.proxy.$Proxy13
2456:             1             16  com.sun.proxy.$Proxy14
2457:             1             16  com.sun.proxy.$Proxy15
2458:             1             16  com.sun.proxy.$Proxy17
2459:             1             16  com.sun.proxy.$Proxy20
2460:             1             16  com.sun.proxy.$Proxy22
2461:             1             16  com.sun.proxy.$Proxy31
2462:             1             16  com.sun.proxy.$Proxy39
2463:             1             16  com.sun.proxy.$Proxy46
2464:             1             16  com.sun.proxy.$Proxy53
2465:             1             16  com.sun.proxy.$Proxy57
2466:             1             16  com.sun.proxy.$Proxy58
2467:             1             16  com.sun.proxy.$Proxy60
2468:             1             16  io.github.kimmking.gateway.server.HelloController
2469:             1             16  java.io.Console$1
2470:             1             16  java.io.Console$2
2471:             1             16  java.io.DeleteOnExitHook$1
2472:             1             16  java.io.FileDescriptor$1
2473:             1             16  java.io.FileInputStream$1
2474:             1             16  java.lang.ApplicationShutdownHooks$1
2475:             1             16  java.lang.CharacterData00
2476:             1             16  java.lang.CharacterDataLatin1
2477:             1             16  java.lang.ClassLoader$2
2478:             1             16  java.lang.ClassValue$Identity
2479:             1             16  java.lang.Float
2480:             1             16  java.lang.InheritableThreadLocal
2481:             1             16  java.lang.ProcessEnvironment$CheckedEntrySet
2482:             1             16  java.lang.ProcessEnvironment$CheckedKeySet
2483:             1             16  java.lang.ProcessEnvironment$EntryComparator
2484:             1             16  java.lang.ProcessEnvironment$NameComparator
2485:             1             16  java.lang.Runtime
2486:             1             16  java.lang.String$CaseInsensitiveComparator
2487:             1             16  java.lang.System$2
2488:             1             16  java.lang.Terminator$1
2489:             1             16  java.lang.invoke.MemberName$Factory
2490:             1             16  java.lang.invoke.MethodHandleImpl$2
2491:             1             16  java.lang.invoke.MethodHandleImpl$3
2492:             1             16  java.lang.management.PlatformComponent$1
2493:             1             16  java.lang.management.PlatformComponent$10
2494:             1             16  java.lang.management.PlatformComponent$11
2495:             1             16  java.lang.management.PlatformComponent$12
2496:             1             16  java.lang.management.PlatformComponent$13
2497:             1             16  java.lang.management.PlatformComponent$14
2498:             1             16  java.lang.management.PlatformComponent$15
2499:             1             16  java.lang.management.PlatformComponent$2
2500:             1             16  java.lang.management.PlatformComponent$3
2501:             1             16  java.lang.management.PlatformComponent$4
2502:             1             16  java.lang.management.PlatformComponent$5
2503:             1             16  java.lang.management.PlatformComponent$6
2504:             1             16  java.lang.management.PlatformComponent$7
2505:             1             16  java.lang.management.PlatformComponent$8
2506:             1             16  java.lang.management.PlatformComponent$9
2507:             1             16  java.lang.ref.Reference$1
2508:             1             16  java.lang.ref.Reference$Lock
2509:             1             16  java.lang.reflect.Proxy$KeyFactory
2510:             1             16  java.lang.reflect.Proxy$ProxyClassFactory
2511:             1             16  java.lang.reflect.ReflectAccess
2512:             1             16  java.net.AbstractPlainSocketImpl$1
2513:             1             16  java.net.InetAddress$2
2514:             1             16  java.net.PlainSocketImpl$1
2515:             1             16  java.net.URLClassLoader$7
2516:             1             16  java.nio.Bits$1
2517:             1             16  java.nio.Bits$1$1
2518:             1             16  java.nio.channels.spi.SelectorProvider$1
2519:             1             16  java.nio.charset.CoderResult$1
2520:             1             16  java.nio.charset.CoderResult$2
2521:             1             16  java.nio.file.Files$AcceptAllFilter
2522:             1             16  java.security.ProtectionDomain$2
2523:             1             16  java.security.ProtectionDomain$JavaSecurityAccessImpl
2524:             1             16  java.text.DontCareFieldPosition$1
2525:             1             16  java.time.chrono.AbstractChronology$$Lambda$3/1587487668
2526:             1             16  java.time.chrono.AbstractChronology$$Lambda$4/1848402763
2527:             1             16  java.time.chrono.AbstractChronology$$Lambda$5/2121055098
2528:             1             16  java.time.chrono.IsoChronology
2529:             1             16  java.time.format.DateTimeFormatter$$Lambda$39/1395595761
2530:             1             16  java.time.format.DateTimeFormatter$$Lambda$40/2094068753
2531:             1             16  java.time.format.DateTimeFormatterBuilder$$Lambda$38/1073018711
2532:             1             16  java.time.format.DateTimeFormatterBuilder$2
2533:             1             16  java.time.format.DateTimeFormatterBuilder$InstantPrinterParser
2534:             1             16  java.time.format.DateTimeTextProvider$1
2535:             1             16  java.util.Collections$EmptyEnumeration
2536:             1             16  java.util.Collections$EmptyIterator
2537:             1             16  java.util.Collections$EmptyList
2538:             1             16  java.util.Collections$EmptySet
2539:             1             16  java.util.Collections$ReverseComparator
2540:             1             16  java.util.Collections$UnmodifiableCollection
2541:             1             16  java.util.Currency$CurrencyNameGetter
2542:             1             16  java.util.EnumMap$1
2543:             1             16  java.util.IdentityHashMap$Values
2544:             1             16  java.util.ResourceBundle$Control
2545:             1             16  java.util.Spliterators$EmptySpliterator$OfDouble
2546:             1             16  java.util.Spliterators$EmptySpliterator$OfInt
2547:             1             16  java.util.Spliterators$EmptySpliterator$OfLong
2548:             1             16  java.util.Spliterators$EmptySpliterator$OfRef
2549:             1             16  java.util.WeakHashMap$KeySet
2550:             1             16  java.util.concurrent.ConcurrentSkipListSet
2551:             1             16  java.util.concurrent.ThreadPoolExecutor$AbortPolicy
2552:             1             16  java.util.function.Function$$Lambda$56/2008017533
2553:             1             16  java.util.jar.JavaUtilJarAccessImpl
2554:             1             16  java.util.logging.ErrorManager
2555:             1             16  java.util.logging.LoggingProxyImpl
2556:             1             16  java.util.regex.Pattern$4
2557:             1             16  java.util.regex.Pattern$LastNode
2558:             1             16  java.util.regex.Pattern$Node
2559:             1             16  java.util.stream.Collectors$$Lambda$161/1690254271
2560:             1             16  java.util.stream.Collectors$$Lambda$162/1440047379
2561:             1             16  java.util.stream.Collectors$$Lambda$28/1993134103
2562:             1             16  java.util.stream.Collectors$$Lambda$29/653305407
2563:             1             16  java.util.stream.Collectors$$Lambda$30/604107971
2564:             1             16  java.util.stream.Collectors$$Lambda$31/123961122
2565:             1             16  java.util.stream.Collectors$$Lambda$326/1773283386
2566:             1             16  java.util.stream.Collectors$$Lambda$327/581318631
2567:             1             16  java.util.stream.Collectors$$Lambda$328/1877453512
2568:             1             16  java.util.stream.Collectors$$Lambda$49/281571262
2569:             1             16  java.util.stream.Collectors$$Lambda$50/1121507054
2570:             1             16  java.util.stream.Collectors$$Lambda$51/419611344
2571:             1             16  java.util.stream.Collectors$$Lambda$93/651217989
2572:             1             16  java.util.stream.FindOps$$Lambda$18/1174290147
2573:             1             16  java.util.stream.FindOps$$Lambda$19/1811075214
2574:             1             16  java.util.zip.ZipFile$1
2575:             1             16  javax.management.JMX
2576:             1             16  javax.management.MBeanServerBuilder
2577:             1             16  javax.management.NotificationBroadcasterSupport$1
2578:             1             16  javax.validation.Validation$GetValidationProviderListAction
2579:             1             16  javax.xml.parsers.SecuritySupport
2580:             1             16  javax.xml.transform.SecuritySupport
2581:             1             16  org.apache.catalina.authenticator.AuthenticatorBase$NoOpAuthConfigProvider
2582:             1             16  org.apache.catalina.connector.CoyoteAdapter
2583:             1             16  org.apache.catalina.connector.CoyoteAdapter$1
2584:             1             16  org.apache.catalina.core.AprLifecycleListener
2585:             1             16  org.apache.catalina.core.ContainerBase$ContainerBackgroundProcessor
2586:             1             16  org.apache.catalina.core.StandardContext$1
2587:             1             16  org.apache.catalina.core.StandardHost$MemoryLeakTrackingListener
2588:             1             16  org.apache.catalina.mbeans.MBeanFactory
2589:             1             16  org.apache.catalina.realm.X509SubjectDnRetriever
2590:             1             16  org.apache.catalina.startup.Tomcat$FixContextListener
2591:             1             16  org.apache.catalina.util.CharsetMapper
2592:             1             16  org.apache.el.ExpressionFactoryImpl
2593:             1             16  org.apache.juli.logging.LogFactory
2594:             1             16  org.apache.logging.log4j.message.ParameterizedNoReferenceMessageFactory
2595:             1             16  org.apache.logging.log4j.message.ReusableMessageFactory
2596:             1             16  org.apache.logging.log4j.spi.LoggerRegistry$ConcurrentMapFactory
2597:             1             16  org.apache.logging.log4j.util.LoaderUtil$ThreadContextClassLoaderGetter
2598:             1             16  org.apache.logging.log4j.util.ProviderUtil
2599:             1             16  org.apache.logging.slf4j.SLF4JLoggerContext
2600:             1             16  org.apache.logging.slf4j.SLF4JLoggerContextFactory
2601:             1             16  org.apache.tomcat.util.buf.StringCache
2602:             1             16  org.apache.tomcat.util.compat.Jre8Compat
2603:             1             16  org.apache.tomcat.util.digester.Digester$SystemPropertySource
2604:             1             16  org.apache.tomcat.util.http.CookieProcessorBase$1
2605:             1             16  org.apache.tomcat.util.http.Rfc6265CookieProcessor
2606:             1             16  org.apache.tomcat.util.threads.ThreadPoolExecutor$RejectHandler
2607:             1             16  org.apache.tomcat.websocket.server.WsContextListener
2608:             1             16  org.apache.tomcat.websocket.server.WsFilter
2609:             1             16  org.apache.tomcat.websocket.server.WsSessionListener
2610:             1             16  org.apache.tomcat.websocket.server.WsWriteTimeout$EndpointComparator
2611:             1             16  org.hibernate.validator.HibernateValidator
2612:             1             16  org.hibernate.validator.internal.engine.ConfigurationImpl$$Lambda$48/700995735
2613:             1             16  org.hibernate.validator.internal.engine.DefaultClockProvider
2614:             1             16  org.hibernate.validator.internal.engine.DefaultParameterNameProvider
2615:             1             16  org.hibernate.validator.internal.engine.constraintvalidation.ConstraintValidatorManager$1
2616:             1             16  org.hibernate.validator.internal.engine.groups.ValidationOrderGenerator
2617:             1             16  org.hibernate.validator.internal.engine.resolver.TraverseAllTraversableResolver
2618:             1             16  org.hibernate.validator.internal.engine.valueextraction.AnnotatedObject
2619:             1             16  org.hibernate.validator.internal.engine.valueextraction.BooleanArrayValueExtractor
2620:             1             16  org.hibernate.validator.internal.engine.valueextraction.ByteArrayValueExtractor
2621:             1             16  org.hibernate.validator.internal.engine.valueextraction.CharArrayValueExtractor
2622:             1             16  org.hibernate.validator.internal.engine.valueextraction.DoubleArrayValueExtractor
2623:             1             16  org.hibernate.validator.internal.engine.valueextraction.FloatArrayValueExtractor
2624:             1             16  org.hibernate.validator.internal.engine.valueextraction.IntArrayValueExtractor
2625:             1             16  org.hibernate.validator.internal.engine.valueextraction.IterableValueExtractor
2626:             1             16  org.hibernate.validator.internal.engine.valueextraction.ListPropertyValueExtractor
2627:             1             16  org.hibernate.validator.internal.engine.valueextraction.ListValueExtractor
2628:             1             16  org.hibernate.validator.internal.engine.valueextraction.LongArrayValueExtractor
2629:             1             16  org.hibernate.validator.internal.engine.valueextraction.MapKeyExtractor
2630:             1             16  org.hibernate.validator.internal.engine.valueextraction.MapPropertyKeyExtractor
2631:             1             16  org.hibernate.validator.internal.engine.valueextraction.MapPropertyValueExtractor
2632:             1             16  org.hibernate.validator.internal.engine.valueextraction.MapValueExtractor
2633:             1             16  org.hibernate.validator.internal.engine.valueextraction.ObjectArrayValueExtractor
2634:             1             16  org.hibernate.validator.internal.engine.valueextraction.ObservableValueValueExtractor
2635:             1             16  org.hibernate.validator.internal.engine.valueextraction.OptionalDoubleValueExtractor
2636:             1             16  org.hibernate.validator.internal.engine.valueextraction.OptionalIntValueExtractor
2637:             1             16  org.hibernate.validator.internal.engine.valueextraction.OptionalLongValueExtractor
2638:             1             16  org.hibernate.validator.internal.engine.valueextraction.OptionalValueExtractor
2639:             1             16  org.hibernate.validator.internal.engine.valueextraction.ReadOnlyListPropertyValueExtractor
2640:             1             16  org.hibernate.validator.internal.engine.valueextraction.ReadOnlyMapPropertyKeyExtractor
2641:             1             16  org.hibernate.validator.internal.engine.valueextraction.ReadOnlyMapPropertyValueExtractor
2642:             1             16  org.hibernate.validator.internal.engine.valueextraction.ReadOnlySetPropertyValueExtractor
2643:             1             16  org.hibernate.validator.internal.engine.valueextraction.SetPropertyValueExtractor
2644:             1             16  org.hibernate.validator.internal.engine.valueextraction.ShortArrayValueExtractor
2645:             1             16  org.hibernate.validator.internal.metadata.aggregated.rule.OverridingMethodMustNotAlterParameterConstraints
2646:             1             16  org.hibernate.validator.internal.metadata.aggregated.rule.ParallelMethodsMustNotDefineGroupConversionForCascadedReturnValue
2647:             1             16  org.hibernate.validator.internal.metadata.aggregated.rule.ParallelMethodsMustNotDefineParameterConstraints
2648:             1             16  org.hibernate.validator.internal.metadata.aggregated.rule.ReturnValueMayOnlyBeMarkedOnceAsCascadedPerHierarchyLine
2649:             1             16  org.hibernate.validator.internal.metadata.aggregated.rule.VoidMethodsMustNotBeReturnValueConstrained
2650:             1             16  org.hibernate.validator.internal.metadata.core.ConstraintHelper$ValidatorDescriptorMap
2651:             1             16  org.hibernate.validator.internal.metadata.provider.AnnotationMetaDataProvider$$Lambda$92/1043919984
2652:             1             16  org.hibernate.validator.internal.util.ExecutableHelper
2653:             1             16  org.hibernate.validator.internal.util.ExecutableParameterNameProvider
2654:             1             16  org.hibernate.validator.internal.util.TypeResolutionHelper
2655:             1             16  org.hibernate.validator.internal.util.logging.Messages_$bundle
2656:             1             16  org.hibernate.validator.resourceloading.PlatformResourceBundleLocator$AggregateResourceBundleControl
2657:             1             16  org.jboss.logging.Log4j2LoggerProvider
2658:             1             16  org.slf4j.helpers.NOPLoggerFactory
2659:             1             16  org.springframework.aop.Advisor$1
2660:             1             16  org.springframework.aop.TrueMethodMatcher
2661:             1             16  org.springframework.aop.TruePointcut
2662:             1             16  org.springframework.aop.framework.DefaultAdvisorChainFactory
2663:             1             16  org.springframework.aop.framework.DefaultAopProxyFactory
2664:             1             16  org.springframework.beans.CachedIntrospectionResults$$Lambda$329/1989184704
2665:             1             16  org.springframework.beans.CachedIntrospectionResults$$Lambda$330/611572016
2666:             1             16  org.springframework.beans.CachedIntrospectionResults$$Lambda$331/889486595
2667:             1             16  org.springframework.beans.ExtendedBeanInfo$$Lambda$286/589835301
2668:             1             16  org.springframework.beans.ExtendedBeanInfoFactory
2669:             1             16  org.springframework.beans.factory.parsing.FailFastProblemReporter
2670:             1             16  org.springframework.beans.factory.parsing.PassThroughSourceExtractor
2671:             1             16  org.springframework.beans.factory.support.AutowireUtils$$Lambda$157/701141022
2672:             1             16  org.springframework.beans.factory.support.AutowireUtils$$Lambda$171/1543237999
2673:             1             16  org.springframework.beans.factory.support.CglibSubclassingInstantiationStrategy
2674:             1             16  org.springframework.beans.factory.support.DefaultSingletonBeanRegistry$$Lambda$113/13648335
2675:             1             16  org.springframework.beans.factory.support.DefaultSingletonBeanRegistry$$Lambda$114/312116338
2676:             1             16  org.springframework.boot.ClearCachesApplicationListener
2677:             1             16  org.springframework.boot.SpringBootBanner
2678:             1             16  org.springframework.boot.StartupInfoLogger
2679:             1             16  org.springframework.boot.autoconfigure.AutoConfigurationImportSelector$$Lambda$143/1811044090
2680:             1             16  org.springframework.boot.autoconfigure.AutoConfigurationPackages$Registrar
2681:             1             16  org.springframework.boot.autoconfigure.BackgroundPreinitializer
2682:             1             16  org.springframework.boot.autoconfigure.BackgroundPreinitializer$1
2683:             1             16  org.springframework.boot.autoconfigure.BackgroundPreinitializer$MBeanFactoryInitializer
2684:             1             16  org.springframework.boot.autoconfigure.SharedMetadataReaderFactoryContextInitializer
2685:             1             16  org.springframework.boot.autoconfigure.SharedMetadataReaderFactoryContextInitializer$CachingMetadataReaderFactoryPostProcessor
2686:             1             16  org.springframework.boot.autoconfigure.SharedMetadataReaderFactoryContextInitializer$SharedMetadataReaderFactoryBean
2687:             1             16  org.springframework.boot.autoconfigure.condition.BeanTypeRegistry$$Lambda$159/422250493
2688:             1             16  org.springframework.boot.autoconfigure.condition.BeanTypeRegistry$$Lambda$160/1690287238
2689:             1             16  org.springframework.boot.autoconfigure.condition.ConditionEvaluationReport$$Lambda$319/1219161283
2690:             1             16  org.springframework.boot.autoconfigure.condition.ConditionEvaluationReport$AncestorsMatchedCondition
2691:             1             16  org.springframework.boot.autoconfigure.context.MessageSourceAutoConfiguration$ResourceBundleCondition
2692:             1             16  org.springframework.boot.autoconfigure.http.HttpMessageConverters
2693:             1             16  org.springframework.boot.autoconfigure.http.codec.CodecsAutoConfiguration$JacksonCodecConfiguration$$Lambda$314/1100767002
2694:             1             16  org.springframework.boot.autoconfigure.info.ProjectInfoProperties$Build
2695:             1             16  org.springframework.boot.autoconfigure.info.ProjectInfoProperties$Git
2696:             1             16  org.springframework.boot.autoconfigure.jdbc.DataSourceBeanCreationFailureAnalyzer
2697:             1             16  org.springframework.boot.autoconfigure.logging.ConditionEvaluationReportLoggingListener$ConditionEvaluationReportListener
2698:             1             16  org.springframework.boot.autoconfigure.session.NonUniqueSessionRepositoryFailureAnalyzer
2699:             1             16  org.springframework.boot.autoconfigure.template.TemplateAvailabilityProviders$NoTemplateAvailabilityProvider
2700:             1             16  org.springframework.boot.autoconfigure.validation.PrimaryDefaultValidatorPostProcessor
2701:             1             16  org.springframework.boot.autoconfigure.web.ErrorProperties$Whitelabel
2702:             1             16  org.springframework.boot.autoconfigure.web.OnEnabledResourceChainCondition
2703:             1             16  org.springframework.boot.autoconfigure.web.ServerProperties$Tomcat$Resource
2704:             1             16  org.springframework.boot.autoconfigure.web.embedded.EmbeddedWebServerFactoryCustomizerAutoConfiguration$TomcatWebServerFactoryCustomizerConfiguration
2705:             1             16  org.springframework.boot.autoconfigure.web.embedded.TomcatWebServerFactoryCustomizer$$Lambda$234/1411892748
2706:             1             16  org.springframework.boot.autoconfigure.web.embedded.TomcatWebServerFactoryCustomizer$$Lambda$238/1024429571
2707:             1             16  org.springframework.boot.autoconfigure.web.embedded.TomcatWebServerFactoryCustomizer$$Lambda$250/1582785598
2708:             1             16  org.springframework.boot.autoconfigure.web.embedded.TomcatWebServerFactoryCustomizer$$Lambda$253/2134991632
2709:             1             16  org.springframework.boot.autoconfigure.web.embedded.TomcatWebServerFactoryCustomizer$$Lambda$265/233021551
2710:             1             16  org.springframework.boot.autoconfigure.web.servlet.DispatcherServletAutoConfiguration$DefaultDispatcherServletCondition
2711:             1             16  org.springframework.boot.autoconfigure.web.servlet.DispatcherServletAutoConfiguration$DispatcherServletRegistrationCondition
2712:             1             16  org.springframework.boot.autoconfigure.web.servlet.HttpEncodingAutoConfiguration$LocaleCharsetMappingsCustomizer
2713:             1             16  org.springframework.boot.autoconfigure.web.servlet.ServletWebServerFactoryAutoConfiguration$BeanPostProcessorsRegistrar
2714:             1             16  org.springframework.boot.autoconfigure.web.servlet.ServletWebServerFactoryCustomizer
2715:             1             16  org.springframework.boot.autoconfigure.web.servlet.TomcatServletWebServerFactoryCustomizer
2716:             1             16  org.springframework.boot.autoconfigure.web.servlet.WebMvcAutoConfiguration$WebMvcAutoConfigurationAdapter$$Lambda$311/416153648
2717:             1             16  org.springframework.boot.autoconfigure.web.servlet.WebMvcAutoConfiguration$WebMvcAutoConfigurationAdapter$$Lambda$312/71587369
2718:             1             16  org.springframework.boot.autoconfigure.web.servlet.WebMvcProperties$Async
2719:             1             16  org.springframework.boot.autoconfigure.web.servlet.WebMvcProperties$Pathmatch
2720:             1             16  org.springframework.boot.autoconfigure.web.servlet.WebMvcProperties$Servlet
2721:             1             16  org.springframework.boot.autoconfigure.web.servlet.error.ErrorMvcAutoConfiguration$ErrorTemplateMissingCondition
2722:             1             16  org.springframework.boot.autoconfigure.web.servlet.error.ErrorMvcAutoConfiguration$PreserveErrorControllerTargetClassPostProcessor
2723:             1             16  org.springframework.boot.autoconfigure.websocket.servlet.TomcatWebSocketServletWebServerCustomizer
2724:             1             16  org.springframework.boot.autoconfigure.websocket.servlet.TomcatWebSocketServletWebServerCustomizer$$Lambda$205/673068808
2725:             1             16  org.springframework.boot.context.ConfigurationWarningsApplicationContextInitializer
2726:             1             16  org.springframework.boot.context.ConfigurationWarningsApplicationContextInitializer$ComponentScanPackageCheck
2727:             1             16  org.springframework.boot.context.ConfigurationWarningsApplicationContextInitializer$ConfigurationWarningsPostProcessor
2728:             1             16  org.springframework.boot.context.ContextIdApplicationContextInitializer
2729:             1             16  org.springframework.boot.context.FileEncodingApplicationListener
2730:             1             16  org.springframework.boot.context.TypeExcludeFilter
2731:             1             16  org.springframework.boot.context.config.AnsiOutputApplicationListener
2732:             1             16  org.springframework.boot.context.config.AnsiOutputApplicationListener$$Lambda$79/1500056228
2733:             1             16  org.springframework.boot.context.config.ConfigFileApplicationListener$Loader$$Lambda$26/1579572132
2734:             1             16  org.springframework.boot.context.config.ConfigFileApplicationListener$Loader$$Lambda$33/971848845
2735:             1             16  org.springframework.boot.context.config.ConfigFileApplicationListener$Loader$$Lambda$66/429313384
2736:             1             16  org.springframework.boot.context.config.ConfigFileApplicationListener$Loader$$Lambda$70/5592464
2737:             1             16  org.springframework.boot.context.config.DelegatingApplicationContextInitializer
2738:             1             16  org.springframework.boot.context.logging.ClasspathLoggingApplicationListener
2739:             1             16  org.springframework.boot.context.logging.LoggingApplicationListener$$Lambda$96/1870252780
2740:             1             16  org.springframework.boot.context.properties.CompositePropertySources
2741:             1             16  org.springframework.boot.context.properties.CompositePropertySources$$Lambda$186/1415157681
2742:             1             16  org.springframework.boot.context.properties.ConfigurationPropertiesBinder$$Lambda$185/2014866032
2743:             1             16  org.springframework.boot.context.properties.EnableConfigurationPropertiesImportSelector$ConfigurationPropertiesBeanRegistrar$$Lambda$164/1007653873
2744:             1             16  org.springframework.boot.context.properties.EnableConfigurationPropertiesImportSelector$ConfigurationPropertiesBeanRegistrar$$Lambda$165/836514715
2745:             1             16  org.springframework.boot.context.properties.EnableConfigurationPropertiesImportSelector$ConfigurationPropertiesBeanRegistrar$$Lambda$166/1414521932
2746:             1             16  org.springframework.boot.context.properties.PropertyMapper$$Lambda$206/520232556
2747:             1             16  org.springframework.boot.context.properties.PropertyMapper$Source$$Lambda$209/1412925683
2748:             1             16  org.springframework.boot.context.properties.bind.BindHandler$1
2749:             1             16  org.springframework.boot.context.properties.bind.BindResult
2750:             1             16  org.springframework.boot.context.properties.bind.Binder$$Lambda$192/614685048
2751:             1             16  org.springframework.boot.context.properties.bind.Binder$$Lambda$53/2051450519
2752:             1             16  org.springframework.boot.context.properties.bind.JavaBeanBinder
2753:             1             16  org.springframework.boot.context.properties.bind.JavaBeanBinder$Bean$$Lambda$194/265119009
2754:             1             16  org.springframework.boot.context.properties.bind.JavaBeanBinder$Bean$$Lambda$196/838411509
2755:             1             16  org.springframework.boot.context.properties.bind.JavaBeanBinder$Bean$$Lambda$197/1434041222
2756:             1             16  org.springframework.boot.context.properties.source.ConfigurationPropertyName$$Lambda$58/1603195447
2757:             1             16  org.springframework.boot.context.properties.source.ConfigurationPropertyName$$Lambda$73/380936215
2758:             1             16  org.springframework.boot.context.properties.source.ConfigurationPropertyName$CharProcessor$$Lambda$59/1094834071
2759:             1             16  org.springframework.boot.context.properties.source.ConfigurationPropertyName$CharProcessor$$Lambda$60/1761061602
2760:             1             16  org.springframework.boot.context.properties.source.SpringConfigurationPropertySource$$Lambda$47/1018081122
2761:             1             16  org.springframework.boot.context.properties.source.SpringConfigurationPropertySource$$Lambda$78/104739310
2762:             1             16  org.springframework.boot.context.properties.source.SystemEnvironmentPropertyMapper
2763:             1             16  org.springframework.boot.context.properties.source.SystemEnvironmentPropertyMapper$$Lambda$76/1555845260
2764:             1             16  org.springframework.boot.convert.CharArrayFormatter
2765:             1             16  org.springframework.boot.convert.DurationToNumberConverter
2766:             1             16  org.springframework.boot.convert.DurationToStringConverter
2767:             1             16  org.springframework.boot.convert.InetAddressFormatter
2768:             1             16  org.springframework.boot.convert.IsoOffsetFormatter
2769:             1             16  org.springframework.boot.convert.NumberToDurationConverter
2770:             1             16  org.springframework.boot.convert.StringToEnumIgnoringCaseConverterFactory
2771:             1             16  org.springframework.boot.diagnostics.analyzer.BeanCurrentlyInCreationFailureAnalyzer
2772:             1             16  org.springframework.boot.diagnostics.analyzer.BeanNotOfRequiredTypeFailureAnalyzer
2773:             1             16  org.springframework.boot.diagnostics.analyzer.BindFailureAnalyzer
2774:             1             16  org.springframework.boot.diagnostics.analyzer.BindValidationFailureAnalyzer
2775:             1             16  org.springframework.boot.diagnostics.analyzer.ConnectorStartFailureAnalyzer
2776:             1             16  org.springframework.boot.diagnostics.analyzer.InvalidConfigurationPropertyNameFailureAnalyzer
2777:             1             16  org.springframework.boot.diagnostics.analyzer.InvalidConfigurationPropertyValueFailureAnalyzer
2778:             1             16  org.springframework.boot.diagnostics.analyzer.NoUniqueBeanDefinitionFailureAnalyzer
2779:             1             16  org.springframework.boot.diagnostics.analyzer.PortInUseFailureAnalyzer
2780:             1             16  org.springframework.boot.diagnostics.analyzer.UnboundConfigurationPropertyFailureAnalyzer
2781:             1             16  org.springframework.boot.diagnostics.analyzer.ValidationExceptionFailureAnalyzer
2782:             1             16  org.springframework.boot.env.OriginTrackedYamlLoader$OriginTrackingConstructor$$Lambda$42/991505714
2783:             1             16  org.springframework.boot.env.SpringApplicationJsonEnvironmentPostProcessor$$Lambda$22/2110121908
2784:             1             16  org.springframework.boot.env.SpringApplicationJsonEnvironmentPostProcessor$$Lambda$24/1973538135
2785:             1             16  org.springframework.boot.json.JacksonJsonParser$ListTypeReference
2786:             1             16  org.springframework.boot.json.JacksonJsonParser$MapTypeReference
2787:             1             16  org.springframework.boot.liquibase.LiquibaseServiceLocatorApplicationListener
2788:             1             16  org.springframework.boot.loader.JarLauncher
2789:             1             16  org.springframework.boot.loader.jar.JarFile$$Lambda$6/1996181658
2790:             1             16  org.springframework.boot.loader.jar.JarURLConnection$1
2791:             1             16  org.springframework.boot.logging.DeferredLog
2792:             1             16  org.springframework.boot.logging.LoggerConfigurationComparator
2793:             1             16  org.springframework.boot.logging.LoggingSystem$$Lambda$21/250075633
2794:             1             16  org.springframework.boot.logging.logback.LogbackLoggingSystem
2795:             1             16  org.springframework.boot.util.LambdaSafe$InvocationResult
2796:             1             16  org.springframework.boot.web.context.ServerPortInfoApplicationContextInitializer
2797:             1             16  org.springframework.boot.web.embedded.tomcat.TomcatServletWebServerFactory$DisablePersistSessionListener
2798:             1             16  org.springframework.boot.web.embedded.tomcat.TomcatWebServer$$Lambda$322/283717519
2799:             1             16  org.springframework.boot.web.embedded.tomcat.TomcatWebServer$$Lambda$323/2095303566
2800:             1             16  org.springframework.boot.web.embedded.tomcat.TomcatWebServer$$Lambda$324/2025221430
2801:             1             16  org.springframework.boot.web.server.Http2
2802:             1             16  org.springframework.boot.web.servlet.ServletContextInitializerBeans$$Lambda$275/1100331952
2803:             1             16  org.springframework.boot.web.servlet.ServletContextInitializerBeans$$Lambda$276/1039380897
2804:             1             16  org.springframework.boot.web.servlet.context.ServletWebServerApplicationContext$$Lambda$269/302870502
2805:             1             16  org.springframework.boot.web.servlet.error.DefaultErrorAttributes
2806:             1             16  org.springframework.boot.web.servlet.server.AbstractServletWebServerFactory$$Lambda$271/572191680
2807:             1             16  org.springframework.boot.web.servlet.server.AbstractServletWebServerFactory$SessionConfiguringInitializer
2808:             1             16  org.springframework.boot.web.servlet.server.SessionStoreDirectory
2809:             1             16  org.springframework.boot.web.servlet.server.StaticResourceJars
2810:             1             16  org.springframework.cglib.core.AbstractClassGenerator$ClassLoaderData$1
2811:             1             16  org.springframework.cglib.core.AbstractClassGenerator$ClassLoaderData$2
2812:             1             16  org.springframework.cglib.core.AbstractClassGenerator$ClassLoaderData$3
2813:             1             16  org.springframework.cglib.core.DefaultGeneratorStrategy
2814:             1             16  org.springframework.cglib.core.DefaultNamingPolicy
2815:             1             16  org.springframework.cglib.core.KeyFactory$1
2816:             1             16  org.springframework.cglib.core.KeyFactory$2
2817:             1             16  org.springframework.cglib.core.KeyFactory$3
2818:             1             16  org.springframework.cglib.core.KeyFactory$4
2819:             1             16  org.springframework.cglib.core.MethodInfoTransformer
2820:             1             16  org.springframework.cglib.core.SpringNamingPolicy
2821:             1             16  org.springframework.cglib.core.internal.LoadingCache$1
2822:             1             16  org.springframework.cglib.proxy.Enhancer$1
2823:             1             16  org.springframework.cglib.proxy.FixedValueGenerator
2824:             1             16  org.springframework.cglib.proxy.InvocationHandlerGenerator
2825:             1             16  org.springframework.cglib.proxy.LazyLoaderGenerator
2826:             1             16  org.springframework.cglib.proxy.MethodInterceptorGenerator
2827:             1             16  org.springframework.cglib.proxy.MethodInterceptorGenerator$1
2828:             1             16  org.springframework.cglib.proxy.NoOp$1
2829:             1             16  org.springframework.cglib.proxy.NoOpGenerator
2830:             1             16  org.springframework.context.annotation.ConfigurationClassEnhancer$BeanFactoryAwareMethodInterceptor
2831:             1             16  org.springframework.context.annotation.ConfigurationClassEnhancer$BeanMethodInterceptor
2832:             1             16  org.springframework.context.annotation.ConfigurationClassParser$$Lambda$117/1134712904
2833:             1             16  org.springframework.context.annotation.ConfigurationClassPostProcessor$$Lambda$116/2083562754
2834:             1             16  org.springframework.context.annotation.ConfigurationClassPostProcessor$1
2835:             1             16  org.springframework.context.annotation.ConfigurationClassPostProcessor$ImportAwareBeanPostProcessor
2836:             1             16  org.springframework.context.event.DefaultEventListenerFactory
2837:             1             16  org.springframework.context.event.EventListenerMethodProcessor$$Lambda$315/2005733474
2838:             1             16  org.springframework.context.expression.BeanExpressionContextAccessor
2839:             1             16  org.springframework.context.expression.BeanFactoryAccessor
2840:             1             16  org.springframework.context.expression.BeanFactoryResolver
2841:             1             16  org.springframework.context.expression.EnvironmentAccessor
2842:             1             16  org.springframework.context.expression.MapAccessor
2843:             1             16  org.springframework.context.expression.StandardBeanExpressionResolver$1
2844:             1             16  org.springframework.context.index.CandidateComponentsIndexLoader$$Lambda$108/466002798
2845:             1             16  org.springframework.core.$Proxy54
2846:             1             16  org.springframework.core.$Proxy59
2847:             1             16  org.springframework.core.OrderComparator
2848:             1             16  org.springframework.core.ResolvableType$EmptyType
2849:             1             16  org.springframework.core.annotation.AnnotatedElementUtils$AlwaysTrueBooleanAnnotationProcessor
2850:             1             16  org.springframework.core.annotation.AnnotationAwareOrderComparator
2851:             1             16  org.springframework.core.io.DefaultResourceLoader$$Lambda$107/761960786
2852:             1             16  org.springframework.core.io.DescriptiveResource
2853:             1             16  org.springframework.core.io.support.DefaultPropertySourceFactory
2854:             1             16  org.springframework.expression.spel.support.StandardOperatorOverloader
2855:             1             16  org.springframework.expression.spel.support.StandardTypeComparator
2856:             1             16  org.springframework.http.MediaType$$Lambda$103/955335290
2857:             1             16  org.springframework.http.MediaType$1
2858:             1             16  org.springframework.http.converter.json.SpringHandlerInstantiator
2859:             1             16  org.springframework.http.converter.xml.Jaxb2RootElementHttpMessageConverter$$Lambda$106/1319138552
2860:             1             16  org.springframework.http.converter.xml.SourceHttpMessageConverter$$Lambda$104/250545538
2861:             1             16  org.springframework.http.converter.xml.SourceHttpMessageConverter$$Lambda$105/2049653205
2862:             1             16  org.springframework.jmx.export.MBeanExporter$$Lambda$316/521081105
2863:             1             16  org.springframework.jmx.export.MBeanExporter$$Lambda$317/1448247698
2864:             1             16  org.springframework.objenesis.strategy.StdInstantiatorStrategy
2865:             1             16  org.springframework.util.ClassUtils$$Lambda$8/626202354
2866:             1             16  org.springframework.util.ConcurrentReferenceHashMap$EntrySet
2867:             1             16  org.springframework.util.DefaultPropertiesPersister
2868:             1             16  org.springframework.util.LinkedMultiValueMap$$Lambda$13/1030870354
2869:             1             16  org.springframework.util.LinkedMultiValueMap$$Lambda$9/42768293
2870:             1             16  org.springframework.util.MimeType$SpecificityComparator
2871:             1             16  org.springframework.util.ReflectionUtils$$Lambda$10/1160264930
2872:             1             16  org.springframework.util.ReflectionUtils$$Lambda$11/2007328737
2873:             1             16  org.springframework.util.ReflectionUtils$$Lambda$12/1936628443
2874:             1             16  org.springframework.validation.beanvalidation.LocaleContextMessageInterpolator
2875:             1             16  org.springframework.validation.beanvalidation.MethodValidationInterceptor
2876:             1             16  org.springframework.validation.beanvalidation.SpringConstraintValidatorFactory
2877:             1             16  org.springframework.web.bind.support.DefaultSessionAttributeStore
2878:             1             16  org.springframework.web.context.request.SessionScope
2879:             1             16  org.springframework.web.context.support.WebApplicationContextUtils$RequestObjectFactory
2880:             1             16  org.springframework.web.context.support.WebApplicationContextUtils$ResponseObjectFactory
2881:             1             16  org.springframework.web.context.support.WebApplicationContextUtils$SessionObjectFactory
2882:             1             16  org.springframework.web.context.support.WebApplicationContextUtils$WebRequestObjectFactory
2883:             1             16  org.springframework.web.method.annotation.ErrorsMethodArgumentResolver
2884:             1             16  org.springframework.web.method.annotation.RequestHeaderMapMethodArgumentResolver
2885:             1             16  org.springframework.web.method.annotation.SessionStatusMethodArgumentResolver
2886:             1             16  org.springframework.web.multipart.support.StandardServletMultipartResolver
2887:             1             16  org.springframework.web.servlet.config.annotation.InterceptorRegistry$$Lambda$287/26728049
2888:             1             16  org.springframework.web.servlet.config.annotation.InterceptorRegistry$$Lambda$288/576936864
2889:             1             16  org.springframework.web.servlet.config.annotation.WebMvcConfigurerComposite
2890:             1             16  org.springframework.web.servlet.handler.AbstractHandlerMethodMapping$EmptyHandler
2891:             1             16  org.springframework.web.servlet.handler.ConversionServiceExposingInterceptor
2892:             1             16  org.springframework.web.servlet.mvc.HttpRequestHandlerAdapter
2893:             1             16  org.springframework.web.servlet.mvc.SimpleControllerHandlerAdapter
2894:             1             16  org.springframework.web.servlet.mvc.method.RequestMappingInfoHandlerMethodMappingNamingStrategy
2895:             1             16  org.springframework.web.servlet.mvc.method.annotation.AsyncTaskMethodReturnValueHandler
2896:             1             16  org.springframework.web.servlet.mvc.method.annotation.CallableMethodReturnValueHandler
2897:             1             16  org.springframework.web.servlet.mvc.method.annotation.DeferredResultMethodReturnValueHandler
2898:             1             16  org.springframework.web.servlet.mvc.method.annotation.HttpHeadersReturnValueHandler
2899:             1             16  org.springframework.web.servlet.mvc.method.annotation.JsonViewRequestBodyAdvice
2900:             1             16  org.springframework.web.servlet.mvc.method.annotation.RequestMappingHandlerAdapter$$Lambda$281/453523494
2901:             1             16  org.springframework.web.servlet.mvc.method.annotation.RequestMappingHandlerAdapter$$Lambda$282/274722023
2902:             1             16  org.springframework.web.servlet.mvc.method.annotation.StreamingResponseBodyReturnValueHandler
2903:             1             16  org.springframework.web.servlet.mvc.method.annotation.UriComponentsBuilderMethodArgumentResolver
2904:             1             16  org.springframework.web.servlet.resource.ResourceUrlProviderExposingInterceptor
2905:             1             16  org.springframework.web.servlet.view.AbstractCachingViewResolver$1
2906:             1             16  org.springframework.web.servlet.view.ContentNegotiatingViewResolver$1
2907:             1             16  org.yaml.snakeyaml.constructor.SafeConstructor$ConstructUndefined
2908:             1             16  org.yaml.snakeyaml.external.com.google.gdata.util.common.base.UnicodeEscaper$2
2909:             1             16  sun.management.ClassLoadingImpl
2910:             1             16  sun.management.HotSpotDiagnostic
2911:             1             16  sun.management.ManagementFactoryHelper$PlatformLoggingImpl
2912:             1             16  sun.misc.ASCIICaseInsensitiveComparator
2913:             1             16  sun.misc.FloatingDecimal$1
2914:             1             16  sun.misc.Launcher
2915:             1             16  sun.misc.Launcher$Factory
2916:             1             16  sun.misc.Perf
2917:             1             16  sun.misc.Unsafe
2918:             1             16  sun.net.ExtendedOptionsImpl$$Lambda$321/2041605291
2919:             1             16  sun.net.www.protocol.jar.JarFileFactory
2920:             1             16  sun.nio.ch.ExtendedSocketOption$1
2921:             1             16  sun.nio.ch.FileChannelImpl$1
2922:             1             16  sun.nio.ch.Net$1
2923:             1             16  sun.nio.ch.Net$3
2924:             1             16  sun.nio.ch.Net$4
2925:             1             16  sun.nio.ch.Util$1
2926:             1             16  sun.nio.ch.Util$2
2927:             1             16  sun.nio.ch.WindowsSelectorProvider
2928:             1             16  sun.nio.cs.CharsetMapping$2
2929:             1             16  sun.nio.cs.CharsetMapping$3
2930:             1             16  sun.nio.cs.CharsetMapping$4
2931:             1             16  sun.nio.fs.WindowsFileSystemProvider
2932:             1             16  sun.reflect.GeneratedConstructorAccessor1
2933:             1             16  sun.reflect.GeneratedConstructorAccessor10
2934:             1             16  sun.reflect.GeneratedConstructorAccessor11
2935:             1             16  sun.reflect.GeneratedConstructorAccessor12
2936:             1             16  sun.reflect.GeneratedConstructorAccessor13
2937:             1             16  sun.reflect.GeneratedConstructorAccessor14
2938:             1             16  sun.reflect.GeneratedConstructorAccessor15
2939:             1             16  sun.reflect.GeneratedConstructorAccessor16
2940:             1             16  sun.reflect.GeneratedConstructorAccessor17
2941:             1             16  sun.reflect.GeneratedConstructorAccessor18
2942:             1             16  sun.reflect.GeneratedConstructorAccessor19
2943:             1             16  sun.reflect.GeneratedConstructorAccessor2
2944:             1             16  sun.reflect.GeneratedConstructorAccessor20
2945:             1             16  sun.reflect.GeneratedConstructorAccessor21
2946:             1             16  sun.reflect.GeneratedConstructorAccessor22
2947:             1             16  sun.reflect.GeneratedConstructorAccessor23
2948:             1             16  sun.reflect.GeneratedConstructorAccessor24
2949:             1             16  sun.reflect.GeneratedConstructorAccessor25
2950:             1             16  sun.reflect.GeneratedConstructorAccessor26
2951:             1             16  sun.reflect.GeneratedConstructorAccessor3
2952:             1             16  sun.reflect.GeneratedConstructorAccessor4
2953:             1             16  sun.reflect.GeneratedConstructorAccessor5
2954:             1             16  sun.reflect.GeneratedConstructorAccessor6
2955:             1             16  sun.reflect.GeneratedConstructorAccessor7
2956:             1             16  sun.reflect.GeneratedConstructorAccessor8
2957:             1             16  sun.reflect.GeneratedConstructorAccessor9
2958:             1             16  sun.reflect.GeneratedMethodAccessor1
2959:             1             16  sun.reflect.GeneratedMethodAccessor10
2960:             1             16  sun.reflect.GeneratedMethodAccessor11
2961:             1             16  sun.reflect.GeneratedMethodAccessor12
2962:             1             16  sun.reflect.GeneratedMethodAccessor13
2963:             1             16  sun.reflect.GeneratedMethodAccessor14
2964:             1             16  sun.reflect.GeneratedMethodAccessor15
2965:             1             16  sun.reflect.GeneratedMethodAccessor16
2966:             1             16  sun.reflect.GeneratedMethodAccessor17
2967:             1             16  sun.reflect.GeneratedMethodAccessor18
2968:             1             16  sun.reflect.GeneratedMethodAccessor19
2969:             1             16  sun.reflect.GeneratedMethodAccessor2
2970:             1             16  sun.reflect.GeneratedMethodAccessor20
2971:             1             16  sun.reflect.GeneratedMethodAccessor21
2972:             1             16  sun.reflect.GeneratedMethodAccessor22
2973:             1             16  sun.reflect.GeneratedMethodAccessor23
2974:             1             16  sun.reflect.GeneratedMethodAccessor24
2975:             1             16  sun.reflect.GeneratedMethodAccessor25
2976:             1             16  sun.reflect.GeneratedMethodAccessor26
2977:             1             16  sun.reflect.GeneratedMethodAccessor27
2978:             1             16  sun.reflect.GeneratedMethodAccessor3
2979:             1             16  sun.reflect.GeneratedMethodAccessor4
2980:             1             16  sun.reflect.GeneratedMethodAccessor5
2981:             1             16  sun.reflect.GeneratedMethodAccessor6
2982:             1             16  sun.reflect.GeneratedMethodAccessor7
2983:             1             16  sun.reflect.GeneratedMethodAccessor8
2984:             1             16  sun.reflect.GeneratedMethodAccessor9
2985:             1             16  sun.reflect.ReflectionFactory
2986:             1             16  sun.reflect.generics.tree.BooleanSignature
2987:             1             16  sun.reflect.generics.tree.BottomSignature
2988:             1             16  sun.reflect.generics.tree.ByteSignature
2989:             1             16  sun.reflect.generics.tree.CharSignature
2990:             1             16  sun.reflect.generics.tree.DoubleSignature
2991:             1             16  sun.reflect.generics.tree.FloatSignature
2992:             1             16  sun.reflect.generics.tree.IntSignature
2993:             1             16  sun.reflect.generics.tree.LongSignature
2994:             1             16  sun.reflect.generics.tree.ShortSignature
2995:             1             16  sun.reflect.generics.tree.VoidDescriptor
2996:             1             16  sun.security.provider.NativeSeedGenerator
2997:             1             16  sun.util.calendar.Gregorian
2998:             1             16  sun.util.locale.provider.AuxLocaleProviderAdapter$NullProvider
2999:             1             16  sun.util.locale.provider.CalendarDataUtility$CalendarWeekParameterGetter
3000:             1             16  sun.util.locale.provider.SPILocaleProviderAdapter
3001:             1             16  sun.util.locale.provider.TimeZoneNameUtility$TimeZoneNameGetter
3002:             1             16  sun.util.resources.LocaleData
3003:             1             16  sun.util.resources.LocaleData$LocaleDataResourceBundleControl
Total        701403       78410104
