使用默认jvm参数执行GCLogAnalysis,如下：
F:\IdeaWorkSpace\JavaCamp\src>java Week2.GCLogAnalysis
正在执行。。。
执行结束！共生成对象次数：12402

使用jvm参数PrintGCDetails执行执行GCLogAnalysis时打印gc日志,如下：
F:\IdeaWorkSpace\JavaCamp\src>java -XX:+PrintGCDetails Week2.GCLogAnalysis
正在执行。。。
[GC (Allocation Failure) [PSYoungGen: 47104K->7649K(54784K)] 47104K->18054K(180736K), 0.0063126 secs] [Times: user=0.00 sys=0.00, real=0.01 secs]
[GC (Allocation Failure) [PSYoungGen: 54371K->7667K(101888K)] 64777K->35315K(227840K), 0.0079436 secs] [Times: user=0.01 sys=0.05, real=0.01 secs]
[GC (Allocation Failure) [PSYoungGen: 101875K->7673K(101888K)] 129523K->64674K(227840K), 0.0119457 secs] [Times: user=0.00 sys=0.06, real=0.01 secs]
[GC (Allocation Failure) [PSYoungGen: 101881K->7672K(196096K)] 158882K->96345K(322048K), 0.0117163 secs] [Times: user=0.03 sys=0.03, real=0.01 secs]
[Full GC (Ergonomics) [PSYoungGen: 7672K->0K(196096K)] [ParOldGen: 88672K->88289K(184832K)] 96345K->88289K(380928K), [Metaspace: 2646K->2646K(1056768K
)], 0.0157068 secs] [Times: user=0.06 sys=0.00, real=0.02 secs]
[GC (Allocation Failure) [PSYoungGen: 188416K->7668K(196096K)] 276705K->154757K(380928K), 0.0183338 secs] [Times: user=0.02 sys=0.05, real=0.02 secs]

[Full GC (Ergonomics) [PSYoungGen: 7668K->0K(196096K)] [ParOldGen: 147089K->138888K(279552K)] 154757K->138888K(475648K), [Metaspace: 2646K->2646K(1056
768K)], 0.0224092 secs] [Times: user=0.13 sys=0.00, real=0.02 secs]
[GC (Allocation Failure) [PSYoungGen: 188323K->61984K(366592K)] 327211K->200873K(646144K), 0.0173534 secs] [Times: user=0.02 sys=0.05, real=0.02 secs]

[GC (Allocation Failure) [PSYoungGen: 366112K->77817K(390656K)] 505001K->285076K(670208K), 0.0578021 secs] [Times: user=0.03 sys=0.17, real=0.06 secs]

[Full GC (Ergonomics) [PSYoungGen: 77817K->0K(390656K)] [ParOldGen: 207259K->232663K(403456K)] 285076K->232663K(794112K), [Metaspace: 2646K->2646K(105
6768K)], 0.0412651 secs] [Times: user=0.09 sys=0.03, real=0.04 secs]
[GC (Allocation Failure) [PSYoungGen: 312832K->104104K(615936K)] 545495K->336767K(1019392K), 0.0504003 secs] [Times: user=0.03 sys=0.16, real=0.05 sec
s]
[GC (Allocation Failure) [PSYoungGen: 594600K->138236K(628736K)] 827263K->441967K(1032192K), 0.1122715 secs] [Times: user=0.05 sys=0.37, real=0.11 sec
s]
[GC (Allocation Failure) [PSYoungGen: 628732K->189438K(720896K)] 932463K->532191K(1124352K), 0.1242119 secs] [Times: user=0.03 sys=0.42, real=0.12 sec
s]
[Full GC (Ergonomics) [PSYoungGen: 189438K->0K(720896K)] [ParOldGen: 342753K->343424K(536064K)] 532191K->343424K(1256960K), [Metaspace: 2646K->2646K(1
056768K)], 0.0588110 secs] [Times: user=0.19 sys=0.06, real=0.06 secs]
执行结束！共生成对象次数：8530
Heap
 PSYoungGen      total 720896K, used 21250K [0x0000000783000000, 0x00000007c0000000, 0x00000007c0000000)
  eden space 531456K, 3% used [0x0000000783000000,0x00000007844c0b98,0x00000007a3700000)
  from space 189440K, 0% used [0x00000007b4700000,0x00000007b4700000,0x00000007c0000000)
  to   space 233984K, 0% used [0x00000007a3700000,0x00000007a3700000,0x00000007b1b80000)
 ParOldGen       total 536064K, used 343424K [0x0000000709000000, 0x0000000729b80000, 0x0000000783000000)
  object space 536064K, 64% used [0x0000000709000000,0x000000071df602a0,0x0000000729b80000)
 Metaspace       used 2652K, capacity 4486K, committed 4864K, reserved 1056768K
  class space    used 291K, capacity 386K, committed 512K, reserved 1048576K

使用jvm参数PrintGCDetails，设置初始堆内存xms为1G，最大堆内存1G，执行执行GCLogAnalysis时打印gc日志,如下：
F:\IdeaWorkSpace\JavaCamp\src>java -XX:+PrintGCDetails -Xmx1g -Xms1g Week2.GCLogAnalysis
正在执行。。。
[GC (Allocation Failure) [PSYoungGen: 262144K->43518K(305664K)] 262144K->85873K(1005056K), 0.0232038 secs] [Times: user=0.00 sys=0.12, real=0.02 secs]

[GC (Allocation Failure) [PSYoungGen: 305662K->43509K(305664K)] 348017K->160553K(1005056K), 0.0316078 secs] [Times: user=0.01 sys=0.11, real=0.03 secs
]
[GC (Allocation Failure) [PSYoungGen: 305653K->43516K(305664K)] 422697K->227694K(1005056K), 0.0251606 secs] [Times: user=0.00 sys=0.06, real=0.02 secs
]
[GC (Allocation Failure) [PSYoungGen: 305660K->43519K(305664K)] 489838K->301224K(1005056K), 0.0267245 secs] [Times: user=0.01 sys=0.06, real=0.03 secs
]
[GC (Allocation Failure) [PSYoungGen: 305663K->43514K(305664K)] 563368K->377505K(1005056K), 0.0275654 secs] [Times: user=0.06 sys=0.06, real=0.03 secs
]
[GC (Allocation Failure) [PSYoungGen: 305658K->43504K(160256K)] 639649K->449148K(859648K), 0.0352930 secs] [Times: user=0.01 sys=0.08, real=0.04 secs]

[GC (Allocation Failure) [PSYoungGen: 160240K->65905K(232960K)] 565884K->478941K(932352K), 0.0125314 secs] [Times: user=0.06 sys=0.00, real=0.01 secs]

[GC (Allocation Failure) [PSYoungGen: 182369K->86109K(232960K)] 595404K->509543K(932352K), 0.0159059 secs] [Times: user=0.06 sys=0.00, real=0.02 secs]

[GC (Allocation Failure) [PSYoungGen: 202845K->98913K(232960K)] 626279K->537758K(932352K), 0.0173458 secs] [Times: user=0.06 sys=0.00, real=0.02 secs]

[GC (Allocation Failure) [PSYoungGen: 215509K->72013K(232960K)] 654355K->567707K(932352K), 0.0233740 secs] [Times: user=0.03 sys=0.03, real=0.02 secs]

[GC (Allocation Failure) [PSYoungGen: 188581K->41996K(232960K)] 684275K->602268K(932352K), 0.0261721 secs] [Times: user=0.02 sys=0.11, real=0.03 secs]

[GC (Allocation Failure) [PSYoungGen: 158732K->40784K(232960K)] 719004K->638968K(932352K), 0.0214176 secs] [Times: user=0.03 sys=0.08, real=0.02 secs]

[GC (Allocation Failure) [PSYoungGen: 157520K->36085K(232960K)] 755704K->668313K(932352K), 0.0206706 secs] [Times: user=0.02 sys=0.05, real=0.02 secs]

[Full GC (Ergonomics) [PSYoungGen: 36085K->0K(232960K)] [ParOldGen: 632228K->337599K(699392K)] 668313K->337599K(932352K), [Metaspace: 2646K->2646K(105
6768K)], 0.0650151 secs] [Times: user=0.22 sys=0.02, real=0.06 secs]
[GC (Allocation Failure) [PSYoungGen: 116393K->37485K(232960K)] 453993K->375085K(932352K), 0.0057624 secs] [Times: user=0.00 sys=0.00, real=0.01 secs]

[GC (Allocation Failure) [PSYoungGen: 154221K->36447K(232960K)] 491821K->407715K(932352K), 0.0115350 secs] [Times: user=0.06 sys=0.00, real=0.01 secs]

[GC (Allocation Failure) [PSYoungGen: 153183K->32652K(232960K)] 524451K->436094K(932352K), 0.0111666 secs] [Times: user=0.06 sys=0.00, real=0.01 secs]

[GC (Allocation Failure) [PSYoungGen: 149388K->40291K(232960K)] 552830K->472060K(932352K), 0.0116359 secs] [Times: user=0.06 sys=0.00, real=0.01 secs]

[GC (Allocation Failure) [PSYoungGen: 157027K->39061K(232960K)] 588796K->508191K(932352K), 0.0127789 secs] [Times: user=0.06 sys=0.00, real=0.01 secs]

执行结束！共生成对象次数：11712
Heap
 PSYoungGen      total 232960K, used 154411K [0x00000000eab00000, 0x0000000100000000, 0x0000000100000000)
  eden space 116736K, 98% used [0x00000000eab00000,0x00000000f1ba56f8,0x00000000f1d00000)
  from space 116224K, 33% used [0x00000000f8e80000,0x00000000fb4a55d0,0x0000000100000000)
  to   space 116224K, 0% used [0x00000000f1d00000,0x00000000f1d00000,0x00000000f8e80000)
 ParOldGen       total 699392K, used 469129K [0x00000000c0000000, 0x00000000eab00000, 0x00000000eab00000)
  object space 699392K, 67% used [0x00000000c0000000,0x00000000dca22740,0x00000000eab00000)
 Metaspace       used 2652K, capacity 4486K, committed 4864K, reserved 1056768K
  class space    used 291K, capacity 386K, committed 512K, reserved 1048576K

使用jvm参数PrintGCDetails，设置初始堆内存xms为1G，最大堆内存1G，设置打印当前时间参数PrintGCDateStamps,执行执行GCLogAnalysis时打印gc日志,如下：
F:\IdeaWorkSpace\JavaCamp\src>java -XX:+PrintGCDetails -XX:+PrintGCDateStamps -Xmx1g -Xms1g Week2.GCLogAnalysis
正在执行。。。
2021-07-01T23:17:14.859+0800: [GC (Allocation Failure) [PSYoungGen: 262144K->43511K(305664K)] 262144K->85072K(1005056K), 0.0270729 secs] [Times: user=
0.03 sys=0.09, real=0.03 secs]
2021-07-01T23:17:14.927+0800: [GC (Allocation Failure) [PSYoungGen: 305655K->43519K(305664K)] 347216K->165855K(1005056K), 0.0334784 secs] [Times: user
=0.03 sys=0.09, real=0.03 secs]
2021-07-01T23:17:15.003+0800: [GC (Allocation Failure) [PSYoungGen: 305663K->43505K(305664K)] 427999K->236876K(1005056K), 0.0254757 secs] [Times: user
=0.08 sys=0.05, real=0.03 secs]
2021-07-01T23:17:15.070+0800: [GC (Allocation Failure) [PSYoungGen: 305649K->43517K(305664K)] 499020K->309556K(1005056K), 0.0263525 secs] [Times: user
=0.00 sys=0.05, real=0.03 secs]
2021-07-01T23:17:15.136+0800: [GC (Allocation Failure) [PSYoungGen: 305661K->43518K(305664K)] 571700K->385468K(1005056K), 0.0269872 secs] [Times: user
=0.03 sys=0.09, real=0.03 secs]
2021-07-01T23:17:15.204+0800: [GC (Allocation Failure) [PSYoungGen: 305662K->43517K(160256K)] 647612K->459831K(859648K), 0.0276965 secs] [Times: user=
0.06 sys=0.06, real=0.03 secs]
2021-07-01T23:17:15.254+0800: [GC (Allocation Failure) [PSYoungGen: 160253K->71488K(232960K)] 576567K->496387K(932352K), 0.0136953 secs] [Times: user=
0.00 sys=0.00, real=0.01 secs]
2021-07-01T23:17:15.285+0800: [GC (Allocation Failure) [PSYoungGen: 188224K->92692K(232960K)] 613123K->527947K(932352K), 0.0168908 secs] [Times: user=
0.05 sys=0.02, real=0.02 secs]
2021-07-01T23:17:15.322+0800: [GC (Allocation Failure) [PSYoungGen: 209428K->106460K(232960K)] 644683K->558004K(932352K), 0.0194982 secs] [Times: user
=0.06 sys=0.00, real=0.02 secs]
2021-07-01T23:17:15.361+0800: [GC (Allocation Failure) [PSYoungGen: 223021K->74388K(232960K)] 674566K->586936K(932352K), 0.0247802 secs] [Times: user=
0.09 sys=0.03, real=0.02 secs]
2021-07-01T23:17:15.405+0800: [GC (Allocation Failure) [PSYoungGen: 190685K->41456K(232960K)] 703233K->621329K(932352K), 0.0225083 secs] [Times: user=
0.06 sys=0.06, real=0.02 secs]
2021-07-01T23:17:15.446+0800: [GC (Allocation Failure) [PSYoungGen: 158192K->42575K(232960K)] 738065K->658181K(932352K), 0.0147602 secs] [Times: user=
0.02 sys=0.05, real=0.01 secs]
2021-07-01T23:17:15.461+0800: [Full GC (Ergonomics) [PSYoungGen: 42575K->0K(232960K)] [ParOldGen: 615606K->336524K(699392K)] 658181K->336524K(932352K)
, [Metaspace: 2646K->2646K(1056768K)], 0.0606540 secs] [Times: user=0.19 sys=0.02, real=0.06 secs]
2021-07-01T23:17:15.541+0800: [GC (Allocation Failure) [PSYoungGen: 116736K->37092K(232960K)] 453260K->373617K(932352K), 0.0061890 secs] [Times: user=
0.00 sys=0.00, real=0.01 secs]
2021-07-01T23:17:15.566+0800: [GC (Allocation Failure) [PSYoungGen: 153828K->40642K(232960K)] 490353K->410393K(932352K), 0.0116959 secs] [Times: user=
0.00 sys=0.00, real=0.01 secs]
2021-07-01T23:17:15.596+0800: [GC (Allocation Failure) [PSYoungGen: 157363K->37170K(232960K)] 527113K->441075K(932352K), 0.0111524 secs] [Times: user=
0.06 sys=0.00, real=0.01 secs]
2021-07-01T23:17:15.628+0800: [GC (Allocation Failure) [PSYoungGen: 153640K->40945K(232960K)] 557545K->477617K(932352K), 0.0126470 secs] [Times: user=
0.00 sys=0.00, real=0.01 secs]
2021-07-01T23:17:15.661+0800: [GC (Allocation Failure) [PSYoungGen: 157681K->37866K(232960K)] 594353K->513000K(932352K), 0.0128096 secs] [Times: user=
0.00 sys=0.00, real=0.01 secs]
2021-07-01T23:17:15.695+0800: [GC (Allocation Failure) [PSYoungGen: 154566K->42927K(232960K)] 629699K->550757K(932352K), 0.0127549 secs] [Times: user=
0.06 sys=0.00, real=0.01 secs]
2021-07-01T23:17:15.727+0800: [GC (Allocation Failure) [PSYoungGen: 159663K->39509K(232960K)] 667493K->584367K(932352K), 0.0128452 secs] [Times: user=
0.06 sys=0.00, real=0.01 secs]
执行结束！共生成对象次数：11729
Heap
 PSYoungGen      total 232960K, used 44260K [0x00000000eab00000, 0x0000000100000000, 0x0000000100000000)
  eden space 116736K, 4% used [0x00000000eab00000,0x00000000eafa39d0,0x00000000f1d00000)
  from space 116224K, 33% used [0x00000000f1d00000,0x00000000f43956d0,0x00000000f8e80000)
  to   space 116224K, 0% used [0x00000000f8e80000,0x00000000f8e80000,0x0000000100000000)
 ParOldGen       total 699392K, used 544857K [0x00000000c0000000, 0x00000000eab00000, 0x00000000eab00000)
  object space 699392K, 77% used [0x00000000c0000000,0x00000000e1416558,0x00000000eab00000)
 Metaspace       used 2652K, capacity 4486K, committed 4864K, reserved 1056768K
  class space    used 291K, capacity 386K, committed 512K, reserved 1048576K

F:\IdeaWorkSpace\JavaCamp\src>java -XX:+PrintGCDetails -XX:+PrintGCDateStamps -Xloggc:gc.demo.log   -Xmx1g -Xms1g Week2.GCLogAnalysis
正在执行。。。
执行结束！共生成对象次数：8943

使用jvm参数PrintGCDetails，设置初始堆内存xms为512MB，最大堆内存512MB，设置打印当前时间参数PrintGCDateStamps,执行执行GCLogAnalysis时打印gc日志,如下：
F:\IdeaWorkSpace\JavaCamp\src>java -XX:+PrintGCDetails -XX:+PrintGCDateStamps -Xmx512m -Xms512m Week2.GCLogAnalysis
正在执行。。。
2021-07-03T16:44:59.329+0800: [GC (Allocation Failure) [PSYoungGen: 131584K->21497K(153088K)] 131584K->41578K(502784K), 0.0161078 secs] [Times: user=0.03 sys=0.03, real=0.02 secs]
2021-07-03T16:44:59.372+0800: [GC (Allocation Failure) [PSYoungGen: 153081K->21491K(153088K)] 173162K->84617K(502784K), 0.0317490 secs] [Times: user=0.00 sys=0.11, real=0.03 secs]
2021-07-03T16:44:59.426+0800: [GC (Allocation Failure) [PSYoungGen: 153075K->21492K(153088K)] 216201K->127255K(502784K), 0.0239711 secs] [Times: user=0.01 sys=0.06, real=0.02 secs]
2021-07-03T16:44:59.475+0800: [GC (Allocation Failure) [PSYoungGen: 153076K->21488K(153088K)] 258839K->174600K(502784K), 0.0265043 secs] [Times: user=0.02 sys=0.11, real=0.03 secs]
2021-07-03T16:44:59.524+0800: [GC (Allocation Failure) [PSYoungGen: 153072K->21500K(153088K)] 306184K->217934K(502784K), 0.0247750 secs] [Times: user=0.06 sys=0.06, real=0.03 secs]
2021-07-03T16:44:59.574+0800: [GC (Allocation Failure) [PSYoungGen: 153084K->21501K(80384K)] 349518K->258829K(430080K), 0.0251710 secs] [Times: user=0.00 sys=0.06, real=0.03 secs]
2021-07-03T16:44:59.611+0800: [GC (Allocation Failure) [PSYoungGen: 79882K->31304K(116736K)] 317210K->274177K(466432K), 0.0076068 secs] [Times: user=0.00 sys=0.00, real=0.01 secs]
2021-07-03T16:44:59.629+0800: [GC (Allocation Failure) [PSYoungGen: 90184K->46707K(116736K)] 333057K->294322K(466432K), 0.0099227 secs] [Times: user=0.06 sys=0.00, real=0.01 secs]
2021-07-03T16:44:59.649+0800: [GC (Allocation Failure) [PSYoungGen: 105587K->57851K(116736K)] 353202K->314495K(466432K), 0.0126000 secs] [Times: user=0.05 sys=0.02, real=0.01 secs]
2021-07-03T16:44:59.673+0800: [GC (Allocation Failure) [PSYoungGen: 116185K->42381K(116736K)] 372829K->331409K(466432K), 0.0177429 secs] [Times: user=0.03 sys=0.03, real=0.02 secs]
2021-07-03T16:44:59.691+0800: [Full GC (Ergonomics) [PSYoungGen: 42381K->0K(116736K)] [ParOldGen: 289027K->241657K(349696K)] 331409K->241657K(466432K), [Metaspace: 2646K->2646K(1056768K)], 0.0480684 secs] [Times: user=0.13 sys=0.00,
 real=0.05 secs]
2021-07-03T16:44:59.751+0800: [GC (Allocation Failure) [PSYoungGen: 58880K->18483K(116736K)] 300537K->260141K(466432K), 0.0041301 secs] [Times: user=0.00 sys=0.00, real=0.00 secs]
2021-07-03T16:44:59.766+0800: [GC (Allocation Failure) [PSYoungGen: 77238K->20530K(116736K)] 318895K->280046K(466432K), 0.0107609 secs] [Times: user=0.00 sys=0.00, real=0.01 secs]
2021-07-03T16:44:59.785+0800: [GC (Allocation Failure) [PSYoungGen: 79410K->21275K(116736K)] 338926K->300851K(466432K), 0.0124480 secs] [Times: user=0.05 sys=0.00, real=0.01 secs]
2021-07-03T16:44:59.807+0800: [GC (Allocation Failure) [PSYoungGen: 80155K->20699K(116736K)] 359731K->320325K(466432K), 0.0091285 secs] [Times: user=0.06 sys=0.00, real=0.01 secs]
2021-07-03T16:44:59.816+0800: [Full GC (Ergonomics) [PSYoungGen: 20699K->0K(116736K)] [ParOldGen: 299626K->271448K(349696K)] 320325K->271448K(466432K), [Metaspace: 2646K->2646K(1056768K)], 0.0498772 secs] [Times: user=0.14 sys=0.00,
 real=0.05 secs]
2021-07-03T16:44:59.876+0800: [GC (Allocation Failure) [PSYoungGen: 58413K->16955K(116736K)] 329861K->288404K(466432K), 0.0043029 secs] [Times: user=0.00 sys=0.00, real=0.00 secs]
2021-07-03T16:44:59.891+0800: [GC (Allocation Failure) [PSYoungGen: 75741K->17550K(116736K)] 347189K->304113K(466432K), 0.0127013 secs] [Times: user=0.03 sys=0.00, real=0.01 secs]
2021-07-03T16:44:59.914+0800: [GC (Allocation Failure) [PSYoungGen: 76179K->20787K(116736K)] 362742K->324283K(466432K), 0.0074335 secs] [Times: user=0.05 sys=0.00, real=0.01 secs]
2021-07-03T16:44:59.922+0800: [Full GC (Ergonomics) [PSYoungGen: 20787K->0K(116736K)] [ParOldGen: 303496K->279622K(349696K)] 324283K->279622K(466432K), [Metaspace: 2646K->2646K(1056768K)], 0.0520029 secs] [Times: user=0.14 sys=0.00,
 real=0.05 secs]
2021-07-03T16:44:59.984+0800: [GC (Allocation Failure) [PSYoungGen: 58880K->21578K(116736K)] 338502K->301201K(466432K), 0.0045345 secs] [Times: user=0.00 sys=0.00, real=0.01 secs]
2021-07-03T16:44:59.999+0800: [GC (Allocation Failure) [PSYoungGen: 80458K->19390K(116736K)] 360081K->319132K(466432K), 0.0073517 secs] [Times: user=0.00 sys=0.00, real=0.01 secs]
2021-07-03T16:45:00.017+0800: [GC (Allocation Failure) [PSYoungGen: 78270K->20323K(116736K)] 378012K->338639K(466432K), 0.0089979 secs] [Times: user=0.00 sys=0.00, real=0.01 secs]
2021-07-03T16:45:00.026+0800: [Full GC (Ergonomics) [PSYoungGen: 20323K->0K(116736K)] [ParOldGen: 318316K->297414K(349696K)] 338639K->297414K(466432K), [Metaspace: 2646K->2646K(1056768K)], 0.0524989 secs] [Times: user=0.17 sys=0.00,
 real=0.05 secs]
2021-07-03T16:45:00.090+0800: [GC (Allocation Failure) [PSYoungGen: 58803K->22219K(116736K)] 356218K->319634K(466432K), 0.0038883 secs] [Times: user=0.00 sys=0.00, real=0.00 secs]
2021-07-03T16:45:00.103+0800: [GC (Allocation Failure) [PSYoungGen: 80664K->22175K(116736K)] 378079K->341622K(466432K), 0.0085583 secs] [Times: user=0.06 sys=0.00, real=0.01 secs]
2021-07-03T16:45:00.111+0800: [Full GC (Ergonomics) [PSYoungGen: 22175K->0K(116736K)] [ParOldGen: 319447K->312794K(349696K)] 341622K->312794K(466432K), [Metaspace: 2646K->2646K(1056768K)], 0.0531224 secs] [Times: user=0.17 sys=0.00,
 real=0.05 secs]
2021-07-03T16:45:00.174+0800: [Full GC (Ergonomics) [PSYoungGen: 58880K->0K(116736K)] [ParOldGen: 312794K->315905K(349696K)] 371674K->315905K(466432K), [Metaspace: 2646K->2646K(1056768K)], 0.0524860 secs] [Times: user=0.17 sys=0.00,
 real=0.05 secs]
2021-07-03T16:45:00.237+0800: [Full GC (Ergonomics) [PSYoungGen: 58374K->0K(116736K)] [ParOldGen: 315905K->321318K(349696K)] 374279K->321318K(466432K), [Metaspace: 2646K->2646K(1056768K)], 0.0576275 secs] [Times: user=0.23 sys=0.00,
 real=0.06 secs]
执行结束！共生成对象次数：6919
Heap
 PSYoungGen      total 116736K, used 3095K [0x00000000f5580000, 0x0000000100000000, 0x0000000100000000)
  eden space 58880K, 5% used [0x00000000f5580000,0x00000000f5885f58,0x00000000f8f00000)
  from space 57856K, 0% used [0x00000000fc780000,0x00000000fc780000,0x0000000100000000)
  to   space 57856K, 0% used [0x00000000f8f00000,0x00000000f8f00000,0x00000000fc780000)
 ParOldGen       total 349696K, used 321318K [0x00000000e0000000, 0x00000000f5580000, 0x00000000f5580000)
  object space 349696K, 91% used [0x00000000e0000000,0x00000000f39c98a0,0x00000000f5580000)
 Metaspace       used 2652K, capacity 4486K, committed 4864K, reserved 1056768K
  class space    used 291K, capacity 386K, committed 512K, reserved 1048576K

  
使用jvm参数PrintGCDetails，设置初始堆内存xms为256MB，最大堆内存256MB，设置打印当前时间参数PrintGCDateStamps,执行执行GCLogAnalysis时打印gc日志,如下： 
F:\IdeaWorkSpace\JavaCamp\src>java -XX:+PrintGCDetails -XX:+PrintGCDateStamps -Xmx256m -Xms256m Week2.GCLogAnalysis
正在执行。。。
2021-07-03T16:46:08.540+0800: [GC (Allocation Failure) [PSYoungGen: 65498K->10734K(76288K)] 65498K->20827K(251392K), 0.0098925 secs] [Times: user=0.00 sys=0.06, real=0.01 secs]
2021-07-03T16:46:08.569+0800: [GC (Allocation Failure) [PSYoungGen: 76244K->10750K(76288K)] 86336K->41707K(251392K), 0.0143479 secs] [Times: user=0.00 sys=0.06, real=0.02 secs]
2021-07-03T16:46:08.597+0800: [GC (Allocation Failure) [PSYoungGen: 76286K->10750K(76288K)] 107243K->62748K(251392K), 0.0126982 secs] [Times: user=0.00 sys=0.05, real=0.01 secs]
2021-07-03T16:46:08.624+0800: [GC (Allocation Failure) [PSYoungGen: 76286K->10746K(76288K)] 128284K->84812K(251392K), 0.0137359 secs] [Times: user=0.02 sys=0.05, real=0.01 secs]
2021-07-03T16:46:08.651+0800: [GC (Allocation Failure) [PSYoungGen: 76116K->10738K(76288K)] 150182K->107025K(251392K), 0.0117187 secs] [Times: user=0.00 sys=0.00, real=0.01 secs]
2021-07-03T16:46:08.675+0800: [GC (Allocation Failure) [PSYoungGen: 76274K->10751K(40448K)] 172561K->129251K(215552K), 0.0152585 secs] [Times: user=0.01 sys=0.05, real=0.02 secs]
2021-07-03T16:46:08.695+0800: [GC (Allocation Failure) [PSYoungGen: 40308K->18884K(58368K)] 158808K->139943K(233472K), 0.0043429 secs] [Times: user=0.06 sys=0.00, real=0.01 secs]
2021-07-03T16:46:08.705+0800: [GC (Allocation Failure) [PSYoungGen: 48580K->26636K(58368K)] 169639K->151654K(233472K), 0.0057184 secs] [Times: user=0.00 sys=0.00, real=0.01 secs]
2021-07-03T16:46:08.717+0800: [GC (Allocation Failure) [PSYoungGen: 55922K->28661K(58368K)] 180940K->161306K(233472K), 0.0076695 secs] [Times: user=0.00 sys=0.00, real=0.01 secs]
2021-07-03T16:46:08.731+0800: [GC (Allocation Failure) [PSYoungGen: 58318K->20034K(58368K)] 190962K->171059K(233472K), 0.0098183 secs] [Times: user=0.00 sys=0.00, real=0.01 secs]
2021-07-03T16:46:08.741+0800: [Full GC (Ergonomics) [PSYoungGen: 20034K->0K(58368K)] [ParOldGen: 151025K->144699K(175104K)] 171059K->144699K(233472K), [Metaspace: 2646K->2646K(1056768K)], 0.0295171 secs] [Times: user=0.13 sys=0.00,
real=0.03 secs]
2021-07-03T16:46:08.776+0800: [GC (Allocation Failure) [PSYoungGen: 29681K->10208K(58368K)] 174380K->154907K(233472K), 0.0023150 secs] [Times: user=0.00 sys=0.00, real=0.00 secs]
2021-07-03T16:46:08.784+0800: [GC (Allocation Failure) [PSYoungGen: 39431K->9915K(58368K)] 184130K->164720K(233472K), 0.0042843 secs] [Times: user=0.00 sys=0.00, real=0.00 secs]
2021-07-03T16:46:08.788+0800: [Full GC (Ergonomics) [PSYoungGen: 9915K->0K(58368K)] [ParOldGen: 154804K->154908K(175104K)] 164720K->154908K(233472K), [Metaspace: 2646K->2646K(1056768K)], 0.0323245 secs] [Times: user=0.11 sys=0.00, r
eal=0.03 secs]
2021-07-03T16:46:08.826+0800: [Full GC (Ergonomics) [PSYoungGen: 29321K->0K(58368K)] [ParOldGen: 154908K->160213K(175104K)] 184229K->160213K(233472K), [Metaspace: 2646K->2646K(1056768K)], 0.0310255 secs] [Times: user=0.11 sys=0.00,
real=0.03 secs]
2021-07-03T16:46:08.865+0800: [Full GC (Ergonomics) [PSYoungGen: 29542K->0K(58368K)] [ParOldGen: 160213K->162114K(175104K)] 189756K->162114K(233472K), [Metaspace: 2646K->2646K(1056768K)], 0.0317597 secs] [Times: user=0.11 sys=0.00,
real=0.03 secs]
2021-07-03T16:46:08.904+0800: [Full GC (Ergonomics) [PSYoungGen: 29601K->0K(58368K)] [ParOldGen: 162114K->166366K(175104K)] 191716K->166366K(233472K), [Metaspace: 2646K->2646K(1056768K)], 0.0273029 secs] [Times: user=0.03 sys=0.00,
real=0.03 secs]
2021-07-03T16:46:08.937+0800: [Full GC (Ergonomics) [PSYoungGen: 29610K->0K(58368K)] [ParOldGen: 166366K->172337K(175104K)] 195976K->172337K(233472K), [Metaspace: 2646K->2646K(1056768K)], 0.0312268 secs] [Times: user=0.11 sys=0.00,
real=0.03 secs]
2021-07-03T16:46:08.975+0800: [Full GC (Ergonomics) [PSYoungGen: 29696K->0K(58368K)] [ParOldGen: 172337K->175055K(175104K)] 202033K->175055K(233472K), [Metaspace: 2646K->2646K(1056768K)], 0.0371452 secs] [Times: user=0.17 sys=0.00,
real=0.04 secs]
2021-07-03T16:46:09.018+0800: [Full GC (Ergonomics) [PSYoungGen: 29692K->7484K(58368K)] [ParOldGen: 175055K->175097K(175104K)] 204747K->182582K(233472K), [Metaspace: 2646K->2646K(1056768K)], 0.0294784 secs] [Times: user=0.13 sys=0.0
0, real=0.03 secs]
2021-07-03T16:46:09.052+0800: [Full GC (Ergonomics) [PSYoungGen: 29618K->13335K(58368K)] [ParOldGen: 175097K->174768K(175104K)] 204716K->188104K(233472K), [Metaspace: 2646K->2646K(1056768K)], 0.0357466 secs] [Times: user=0.12 sys=0.
00, real=0.04 secs]
2021-07-03T16:46:09.092+0800: [Full GC (Ergonomics) [PSYoungGen: 29664K->14414K(58368K)] [ParOldGen: 174768K->175057K(175104K)] 204432K->189471K(233472K), [Metaspace: 2646K->2646K(1056768K)], 0.0319019 secs] [Times: user=0.13 sys=0.
00, real=0.03 secs]
2021-07-03T16:46:09.128+0800: [Full GC (Ergonomics) [PSYoungGen: 29373K->16107K(58368K)] [ParOldGen: 175057K->174881K(175104K)] 204430K->190988K(233472K), [Metaspace: 2646K->2646K(1056768K)], 0.0420704 secs] [Times: user=0.14 sys=0.
00, real=0.04 secs]
2021-07-03T16:46:09.172+0800: [Full GC (Ergonomics) [PSYoungGen: 29275K->19396K(58368K)] [ParOldGen: 174881K->174901K(175104K)] 204157K->194297K(233472K), [Metaspace: 2646K->2646K(1056768K)], 0.0352320 secs] [Times: user=0.09 sys=0.
00, real=0.04 secs]
2021-07-03T16:46:09.210+0800: [Full GC (Ergonomics) [PSYoungGen: 29653K->21347K(58368K)] [ParOldGen: 174901K->174874K(175104K)] 204554K->196221K(233472K), [Metaspace: 2646K->2646K(1056768K)], 0.0315334 secs] [Times: user=0.11 sys=0.
00, real=0.03 secs]
2021-07-03T16:46:09.243+0800: [Full GC (Ergonomics) [PSYoungGen: 29696K->22748K(58368K)] [ParOldGen: 174874K->175008K(175104K)] 204570K->197757K(233472K), [Metaspace: 2646K->2646K(1056768K)], 0.0313077 secs] [Times: user=0.05 sys=0.
00, real=0.03 secs]
2021-07-03T16:46:09.276+0800: [Full GC (Ergonomics) [PSYoungGen: 29696K->24134K(58368K)] [ParOldGen: 175008K->174808K(175104K)] 204704K->198942K(233472K), [Metaspace: 2646K->2646K(1056768K)], 0.0319699 secs] [Times: user=0.11 sys=0.
00, real=0.03 secs]
2021-07-03T16:46:09.310+0800: [Full GC (Ergonomics) [PSYoungGen: 29588K->25616K(58368K)] [ParOldGen: 174808K->174985K(175104K)] 204396K->200601K(233472K), [Metaspace: 2646K->2646K(1056768K)], 0.0332498 secs] [Times: user=0.11 sys=0.
00, real=0.03 secs]
2021-07-03T16:46:09.344+0800: [Full GC (Ergonomics) [PSYoungGen: 29689K->27072K(58368K)] [ParOldGen: 174985K->174872K(175104K)] 204674K->201945K(233472K), [Metaspace: 2646K->2646K(1056768K)], 0.0110191 secs] [Times: user=0.06 sys=0.
00, real=0.01 secs]
2021-07-03T16:46:09.356+0800: [Full GC (Ergonomics) [PSYoungGen: 29536K->27614K(58368K)] [ParOldGen: 174872K->174525K(175104K)] 204409K->202139K(233472K), [Metaspace: 2646K->2646K(1056768K)], 0.0212792 secs] [Times: user=0.06 sys=0.
00, real=0.02 secs]
2021-07-03T16:46:09.378+0800: [Full GC (Ergonomics) [PSYoungGen: 29651K->27072K(58368K)] [ParOldGen: 174525K->174914K(175104K)] 204176K->201987K(233472K), [Metaspace: 2646K->2646K(1056768K)], 0.0273163 secs] [Times: user=0.06 sys=0.
00, real=0.03 secs]
2021-07-03T16:46:09.406+0800: [Full GC (Ergonomics) [PSYoungGen: 29351K->27335K(58368K)] [ParOldGen: 174914K->174891K(175104K)] 204266K->202226K(233472K), [Metaspace: 2646K->2646K(1056768K)], 0.0218378 secs] [Times: user=0.06 sys=0.
00, real=0.02 secs]
2021-07-03T16:46:09.429+0800: [Full GC (Ergonomics) [PSYoungGen: 29664K->28582K(58368K)] [ParOldGen: 174891K->174568K(175104K)] 204555K->203151K(233472K), [Metaspace: 2646K->2646K(1056768K)], 0.0098636 secs] [Times: user=0.06 sys=0.
00, real=0.01 secs]
2021-07-03T16:46:09.440+0800: [Full GC (Ergonomics) [PSYoungGen: 29578K->28788K(58368K)] [ParOldGen: 174568K->174399K(175104K)] 204146K->203187K(233472K), [Metaspace: 2646K->2646K(1056768K)], 0.0191939 secs] [Times: user=0.05 sys=0.
00, real=0.02 secs]
2021-07-03T16:46:09.460+0800: [Full GC (Ergonomics) [PSYoungGen: 29664K->27948K(58368K)] [ParOldGen: 174399K->175003K(175104K)] 204063K->202952K(233472K), [Metaspace: 2646K->2646K(1056768K)], 0.0351026 secs] [Times: user=0.16 sys=0.
00, real=0.03 secs]
2021-07-03T16:46:09.495+0800: [Full GC (Ergonomics) [PSYoungGen: 29661K->28299K(58368K)] [ParOldGen: 175003K->175003K(175104K)] 204665K->203303K(233472K), [Metaspace: 2646K->2646K(1056768K)], 0.0055322 secs] [Times: user=0.00 sys=0.
00, real=0.01 secs]
执行结束！共生成对象次数：3363
Heap
 PSYoungGen      total 58368K, used 29262K [0x00000000fab00000, 0x0000000100000000, 0x0000000100000000)
  eden space 29696K, 98% used [0x00000000fab00000,0x00000000fc7939e0,0x00000000fc800000)
  from space 28672K, 0% used [0x00000000fe400000,0x00000000fe400000,0x0000000100000000)
  to   space 28672K, 0% used [0x00000000fc800000,0x00000000fc800000,0x00000000fe400000)
 ParOldGen       total 175104K, used 175003K [0x00000000f0000000, 0x00000000fab00000, 0x00000000fab00000)
  object space 175104K, 99% used [0x00000000f0000000,0x00000000faae6fd0,0x00000000fab00000)
 Metaspace       used 2652K, capacity 4486K, committed 4864K, reserved 1056768K
  class space    used 291K, capacity 386K, committed 512K, reserved 1048576K


使用jvm参数PrintGCDetails，设置初始堆内存xms为128MB，最大堆内存128MB，设置打印当前时间参数PrintGCDateStamps,执行执行GCLogAnalysis时打印gc日志,如下： 
F:\IdeaWorkSpace\JavaCamp\src>java -XX:+PrintGCDetails -XX:+PrintGCDateStamps -Xmx128m -Xms128m Week2.GCLogAnalysis
正在执行。。。
2021-07-03T16:47:19.286+0800: [GC (Allocation Failure) [PSYoungGen: 33001K->5116K(38400K)] 33001K->9640K(125952K), 0.0061189 secs] [Times: user=0.03 sys=0.02, real=0.01 secs]
2021-07-03T16:47:19.304+0800: [GC (Allocation Failure) [PSYoungGen: 38396K->5114K(38400K)] 42920K->20247K(125952K), 0.0094885 secs] [Times: user=0.00 sys=0.00, real=0.01 secs]
2021-07-03T16:47:19.324+0800: [GC (Allocation Failure) [PSYoungGen: 38290K->5101K(38400K)] 53423K->33826K(125952K), 0.0071579 secs] [Times: user=0.00 sys=0.00, real=0.01 secs]
2021-07-03T16:47:19.341+0800: [GC (Allocation Failure) [PSYoungGen: 38197K->5113K(38400K)] 66922K->43667K(125952K), 0.0056078 secs] [Times: user=0.00 sys=0.00, real=0.01 secs]
2021-07-03T16:47:19.354+0800: [GC (Allocation Failure) [PSYoungGen: 37836K->5104K(38400K)] 76389K->54593K(125952K), 0.0058407 secs] [Times: user=0.00 sys=0.00, real=0.01 secs]
2021-07-03T16:47:19.366+0800: [GC (Allocation Failure) [PSYoungGen: 38100K->5119K(19968K)] 87589K->67528K(107520K), 0.0067975 secs] [Times: user=0.00 sys=0.00, real=0.01 secs]
2021-07-03T16:47:19.377+0800: [GC (Allocation Failure) [PSYoungGen: 19891K->5575K(29184K)] 82300K->71182K(116736K), 0.0029154 secs] [Times: user=0.00 sys=0.00, real=0.00 secs]
2021-07-03T16:47:19.383+0800: [GC (Allocation Failure) [PSYoungGen: 20423K->8407K(29184K)] 86030K->75093K(116736K), 0.0033083 secs] [Times: user=0.00 sys=0.00, real=0.00 secs]
2021-07-03T16:47:19.390+0800: [GC (Allocation Failure) [PSYoungGen: 22966K->11216K(29184K)] 89652K->78569K(116736K), 0.0031959 secs] [Times: user=0.00 sys=0.00, real=0.00 secs]
2021-07-03T16:47:19.397+0800: [GC (Allocation Failure) [PSYoungGen: 25753K->8706K(29184K)] 93106K->83559K(116736K), 0.0050043 secs] [Times: user=0.00 sys=0.00, real=0.00 secs]
2021-07-03T16:47:19.402+0800: [Full GC (Ergonomics) [PSYoungGen: 8706K->0K(29184K)] [ParOldGen: 74852K->77260K(87552K)] 83559K->77260K(116736K), [Metaspace: 2646K->2646K(1056768K)], 0.0202694 secs] [Times: user=0.06 sys=0.00, real=0
.02 secs]
2021-07-03T16:47:19.426+0800: [Full GC (Ergonomics) [PSYoungGen: 14793K->0K(29184K)] [ParOldGen: 77260K->82568K(87552K)] 92054K->82568K(116736K), [Metaspace: 2646K->2646K(1056768K)], 0.0179069 secs] [Times: user=0.02 sys=0.05, real=
0.02 secs]
2021-07-03T16:47:19.447+0800: [Full GC (Ergonomics) [PSYoungGen: 14603K->0K(29184K)] [ParOldGen: 82568K->87208K(87552K)] 97171K->87208K(116736K), [Metaspace: 2646K->2646K(1056768K)], 0.0165367 secs] [Times: user=0.06 sys=0.00, real=
0.02 secs]
2021-07-03T16:47:19.467+0800: [Full GC (Ergonomics) [PSYoungGen: 14690K->3827K(29184K)] [ParOldGen: 87208K->87467K(87552K)] 101899K->91294K(116736K), [Metaspace: 2646K->2646K(1056768K)], 0.0170429 secs] [Times: user=0.05 sys=0.00, r
eal=0.02 secs]
2021-07-03T16:47:19.487+0800: [Full GC (Ergonomics) [PSYoungGen: 14779K->6127K(29184K)] [ParOldGen: 87467K->87353K(87552K)] 102246K->93480K(116736K), [Metaspace: 2646K->2646K(1056768K)], 0.0257870 secs] [Times: user=0.09 sys=0.00, r
eal=0.03 secs]
2021-07-03T16:47:19.515+0800: [Full GC (Ergonomics) [PSYoungGen: 14622K->8862K(29184K)] [ParOldGen: 87353K->87100K(87552K)] 101975K->95963K(116736K), [Metaspace: 2646K->2646K(1056768K)], 0.0167918 secs] [Times: user=0.06 sys=0.00, r
eal=0.02 secs]
2021-07-03T16:47:19.533+0800: [Full GC (Ergonomics) [PSYoungGen: 14530K->10459K(29184K)] [ParOldGen: 87100K->86971K(87552K)] 101631K->97430K(116736K), [Metaspace: 2646K->2646K(1056768K)], 0.0159141 secs] [Times: user=0.06 sys=0.00,
real=0.02 secs]
2021-07-03T16:47:19.550+0800: [Full GC (Ergonomics) [PSYoungGen: 14693K->11678K(29184K)] [ParOldGen: 86971K->87430K(87552K)] 101664K->99109K(116736K), [Metaspace: 2646K->2646K(1056768K)], 0.0143910 secs] [Times: user=0.05 sys=0.00,
real=0.02 secs]
2021-07-03T16:47:19.566+0800: [Full GC (Ergonomics) [PSYoungGen: 14765K->13150K(29184K)] [ParOldGen: 87430K->87394K(87552K)] 102196K->100545K(116736K), [Metaspace: 2646K->2646K(1056768K)], 0.0078357 secs] [Times: user=0.06 sys=0.00,
 real=0.01 secs]
2021-07-03T16:47:19.575+0800: [Full GC (Ergonomics) [PSYoungGen: 14581K->13107K(29184K)] [ParOldGen: 87394K->87394K(87552K)] 101976K->100502K(116736K), [Metaspace: 2646K->2646K(1056768K)], 0.0033692 secs] [Times: user=0.00 sys=0.00,
 real=0.00 secs]
2021-07-03T16:47:19.579+0800: [Full GC (Ergonomics) [PSYoungGen: 14801K->13746K(29184K)] [ParOldGen: 87394K->87151K(87552K)] 102196K->100898K(116736K), [Metaspace: 2646K->2646K(1056768K)], 0.0136253 secs] [Times: user=0.06 sys=0.00,
 real=0.01 secs]
2021-07-03T16:47:19.593+0800: [Full GC (Ergonomics) [PSYoungGen: 14751K->14339K(29184K)] [ParOldGen: 87151K->87151K(87552K)] 101902K->101490K(116736K), [Metaspace: 2646K->2646K(1056768K)], 0.0050047 secs] [Times: user=0.00 sys=0.00,
 real=0.01 secs]
2021-07-03T16:47:19.599+0800: [Full GC (Ergonomics) [PSYoungGen: 14821K->14266K(29184K)] [ParOldGen: 87151K->87151K(87552K)] 101972K->101418K(116736K), [Metaspace: 2646K->2646K(1056768K)], 0.0022297 secs] [Times: user=0.02 sys=0.00,
 real=0.00 secs]
2021-07-03T16:47:19.601+0800: [Full GC (Ergonomics) [PSYoungGen: 14698K->14316K(29184K)] [ParOldGen: 87151K->87151K(87552K)] 101849K->101467K(116736K), [Metaspace: 2646K->2646K(1056768K)], 0.0023319 secs] [Times: user=0.00 sys=0.00,
 real=0.00 secs]
2021-07-03T16:47:19.604+0800: [Full GC (Ergonomics) [PSYoungGen: 14817K->14648K(29184K)] [ParOldGen: 87151K->86978K(87552K)] 101968K->101626K(116736K), [Metaspace: 2646K->2646K(1056768K)], 0.0054393 secs] [Times: user=0.00 sys=0.00,
 real=0.01 secs]
2021-07-03T16:47:19.610+0800: [Full GC (Ergonomics) [PSYoungGen: 14832K->14811K(29184K)] [ParOldGen: 86978K->86978K(87552K)] 101810K->101789K(116736K), [Metaspace: 2646K->2646K(1056768K)], 0.0021266 secs] [Times: user=0.00 sys=0.00,
 real=0.00 secs]
2021-07-03T16:47:19.613+0800: [Full GC (Ergonomics) [PSYoungGen: 14847K->14829K(29184K)] [ParOldGen: 86978K->86978K(87552K)] 101825K->101807K(116736K), [Metaspace: 2646K->2646K(1056768K)], 0.0023977 secs] [Times: user=0.00 sys=0.00,
 real=0.00 secs]
2021-07-03T16:47:19.616+0800: [Full GC (Ergonomics) [PSYoungGen: 14839K->14793K(29184K)] [ParOldGen: 87437K->87045K(87552K)] 102276K->101838K(116736K), [Metaspace: 2646K->2646K(1056768K)], 0.0026181 secs] [Times: user=0.00 sys=0.00,
 real=0.00 secs]
2021-07-03T16:47:19.619+0800: [Full GC (Ergonomics) [PSYoungGen: 14793K->14793K(29184K)] [ParOldGen: 87522K->87522K(87552K)] 102315K->102315K(116736K), [Metaspace: 2646K->2646K(1056768K)], 0.0030692 secs] [Times: user=0.00 sys=0.00,
 real=0.00 secs]
2021-07-03T16:47:19.622+0800: [Full GC (Allocation Failure) [PSYoungGen: 14793K->14793K(29184K)] [ParOldGen: 87522K->87503K(87552K)] 102315K->102296K(116736K), [Metaspace: 2646K->2646K(1056768K)], 0.0178949 secs] [Times: user=0.06 s
ys=0.00, real=0.02 secs]
Exception in thread "main" java.lang.OutOfMemoryError: Java heap space
        at Week2.GCLogAnalysis.generateGarbage(GCLogAnalysis.java:51)
        at Week2.GCLogAnalysis.main(GCLogAnalysis.java:28)
Heap
 PSYoungGen      total 29184K, used 14848K [0x00000000fd580000, 0x0000000100000000, 0x0000000100000000)
  eden space 14848K, 100% used [0x00000000fd580000,0x00000000fe400000,0x00000000fe400000)
  from space 14336K, 0% used [0x00000000ff200000,0x00000000ff200000,0x0000000100000000)
  to   space 14336K, 0% used [0x00000000fe400000,0x00000000fe400000,0x00000000ff200000)
 ParOldGen       total 87552K, used 87503K [0x00000000f8000000, 0x00000000fd580000, 0x00000000fd580000)
  object space 87552K, 99% used [0x00000000f8000000,0x00000000fd573cc0,0x00000000fd580000)
 Metaspace       used 2676K, capacity 4486K, committed 4864K, reserved 1056768K
  class space    used 294K, capacity 386K, committed 512K, reserved 1048576K

  
使用jvm参数PrintGCDetails，设置初始堆内存xms为1G，最大堆内存1G，设置打印当前时间参数PrintGCDateStamps,设置GC策略为串行GC，执行执行GCLogAnalysis时打印gc日志,如下： 
F:\IdeaWorkSpace\JavaCamp\src>java -XX:+PrintGCDetails -Xmx1g -Xms1g -XX:+PrintGCDateStamps -XX:+UseSerialGC Week2.GCLogAnalysis
正在执行。。。
2021-07-03T16:48:58.633+0800: [GC (Allocation Failure) 2021-07-03T16:48:58.634+0800: [DefNew: 279616K->34943K(314560K), 0.0384501 secs] 279616K->94939K(1013632K), 0.0395051 secs] [Times: user=0.00 sys=0.03, real=0.04 secs]
2021-07-03T16:48:58.725+0800: [GC (Allocation Failure) 2021-07-03T16:48:58.726+0800: [DefNew: 314522K->34942K(314560K), 0.0447316 secs] 374518K->179745K(1013632K), 0.0458444 secs] [Times: user=0.02 sys=0.03, real=0.05 secs]
2021-07-03T16:48:58.821+0800: [GC (Allocation Failure) 2021-07-03T16:48:58.822+0800: [DefNew: 314558K->34943K(314560K), 0.0386061 secs] 459361K->261001K(1013632K), 0.0398536 secs] [Times: user=0.00 sys=0.03, real=0.04 secs]
2021-07-03T16:48:58.910+0800: [GC (Allocation Failure) 2021-07-03T16:48:58.910+0800: [DefNew: 314441K->34943K(314560K), 0.0388292 secs] 540499K->342489K(1013632K), 0.0400864 secs] [Times: user=0.00 sys=0.03, real=0.04 secs]
2021-07-03T16:48:58.999+0800: [GC (Allocation Failure) 2021-07-03T16:48:59.000+0800: [DefNew: 314559K->34943K(314560K), 0.0365755 secs] 622105K->420738K(1013632K), 0.0377781 secs] [Times: user=0.01 sys=0.03, real=0.04 secs]
2021-07-03T16:48:59.086+0800: [GC (Allocation Failure) 2021-07-03T16:48:59.087+0800: [DefNew: 314559K->34944K(314560K), 0.0373292 secs] 700354K->494054K(1013632K), 0.0387438 secs] [Times: user=0.03 sys=0.00, real=0.04 secs]
2021-07-03T16:48:59.171+0800: [GC (Allocation Failure) 2021-07-03T16:48:59.172+0800: [DefNew: 314560K->34943K(314560K), 0.0399847 secs] 773670K->573914K(1013632K), 0.0409784 secs] [Times: user=0.03 sys=0.02, real=0.04 secs]
2021-07-03T16:48:59.261+0800: [GC (Allocation Failure) 2021-07-03T16:48:59.262+0800: [DefNew: 314559K->34944K(314560K), 0.0391594 secs] 853530K->651842K(1013632K), 0.0403051 secs] [Times: user=0.00 sys=0.03, real=0.04 secs]
2021-07-03T16:48:59.355+0800: [GC (Allocation Failure) 2021-07-03T16:48:59.356+0800: [DefNew: 314560K->314560K(314560K), 0.0011911 secs]2021-07-03T16:48:59.358+0800: [Tenured: 616898K->381226K(699072K), 0.0633775 secs] 931458K->3812
26K(1013632K), [Metaspace: 2646K->2646K(1056768K)], 0.0670885 secs] [Times: user=0.06 sys=0.00, real=0.07 secs]
2021-07-03T16:48:59.471+0800: [GC (Allocation Failure) 2021-07-03T16:48:59.472+0800: [DefNew: 279616K->34942K(314560K), 0.0165238 secs] 660842K->467289K(1013632K), 0.0177375 secs] [Times: user=0.02 sys=0.00, real=0.02 secs]
执行结束！共生成对象次数：10949
Heap
 def new generation   total 314560K, used 161258K [0x00000000c0000000, 0x00000000d5550000, 0x00000000d5550000)
  eden space 279616K,  45% used [0x00000000c0000000, 0x00000000c7b5aef8, 0x00000000d1110000)
  from space 34944K,  99% used [0x00000000d3330000, 0x00000000d554faa8, 0x00000000d5550000)
  to   space 34944K,   0% used [0x00000000d1110000, 0x00000000d1110000, 0x00000000d3330000)
 tenured generation   total 699072K, used 432347K [0x00000000d5550000, 0x0000000100000000, 0x0000000100000000)
   the space 699072K,  61% used [0x00000000d5550000, 0x00000000efb86ce0, 0x00000000efb86e00, 0x0000000100000000)
 Metaspace       used 2652K, capacity 4486K, committed 4864K, reserved 1056768K
  class space    used 291K, capacity 386K, committed 512K, reserved 1048576K


使用jvm参数PrintGCDetails，设置初始堆内存xms为512MB，最大堆内存512MB，设置打印当前时间参数PrintGCDateStamps,设置GC策略为串行GC，执行执行GCLogAnalysis时打印gc日志,如下：
F:\IdeaWorkSpace\JavaCamp\src>java -XX:+PrintGCDetails -Xmx512m -Xms512m -XX:+PrintGCDateStamps -XX:+UseSerialGC Week2.GCLogAnalysis
正在执行。。。
2021-07-03T16:50:22.309+0800: [GC (Allocation Failure) 2021-07-03T16:50:22.312+0800: [DefNew: 139776K->17472K(157248K), 0.0172696 secs] 139776K->43770K(506816K), 0.0203685 secs] [Times: user=0.02 sys=0.00, real=0.02 secs]
2021-07-03T16:50:22.352+0800: [GC (Allocation Failure) 2021-07-03T16:50:22.353+0800: [DefNew: 157248K->17471K(157248K), 0.0257612 secs] 183546K->88725K(506816K), 0.0265381 secs] [Times: user=0.00 sys=0.03, real=0.03 secs]
2021-07-03T16:50:22.404+0800: [GC (Allocation Failure) 2021-07-03T16:50:22.404+0800: [DefNew: 157247K->17470K(157248K), 0.0205672 secs] 228501K->130892K(506816K), 0.0213032 secs] [Times: user=0.01 sys=0.00, real=0.02 secs]
2021-07-03T16:50:22.448+0800: [GC (Allocation Failure) 2021-07-03T16:50:22.449+0800: [DefNew: 156654K->17471K(157248K), 0.0215698 secs] 270076K->177472K(506816K), 0.0222836 secs] [Times: user=0.02 sys=0.00, real=0.02 secs]
2021-07-03T16:50:22.493+0800: [GC (Allocation Failure) 2021-07-03T16:50:22.494+0800: [DefNew: 157247K->17471K(157248K), 0.0217249 secs] 317248K->222376K(506816K), 0.0225498 secs] [Times: user=0.02 sys=0.02, real=0.02 secs]
2021-07-03T16:50:22.540+0800: [GC (Allocation Failure) 2021-07-03T16:50:22.541+0800: [DefNew: 157247K->17471K(157248K), 0.0189788 secs] 362152K->262843K(506816K), 0.0195517 secs] [Times: user=0.02 sys=0.02, real=0.02 secs]
2021-07-03T16:50:22.584+0800: [GC (Allocation Failure) 2021-07-03T16:50:22.585+0800: [DefNew: 157216K->17471K(157248K), 0.0240675 secs] 402588K->310390K(506816K), 0.0250604 secs] [Times: user=0.01 sys=0.02, real=0.03 secs]
2021-07-03T16:50:22.634+0800: [GC (Allocation Failure) 2021-07-03T16:50:22.635+0800: [DefNew: 157247K->17471K(157248K), 0.0230324 secs] 450166K->353613K(506816K), 0.0241311 secs] [Times: user=0.03 sys=0.00, real=0.02 secs]
2021-07-03T16:50:22.683+0800: [GC (Allocation Failure) 2021-07-03T16:50:22.683+0800: [DefNew: 157247K->157247K(157248K), 0.0011702 secs]2021-07-03T16:50:22.685+0800: [Tenured: 336141K->270120K(349568K), 0.0489603 secs] 493389K->2701
20K(506816K), [Metaspace: 2646K->2646K(1056768K)], 0.0525829 secs] [Times: user=0.05 sys=0.00, real=0.05 secs]
2021-07-03T16:50:22.760+0800: [GC (Allocation Failure) 2021-07-03T16:50:22.760+0800: [DefNew: 139776K->17471K(157248K), 0.0091921 secs] 409896K->314622K(506816K), 0.0103485 secs] [Times: user=0.00 sys=0.00, real=0.01 secs]
2021-07-03T16:50:22.795+0800: [GC (Allocation Failure) 2021-07-03T16:50:22.795+0800: [DefNew: 157247K->17471K(157248K), 0.0115058 secs] 454398K->353085K(506816K), 0.0120320 secs] [Times: user=0.00 sys=0.00, real=0.01 secs]
2021-07-03T16:50:22.831+0800: [GC (Allocation Failure) 2021-07-03T16:50:22.831+0800: [DefNew: 157247K->157247K(157248K), 0.0007471 secs]2021-07-03T16:50:22.832+0800: [Tenured: 335613K->302148K(349568K), 0.0541815 secs] 492861K->3021
48K(506816K), [Metaspace: 2646K->2646K(1056768K)], 0.0564089 secs] [Times: user=0.06 sys=0.00, real=0.06 secs]
2021-07-03T16:50:22.909+0800: [GC (Allocation Failure) 2021-07-03T16:50:22.911+0800: [DefNew: 139776K->17470K(157248K), 0.0092330 secs] 441924K->350348K(506816K), 0.0109080 secs] [Times: user=0.02 sys=0.00, real=0.01 secs]
2021-07-03T16:50:22.943+0800: [GC (Allocation Failure) 2021-07-03T16:50:22.944+0800: [DefNew: 157246K->157246K(157248K), 0.0005609 secs]2021-07-03T16:50:22.944+0800: [Tenured: 332877K->322713K(349568K), 0.0582102 secs] 490124K->3227
13K(506816K), [Metaspace: 2646K->2646K(1056768K)], 0.0598230 secs] [Times: user=0.06 sys=0.00, real=0.06 secs]
2021-07-03T16:50:23.027+0800: [GC (Allocation Failure) 2021-07-03T16:50:23.029+0800: [DefNew: 139453K->139453K(157248K), 0.0002969 secs]2021-07-03T16:50:23.029+0800: [Tenured: 322713K->312554K(349568K), 0.0614252 secs] 462166K->3125
54K(506816K), [Metaspace: 2646K->2646K(1056768K)], 0.0663397 secs] [Times: user=0.06 sys=0.00, real=0.07 secs]
2021-07-03T16:50:23.117+0800: [GC (Allocation Failure) 2021-07-03T16:50:23.118+0800: [DefNew: 139776K->139776K(157248K), 0.0006182 secs]2021-07-03T16:50:23.119+0800: [Tenured: 312554K->342220K(349568K), 0.0419313 secs] 452330K->3422
20K(506816K), [Metaspace: 2646K->2646K(1056768K)], 0.0437076 secs] [Times: user=0.05 sys=0.00, real=0.04 secs]
2021-07-03T16:50:23.183+0800: [GC (Allocation Failure) 2021-07-03T16:50:23.184+0800: [DefNew: 139776K->139776K(157248K), 0.0003053 secs]2021-07-03T16:50:23.184+0800: [Tenured: 342220K->349354K(349568K), 0.0545770 secs] 481996K->3565
87K(506816K), [Metaspace: 2646K->2646K(1056768K)], 0.0564196 secs] [Times: user=0.05 sys=0.00, real=0.06 secs]
执行结束！共生成对象次数：8965
Heap
 def new generation   total 157248K, used 12927K [0x00000000e0000000, 0x00000000eaaa0000, 0x00000000eaaa0000)
  eden space 139776K,   9% used [0x00000000e0000000, 0x00000000e0c9fee8, 0x00000000e8880000)
  from space 17472K,   0% used [0x00000000e9990000, 0x00000000e9990000, 0x00000000eaaa0000)
  to   space 17472K,   0% used [0x00000000e8880000, 0x00000000e8880000, 0x00000000e9990000)
 tenured generation   total 349568K, used 349354K [0x00000000eaaa0000, 0x0000000100000000, 0x0000000100000000)
   the space 349568K,  99% used [0x00000000eaaa0000, 0x00000000fffcabd8, 0x00000000fffcac00, 0x0000000100000000)
 Metaspace       used 2652K, capacity 4486K, committed 4864K, reserved 1056768K
  class space    used 291K, capacity 386K, committed 512K, reserved 1048576K


使用jvm参数PrintGCDetails，设置初始堆内存xms为1G，最大堆内存1G，设置打印当前时间参数PrintGCDateStamps,设置GC策略为并行GC，执行执行GCLogAnalysis时打印gc日志,如下：
F:\IdeaWorkSpace\JavaCamp\src>java -XX:+PrintGCDetails -Xmx1g -Xms1g -XX:+PrintGCDateStamps -XX:+UseParallelGC Week2.GCLogAnalysis
正在执行。。。
2021-07-03T16:52:53.657+0800: [GC (Allocation Failure) [PSYoungGen: 262144K->43517K(305664K)] 262144K->79153K(1005056K), 0.0258701 secs] [Times: user=0.03 sys=0.09, real=0.03 secs]
2021-07-03T16:52:53.736+0800: [GC (Allocation Failure) [PSYoungGen: 305661K->43518K(305664K)] 341297K->143517K(1005056K), 0.0351955 secs] [Times: user=0.03 sys=0.08, real=0.04 secs]
2021-07-03T16:52:53.821+0800: [GC (Allocation Failure) [PSYoungGen: 305662K->43515K(305664K)] 405661K->214777K(1005056K), 0.0303131 secs] [Times: user=0.02 sys=0.09, real=0.03 secs]
2021-07-03T16:52:53.900+0800: [GC (Allocation Failure) [PSYoungGen: 305659K->43518K(305664K)] 476921K->281110K(1005056K), 0.0282114 secs] [Times: user=0.01 sys=0.11, real=0.03 secs]
2021-07-03T16:52:53.970+0800: [GC (Allocation Failure) [PSYoungGen: 305662K->43510K(305664K)] 543254K->346436K(1005056K), 0.0278034 secs] [Times: user=0.11 sys=0.02, real=0.03 secs]
2021-07-03T16:52:54.042+0800: [GC (Allocation Failure) [PSYoungGen: 305654K->43519K(160256K)] 608580K->406411K(859648K), 0.0262243 secs] [Times: user=0.06 sys=0.06, real=0.03 secs]
2021-07-03T16:52:54.089+0800: [GC (Allocation Failure) [PSYoungGen: 160215K->74319K(232960K)] 523108K->443347K(932352K), 0.0139021 secs] [Times: user=0.05 sys=0.02, real=0.01 secs]
2021-07-03T16:52:54.121+0800: [GC (Allocation Failure) [PSYoungGen: 191055K->93906K(232960K)] 560083K->476733K(932352K), 0.0210090 secs] [Times: user=0.03 sys=0.00, real=0.02 secs]
2021-07-03T16:52:54.162+0800: [GC (Allocation Failure) [PSYoungGen: 210642K->109794K(232960K)] 593469K->508951K(932352K), 0.0223845 secs] [Times: user=0.05 sys=0.01, real=0.02 secs]
2021-07-03T16:52:54.203+0800: [GC (Allocation Failure) [PSYoungGen: 226530K->74559K(232960K)] 625687K->533051K(932352K), 0.0273309 secs] [Times: user=0.09 sys=0.03, real=0.03 secs]
2021-07-03T16:52:54.248+0800: [GC (Allocation Failure) [PSYoungGen: 191227K->42480K(232960K)] 649719K->566196K(932352K), 0.0244475 secs] [Times: user=0.03 sys=0.08, real=0.02 secs]
2021-07-03T16:52:54.291+0800: [GC (Allocation Failure) [PSYoungGen: 159216K->38605K(232960K)] 682932K->600415K(932352K), 0.0172856 secs] [Times: user=0.01 sys=0.05, real=0.02 secs]
2021-07-03T16:52:54.328+0800: [GC (Allocation Failure) [PSYoungGen: 155341K->38203K(232960K)] 717151K->636750K(932352K), 0.0167434 secs] [Times: user=0.03 sys=0.03, real=0.02 secs]
2021-07-03T16:52:54.364+0800: [GC (Allocation Failure) [PSYoungGen: 154826K->38000K(232960K)] 753374K->670591K(932352K), 0.0170318 secs] [Times: user=0.02 sys=0.05, real=0.02 secs]
2021-07-03T16:52:54.381+0800: [Full GC (Ergonomics) [PSYoungGen: 38000K->0K(232960K)] [ParOldGen: 632591K->326952K(699392K)] 670591K->326952K(932352K), [Metaspace: 2646K->2646K(1056768K)], 0.0633384 secs] [Times: user=0.17 sys=0.02,
 real=0.06 secs]
2021-07-03T16:52:54.465+0800: [GC (Allocation Failure) [PSYoungGen: 116736K->43714K(232960K)] 443688K->370666K(932352K), 0.0078295 secs] [Times: user=0.06 sys=0.00, real=0.01 secs]
2021-07-03T16:52:54.494+0800: [GC (Allocation Failure) [PSYoungGen: 160408K->40905K(232960K)] 487360K->406890K(932352K), 0.0145794 secs] [Times: user=0.06 sys=0.00, real=0.01 secs]
2021-07-03T16:52:54.527+0800: [GC (Allocation Failure) [PSYoungGen: 157641K->37620K(232960K)] 523626K->440238K(932352K), 0.0124924 secs] [Times: user=0.06 sys=0.00, real=0.01 secs]
执行结束！共生成对象次数：10821
Heap
 PSYoungGen      total 232960K, used 42937K [0x00000000eab00000, 0x0000000100000000, 0x0000000100000000)
  eden space 116736K, 4% used [0x00000000eab00000,0x00000000eb031350,0x00000000f1d00000)
  from space 116224K, 32% used [0x00000000f1d00000,0x00000000f41bd188,0x00000000f8e80000)
  to   space 116224K, 0% used [0x00000000f8e80000,0x00000000f8e80000,0x0000000100000000)
 ParOldGen       total 699392K, used 402617K [0x00000000c0000000, 0x00000000eab00000, 0x00000000eab00000)
  object space 699392K, 57% used [0x00000000c0000000,0x00000000d892e6c8,0x00000000eab00000)
 Metaspace       used 2652K, capacity 4486K, committed 4864K, reserved 1056768K
  class space    used 291K, capacity 386K, committed 512K, reserved 1048576K


  
使用jvm参数PrintGCDetails，设置初始堆内存xms为4G，最大堆内存4G，设置打印当前时间参数PrintGCDateStamps,设置GC策略为并行GC，执行执行GCLogAnalysis时打印gc日志,如下：
F:\IdeaWorkSpace\JavaCamp\src>java -XX:+PrintGCDetails -Xmx4g -Xms4g -XX:+PrintGCDateStamps -XX:+UseParallelGC Week2.GCLogAnalysis
正在执行。。。
2021-07-03T16:53:30.111+0800: [GC (Allocation Failure) [PSYoungGen: 1048576K->174591K(1223168K)] 1048576K->242366K(4019712K), 0.1298310 secs] [Times: user=0.03 sys=0.44, real=0.13 secs]
2021-07-03T16:53:30.416+0800: [GC (Allocation Failure) [PSYoungGen: 1223167K->174591K(1223168K)] 1290942K->381519K(4019712K), 0.1697450 secs] [Times: user=0.05 sys=0.51, real=0.17 secs]
执行结束！共生成对象次数：10031
Heap
 PSYoungGen      total 1223168K, used 806933K [0x000000076ab00000, 0x00000007c0000000, 0x00000007c0000000)
  eden space 1048576K, 60% used [0x000000076ab00000,0x0000000791485950,0x00000007aab00000)
  from space 174592K, 99% used [0x00000007b5580000,0x00000007bffffcb8,0x00000007c0000000)
  to   space 174592K, 0% used [0x00000007aab00000,0x00000007aab00000,0x00000007b5580000)
 ParOldGen       total 2796544K, used 206927K [0x00000006c0000000, 0x000000076ab00000, 0x000000076ab00000)
  object space 2796544K, 7% used [0x00000006c0000000,0x00000006cca13f98,0x000000076ab00000)
 Metaspace       used 2652K, capacity 4486K, committed 4864K, reserved 1056768K
  class space    used 291K, capacity 386K, committed 512K, reserved 1048576K

  
使用jvm参数PrintGCDetails，设置初始堆内存xms为1G，最大堆内存1G，设置打印当前时间参数PrintGCDateStamps,设置GC策略为并行GC，执行执行GCLogAnalysis时打印gc日志,如下：
F:\IdeaWorkSpace\JavaCamp\src>java -XX:+PrintGCDetails -Xmx1g -Xms1g -XX:+PrintGCDateStamps -XX:+UseParallelGC Week2.GCLogAnalysis
正在执行。。。
2021-07-03T16:54:36.223+0800: [GC (Allocation Failure) [PSYoungGen: 262144K->43517K(305664K)] 262144K->87176K(1005056K), 0.0261714 secs] [Times: user=0.03 sys=0.09, real=0.03 secs]
2021-07-03T16:54:36.300+0800: [GC (Allocation Failure) [PSYoungGen: 305661K->43506K(305664K)] 349320K->164108K(1005056K), 0.0353044 secs] [Times: user=0.05 sys=0.08, real=0.04 secs]
2021-07-03T16:54:36.383+0800: [GC (Allocation Failure) [PSYoungGen: 305650K->43515K(305664K)] 426252K->236723K(1005056K), 0.0299277 secs] [Times: user=0.06 sys=0.05, real=0.03 secs]
2021-07-03T16:54:36.456+0800: [GC (Allocation Failure) [PSYoungGen: 305346K->43511K(305664K)] 498554K->315790K(1005056K), 0.0318779 secs] [Times: user=0.06 sys=0.05, real=0.03 secs]
2021-07-03T16:54:36.533+0800: [GC (Allocation Failure) [PSYoungGen: 305655K->43498K(305664K)] 577934K->393257K(1005056K), 0.0297291 secs] [Times: user=0.03 sys=0.09, real=0.03 secs]
2021-07-03T16:54:36.609+0800: [GC (Allocation Failure) [PSYoungGen: 305642K->43515K(160256K)] 655401K->463401K(859648K), 0.0295775 secs] [Times: user=0.02 sys=0.05, real=0.03 secs]
2021-07-03T16:54:36.660+0800: [GC (Allocation Failure) [PSYoungGen: 159979K->73576K(232960K)] 579865K->499490K(932352K), 0.0163131 secs] [Times: user=0.06 sys=0.00, real=0.02 secs]
2021-07-03T16:54:36.695+0800: [GC (Allocation Failure) [PSYoungGen: 189871K->96751K(232960K)] 615785K->533231K(932352K), 0.0209161 secs] [Times: user=0.06 sys=0.00, real=0.02 secs]
2021-07-03T16:54:36.737+0800: [GC (Allocation Failure) [PSYoungGen: 213487K->102906K(232960K)] 649967K->555735K(932352K), 0.0214645 secs] [Times: user=0.06 sys=0.00, real=0.02 secs]
2021-07-03T16:54:36.779+0800: [GC (Allocation Failure) [PSYoungGen: 219642K->66652K(232960K)] 672471K->582494K(932352K), 0.0269314 secs] [Times: user=0.05 sys=0.00, real=0.03 secs]
2021-07-03T16:54:36.826+0800: [GC (Allocation Failure) [PSYoungGen: 183388K->37408K(232960K)] 699230K->614217K(932352K), 0.0229978 secs] [Times: user=0.02 sys=0.03, real=0.02 secs]
2021-07-03T16:54:36.870+0800: [GC (Allocation Failure) [PSYoungGen: 154144K->39349K(232960K)] 730953K->647956K(932352K), 0.0157523 secs] [Times: user=0.06 sys=0.00, real=0.02 secs]
2021-07-03T16:54:36.886+0800: [Full GC (Ergonomics) [PSYoungGen: 39349K->0K(232960K)] [ParOldGen: 608607K->332506K(699392K)] 647956K->332506K(932352K), [Metaspace: 2646K->2646K(1056768K)], 0.0649530 secs] [Times: user=0.16 sys=0.08,
 real=0.07 secs]
2021-07-03T16:54:36.973+0800: [GC (Allocation Failure) [PSYoungGen: 116598K->37314K(232960K)] 449105K->369821K(932352K), 0.0130857 secs] [Times: user=0.06 sys=0.00, real=0.01 secs]
2021-07-03T16:54:37.009+0800: [GC (Allocation Failure) [PSYoungGen: 153792K->42809K(232960K)] 486299K->409432K(932352K), 0.0148901 secs] [Times: user=0.03 sys=0.00, real=0.01 secs]
2021-07-03T16:54:37.047+0800: [GC (Allocation Failure) [PSYoungGen: 159545K->42083K(232960K)] 526168K->444289K(932352K), 0.0156616 secs] [Times: user=0.06 sys=0.00, real=0.02 secs]
2021-07-03T16:54:37.085+0800: [GC (Allocation Failure) [PSYoungGen: 158819K->40055K(232960K)] 561025K->478886K(932352K), 0.0149994 secs] [Times: user=0.03 sys=0.00, real=0.01 secs]
执行结束！共生成对象次数：10341
Heap
 PSYoungGen      total 232960K, used 75146K [0x00000000eab00000, 0x0000000100000000, 0x0000000100000000)
  eden space 116736K, 30% used [0x00000000eab00000,0x00000000ecd44fb0,0x00000000f1d00000)
  from space 116224K, 34% used [0x00000000f8e80000,0x00000000fb59dc18,0x0000000100000000)
  to   space 116224K, 0% used [0x00000000f1d00000,0x00000000f1d00000,0x00000000f8e80000)
 ParOldGen       total 699392K, used 438831K [0x00000000c0000000, 0x00000000eab00000, 0x00000000eab00000)
  object space 699392K, 62% used [0x00000000c0000000,0x00000000dac8be00,0x00000000eab00000)
 Metaspace       used 2652K, capacity 4486K, committed 4864K, reserved 1056768K
  class space    used 291K, capacity 386K, committed 512K, reserved 1048576K


使用jvm参数PrintGCDetails，设置最大堆内存1G，不设置堆起始内存（使用jvm自适应），设置打印当前时间参数PrintGCDateStamps,设置GC策略为并行GC，执行执行GCLogAnalysis时打印gc日志,如下：
F:\IdeaWorkSpace\JavaCamp\src>java -XX:+PrintGCDetails -Xmx1g  -XX:+PrintGCDateStamps -XX:+UseParallelGC Week2.GCLogAnalysis
正在执行。。。
2021-07-03T16:55:12.255+0800: [GC (Allocation Failure) [PSYoungGen: 47104K->7677K(54784K)] 47104K->16383K(180736K), 0.0086792 secs] [Times: user=0.00 sys=0.00, real=0.01 secs]
2021-07-03T16:55:12.279+0800: [GC (Allocation Failure) [PSYoungGen: 54737K->7663K(101888K)] 63443K->31165K(227840K), 0.0094374 secs] [Times: user=0.00 sys=0.05, real=0.01 secs]
2021-07-03T16:55:12.321+0800: [GC (Allocation Failure) [PSYoungGen: 101871K->7678K(101888K)] 125373K->58061K(227840K), 0.0150990 secs] [Times: user=0.00 sys=0.06, real=0.02 secs]
2021-07-03T16:55:12.354+0800: [GC (Allocation Failure) [PSYoungGen: 101886K->7662K(196096K)] 152269K->88966K(322048K), 0.0131666 secs] [Times: user=0.01 sys=0.05, real=0.01 secs]
2021-07-03T16:55:12.421+0800: [GC (Allocation Failure) [PSYoungGen: 196078K->7672K(196096K)] 277382K->151779K(340480K), 0.0236355 secs] [Times: user=0.03 sys=0.09, real=0.02 secs]
2021-07-03T16:55:12.446+0800: [Full GC (Ergonomics) [PSYoungGen: 7672K->0K(196096K)] [ParOldGen: 144107K->131708K(254976K)] 151779K->131708K(451072K), [Metaspace: 2646K->2646K(1056768K)], 0.0309357 secs] [Times: user=0.12 sys=0.00,
real=0.03 secs]
2021-07-03T16:55:12.514+0800: [GC (Allocation Failure) [PSYoungGen: 188416K->59830K(262656K)] 320124K->191539K(517632K), 0.0183264 secs] [Times: user=0.00 sys=0.06, real=0.02 secs]
2021-07-03T16:55:12.575+0800: [GC (Allocation Failure) [PSYoungGen: 251297K->78848K(270336K)] 383005K->245188K(525312K), 0.0310632 secs] [Times: user=0.00 sys=0.13, real=0.03 secs]
2021-07-03T16:55:12.636+0800: [GC (Allocation Failure) [PSYoungGen: 270336K->78841K(195584K)] 436676K->289032K(450560K), 0.0340494 secs] [Times: user=0.01 sys=0.11, real=0.03 secs]
2021-07-03T16:55:12.670+0800: [Full GC (Ergonomics) [PSYoungGen: 78841K->0K(195584K)] [ParOldGen: 210190K->232969K(373248K)] 289032K->232969K(568832K), [Metaspace: 2646K->2646K(1056768K)], 0.0454996 secs] [Times: user=0.11 sys=0.03,
 real=0.05 secs]
2021-07-03T16:55:12.735+0800: [GC (Allocation Failure) [PSYoungGen: 116736K->41626K(232960K)] 349705K->274595K(606208K), 0.0094552 secs] [Times: user=0.00 sys=0.00, real=0.01 secs]
2021-07-03T16:55:12.765+0800: [GC (Allocation Failure) [PSYoungGen: 158362K->82417K(232960K)] 391331K->315386K(606208K), 0.0154581 secs] [Times: user=0.05 sys=0.00, real=0.01 secs]
2021-07-03T16:55:12.800+0800: [GC (Allocation Failure) [PSYoungGen: 199153K->42038K(232960K)] 432122K->347234K(606208K), 0.0251244 secs] [Times: user=0.03 sys=0.03, real=0.03 secs]
2021-07-03T16:55:12.825+0800: [Full GC (Ergonomics) [PSYoungGen: 42038K->0K(232960K)] [ParOldGen: 305195K->284642K(450048K)] 347234K->284642K(683008K), [Metaspace: 2646K->2646K(1056768K)], 0.0514322 secs] [Times: user=0.17 sys=0.02,
 real=0.05 secs]
2021-07-03T16:55:12.897+0800: [GC (Allocation Failure) [PSYoungGen: 116736K->36095K(232960K)] 401378K->320737K(683008K), 0.0063926 secs] [Times: user=0.00 sys=0.00, real=0.01 secs]
2021-07-03T16:55:12.922+0800: [GC (Allocation Failure) [PSYoungGen: 152831K->37672K(232960K)] 437473K->354781K(683008K), 0.0142288 secs] [Times: user=0.02 sys=0.00, real=0.02 secs]
2021-07-03T16:55:12.956+0800: [GC (Allocation Failure) [PSYoungGen: 154365K->35034K(232960K)] 471474K->386159K(683008K), 0.0154412 secs] [Times: user=0.00 sys=0.06, real=0.01 secs]
2021-07-03T16:55:12.990+0800: [GC (Allocation Failure) [PSYoungGen: 151711K->33975K(151040K)] 502836K->415726K(601088K), 0.0144381 secs] [Times: user=0.03 sys=0.03, real=0.02 secs]
2021-07-03T16:55:13.026+0800: [GC (Allocation Failure) [PSYoungGen: 150711K->40204K(235008K)] 532462K->453653K(685056K), 0.0152359 secs] [Times: user=0.03 sys=0.03, real=0.01 secs]
2021-07-03T16:55:13.041+0800: [Full GC (Ergonomics) [PSYoungGen: 40204K->0K(235008K)] [ParOldGen: 413449K->317328K(494080K)] 453653K->317328K(729088K), [Metaspace: 2646K->2646K(1056768K)], 0.0681427 secs] [Times: user=0.20 sys=0.00,
 real=0.07 secs]
2021-07-03T16:55:13.130+0800: [GC (Allocation Failure) [PSYoungGen: 121344K->39279K(230400K)] 438672K->356608K(724480K), 0.0087161 secs] [Times: user=0.00 sys=0.00, real=0.01 secs]
2021-07-03T16:55:13.161+0800: [GC (Allocation Failure) [PSYoungGen: 160623K->37315K(235520K)] 477952K->388204K(729600K), 0.0130910 secs] [Times: user=0.06 sys=0.00, real=0.01 secs]
2021-07-03T16:55:13.199+0800: [GC (Allocation Failure) [PSYoungGen: 167875K->39999K(231424K)] 518764K->424955K(725504K), 0.0145932 secs] [Times: user=0.05 sys=0.00, real=0.02 secs]
执行结束！共生成对象次数：9072
Heap
 PSYoungGen      total 231424K, used 124456K [0x00000000eab00000, 0x00000000ff400000, 0x0000000100000000)
  eden space 130560K, 64% used [0x00000000eab00000,0x00000000efd7a610,0x00000000f2a80000)
  from space 100864K, 39% used [0x00000000f2a80000,0x00000000f518fd48,0x00000000f8d00000)
  to   space 96768K, 0% used [0x00000000f9580000,0x00000000f9580000,0x00000000ff400000)
 ParOldGen       total 494080K, used 384956K [0x00000000c0000000, 0x00000000de280000, 0x00000000eab00000)
  object space 494080K, 77% used [0x00000000c0000000,0x00000000d77ef1b0,0x00000000de280000)
 Metaspace       used 2652K, capacity 4486K, committed 4864K, reserved 1056768K
  class space    used 291K, capacity 386K, committed 512K, reserved 1048576K

  
使用jvm参数PrintGCDetails，设置初始堆内存xms为1G，最大堆内存1G，设置打印当前时间参数PrintGCDateStamps,设置GC策略为CMS（并发标记清除），执行执行GCLogAnalysis时打印gc日志,如下：
F:\IdeaWorkSpace\JavaCamp\src>java -XX:+PrintGCDetails -Xmx1g -Xms1g -XX:+PrintGCDateStamps -XX:+UseConcMarkSweepGC Week2.GCLogAnalysis
正在执行。。。
2021-07-03T17:11:02.365+0800: [GC (Allocation Failure) 2021-07-03T17:11:02.368+0800: [ParNew: 272640K->34047K(306688K), 0.0425424 secs] 272640K->74902K(1014528K), 0.0450351 secs] [Times: user=0.00 sys=0.19, real=0.05 secs]
2021-07-03T17:11:02.460+0800: [GC (Allocation Failure) 2021-07-03T17:11:02.460+0800: [ParNew: 306687K->34048K(306688K), 0.0688493 secs] 347542K->156054K(1014528K), 0.0694449 secs] [Times: user=0.03 sys=0.22, real=0.07 secs]
2021-07-03T17:11:02.577+0800: [GC (Allocation Failure) 2021-07-03T17:11:02.577+0800: [ParNew: 306688K->34046K(306688K), 0.0500181 secs] 428694K->231101K(1014528K), 0.0504034 secs] [Times: user=0.23 sys=0.02, real=0.05 secs]
2021-07-03T17:11:02.674+0800: [GC (Allocation Failure) 2021-07-03T17:11:02.675+0800: [ParNew: 306686K->34048K(306688K), 0.0464564 secs] 503741K->305053K(1014528K), 0.0466329 secs] [Times: user=0.14 sys=0.05, real=0.05 secs]
2021-07-03T17:11:02.767+0800: [GC (Allocation Failure) 2021-07-03T17:11:02.767+0800: [ParNew: 306688K->34048K(306688K), 0.0485355 secs] 577693K->380221K(1014528K), 0.0487341 secs] [Times: user=0.13 sys=0.06, real=0.05 secs]
2021-07-03T17:11:02.865+0800: [GC (Allocation Failure) 2021-07-03T17:11:02.865+0800: [ParNew: 306688K->34048K(306688K), 0.0479839 secs] 652861K->457016K(1014528K), 0.0483355 secs] [Times: user=0.16 sys=0.03, real=0.05 secs]
2021-07-03T17:11:02.913+0800: [GC (CMS Initial Mark) [1 CMS-initial-mark: 422968K(707840K)] 457304K(1014528K), 0.0003662 secs] [Times: user=0.00 sys=0.00, real=0.00 secs]
2021-07-03T17:11:02.914+0800: [CMS-concurrent-mark-start]
2021-07-03T17:11:02.923+0800: [CMS-concurrent-mark: 0.009/0.009 secs] [Times: user=0.01 sys=0.02, real=0.01 secs]
2021-07-03T17:11:02.923+0800: [CMS-concurrent-preclean-start]
2021-07-03T17:11:02.925+0800: [CMS-concurrent-preclean: 0.001/0.001 secs] [Times: user=0.00 sys=0.00, real=0.00 secs]
2021-07-03T17:11:02.925+0800: [CMS-concurrent-abortable-preclean-start]
2021-07-03T17:11:02.961+0800: [GC (Allocation Failure) 2021-07-03T17:11:02.961+0800: [ParNew: 306401K->34048K(306688K), 0.0515016 secs] 729370K->538358K(1014528K), 0.0517060 secs] [Times: user=0.16 sys=0.03, real=0.05 secs]
2021-07-03T17:11:03.057+0800: [GC (Allocation Failure) 2021-07-03T17:11:03.057+0800: [ParNew: 306688K->34048K(306688K), 0.0552303 secs] 810998K->634353K(1014528K), 0.0553987 secs] [Times: user=0.16 sys=0.08, real=0.06 secs]
2021-07-03T17:11:03.160+0800: [GC (Allocation Failure) 2021-07-03T17:11:03.160+0800: [ParNew: 306688K->34048K(306688K), 0.0462191 secs] 906993K->711248K(1014528K), 0.0464409 secs] [Times: user=0.19 sys=0.00, real=0.05 secs]
2021-07-03T17:11:03.207+0800: [CMS-concurrent-abortable-preclean: 0.006/0.281 secs] [Times: user=0.62 sys=0.11, real=0.28 secs]
2021-07-03T17:11:03.207+0800: [GC (CMS Final Remark) [YG occupancy: 39610 K (306688 K)]2021-07-03T17:11:03.207+0800: [Rescan (parallel) , 0.0006533 secs]2021-07-03T17:11:03.208+0800: [weak refs processing, 0.0000689 secs]2021-07-03T
17:11:03.208+0800: [class unloading, 0.0004813 secs]2021-07-03T17:11:03.209+0800: [scrub symbol table, 0.0003964 secs]2021-07-03T17:11:03.209+0800: [scrub string table, 0.0001427 secs][1 CMS-remark: 677200K(707840K)] 716811K(1014528
K), 0.0022897 secs] [Times: user=0.00 sys=0.00, real=0.00 secs]
2021-07-03T17:11:03.210+0800: [CMS-concurrent-sweep-start]
2021-07-03T17:11:03.211+0800: [CMS-concurrent-sweep: 0.001/0.001 secs] [Times: user=0.00 sys=0.00, real=0.00 secs]
2021-07-03T17:11:03.211+0800: [CMS-concurrent-reset-start]
2021-07-03T17:11:03.212+0800: [CMS-concurrent-reset: 0.001/0.001 secs] [Times: user=0.00 sys=0.00, real=0.00 secs]
执行结束！共生成对象次数：9772
Heap
 par new generation   total 306688K, used 186182K [0x00000000c0000000, 0x00000000d4cc0000, 0x00000000d4cc0000)
  eden space 272640K,  55% used [0x00000000c0000000, 0x00000000c9491b98, 0x00000000d0a40000)
  from space 34048K, 100% used [0x00000000d2b80000, 0x00000000d4cc0000, 0x00000000d4cc0000)
  to   space 34048K,   0% used [0x00000000d0a40000, 0x00000000d0a40000, 0x00000000d2b80000)
 concurrent mark-sweep generation total 707840K, used 513735K [0x00000000d4cc0000, 0x0000000100000000, 0x0000000100000000)
 Metaspace       used 2652K, capacity 4486K, committed 4864K, reserved 1056768K
  class space    used 291K, capacity 386K, committed 512K, reserved 1048576K

使用jvm参数PrintGCDetails，设置初始堆内存xms为4G，最大堆内存4G，设置打印当前时间参数PrintGCDateStamps,设置GC策略为CMS（并发标记清除），执行执行GCLogAnalysis时打印gc日志,如下：
F:\IdeaWorkSpace\JavaCamp\src>java -XX:+PrintGCDetails -Xmx4g -Xms4g -XX:+PrintGCDateStamps -XX:+UseConcMarkSweepGC Week2.GCLogAnalysis
正在执行。。。
2021-07-03T17:22:44.994+0800: [GC (Allocation Failure) 2021-07-03T17:22:44.995+0800: [ParNew: 272640K->34048K(306688K), 0.0330725 secs] 272640K->82941K(4160256K), 0.0332765 secs] [Times: user=0.03 sys=0.08, real=0.04 secs]
2021-07-03T17:22:45.081+0800: [GC (Allocation Failure) 2021-07-03T17:22:45.081+0800: [ParNew: 306688K->34048K(306688K), 0.0626545 secs] 355581K->158364K(4160256K), 0.0632576 secs] [Times: user=0.06 sys=0.17, real=0.06 secs]
2021-07-03T17:22:45.190+0800: [GC (Allocation Failure) 2021-07-03T17:22:45.190+0800: [ParNew: 306688K->34048K(306688K), 0.0514402 secs] 431004K->243071K(4160256K), 0.0517984 secs] [Times: user=0.20 sys=0.03, real=0.05 secs]
2021-07-03T17:22:45.288+0800: [GC (Allocation Failure) 2021-07-03T17:22:45.288+0800: [ParNew: 306688K->34048K(306688K), 0.0555570 secs] 515711K->314980K(4160256K), 0.0557210 secs] [Times: user=0.09 sys=0.09, real=0.06 secs]
2021-07-03T17:22:45.390+0800: [GC (Allocation Failure) 2021-07-03T17:22:45.391+0800: [ParNew: 306688K->34048K(306688K), 0.0625411 secs] 587620K->398443K(4160256K), 0.0627620 secs] [Times: user=0.13 sys=0.08, real=0.06 secs]
2021-07-03T17:22:45.499+0800: [GC (Allocation Failure) 2021-07-03T17:22:45.499+0800: [ParNew: 306688K->34048K(306688K), 0.0545388 secs] 671083K->468971K(4160256K), 0.0549681 secs] [Times: user=0.20 sys=0.02, real=0.05 secs]
2021-07-03T17:22:45.600+0800: [GC (Allocation Failure) 2021-07-03T17:22:45.600+0800: [ParNew: 306688K->34048K(306688K), 0.0540010 secs] 741611K->538744K(4160256K), 0.0541815 secs] [Times: user=0.17 sys=0.01, real=0.05 secs]
2021-07-03T17:22:45.697+0800: [GC (Allocation Failure) 2021-07-03T17:22:45.698+0800: [ParNew: 306688K->34048K(306688K), 0.0617634 secs] 811384K->622075K(4160256K), 0.0619963 secs] [Times: user=0.19 sys=0.06, real=0.06 secs]
2021-07-03T17:22:45.806+0800: [GC (Allocation Failure) 2021-07-03T17:22:45.806+0800: [ParNew: 306688K->34048K(306688K), 0.0569351 secs] 894715K->705308K(4160256K), 0.0573831 secs] [Times: user=0.16 sys=0.02, real=0.06 secs]
执行结束！共生成对象次数：9248
Heap
 par new generation   total 306688K, used 45350K [0x00000006c0000000, 0x00000006d4cc0000, 0x00000006d4cc0000)
  eden space 272640K,   4% used [0x00000006c0000000, 0x00000006c0b09a38, 0x00000006d0a40000)
  from space 34048K, 100% used [0x00000006d2b80000, 0x00000006d4cc0000, 0x00000006d4cc0000)
  to   space 34048K,   0% used [0x00000006d0a40000, 0x00000006d0a40000, 0x00000006d2b80000)
 concurrent mark-sweep generation total 3853568K, used 671260K [0x00000006d4cc0000, 0x00000007c0000000, 0x00000007c0000000)
 Metaspace       used 2652K, capacity 4486K, committed 4864K, reserved 1056768K
  class space    used 291K, capacity 386K, committed 512K, reserved 1048576K

  
使用jvm参数PrintGCDetails，设置初始堆内存xms为512MB，最大堆内存512MB，设置打印当前时间参数PrintGCDateStamps,设置GC策略为CMS（并发标记清除），执行执行GCLogAnalysis时打印gc日志,如下： 
F:\IdeaWorkSpace\JavaCamp\src>java -XX:+PrintGCDetails -Xmx512m -Xms512m -XX:+PrintGCDateStamps -XX:+UseConcMarkSweepGC Week2.GCLogAnalysis
正在执行。。。
2021-07-03T17:24:41.802+0800: [GC (Allocation Failure) 2021-07-03T17:24:41.803+0800: [ParNew: 139776K->17469K(157248K), 0.0157621 secs] 139776K->50805K(506816K), 0.0169082 secs] [Times: user=0.01 sys=0.03, real=0.02 secs]
2021-07-03T17:24:41.848+0800: [GC (Allocation Failure) 2021-07-03T17:24:41.848+0800: [ParNew: 157245K->17472K(157248K), 0.0215947 secs] 190581K->94513K(506816K), 0.0223654 secs] [Times: user=0.01 sys=0.05, real=0.02 secs]
2021-07-03T17:24:41.896+0800: [GC (Allocation Failure) 2021-07-03T17:24:41.897+0800: [ParNew: 157139K->17472K(157248K), 0.0195090 secs] 234181K->135785K(506816K), 0.0203463 secs] [Times: user=0.05 sys=0.02, real=0.02 secs]
2021-07-03T17:24:41.941+0800: [GC (Allocation Failure) 2021-07-03T17:24:41.941+0800: [ParNew: 157248K->17472K(157248K), 0.0178038 secs] 275561K->175750K(506816K), 0.0188602 secs] [Times: user=0.09 sys=0.01, real=0.02 secs]
2021-07-03T17:24:41.985+0800: [GC (Allocation Failure) 2021-07-03T17:24:41.986+0800: [ParNew: 157248K->17472K(157248K), 0.0205450 secs] 315526K->222656K(506816K), 0.0211258 secs] [Times: user=0.11 sys=0.00, real=0.02 secs]
2021-07-03T17:24:42.007+0800: [GC (CMS Initial Mark) [1 CMS-initial-mark: 205184K(349568K)] 223029K(506816K), 0.0025177 secs] [Times: user=0.00 sys=0.00, real=0.00 secs]
2021-07-03T17:24:42.009+0800: [CMS-concurrent-mark-start]
2021-07-03T17:24:42.015+0800: [CMS-concurrent-mark: 0.005/0.005 secs] [Times: user=0.00 sys=0.00, real=0.01 secs]
2021-07-03T17:24:42.015+0800: [CMS-concurrent-preclean-start]
2021-07-03T17:24:42.016+0800: [CMS-concurrent-preclean: 0.001/0.001 secs] [Times: user=0.00 sys=0.00, real=0.00 secs]
2021-07-03T17:24:42.016+0800: [CMS-concurrent-abortable-preclean-start]
2021-07-03T17:24:42.035+0800: [GC (Allocation Failure) 2021-07-03T17:24:42.036+0800: [ParNew: 157248K->17471K(157248K), 0.0197841 secs] 362432K->267373K(506816K), 0.0204072 secs] [Times: user=0.09 sys=0.03, real=0.02 secs]
2021-07-03T17:24:42.080+0800: [GC (Allocation Failure) 2021-07-03T17:24:42.081+0800: [ParNew: 156900K->17470K(157248K), 0.0192504 secs] 406801K->312771K(506816K), 0.0194108 secs] [Times: user=0.09 sys=0.01, real=0.02 secs]
2021-07-03T17:24:42.123+0800: [GC (Allocation Failure) 2021-07-03T17:24:42.123+0800: [ParNew: 157246K->17471K(157248K), 0.0202241 secs] 452547K->359809K(506816K), 0.0204321 secs] [Times: user=0.05 sys=0.02, real=0.02 secs]
2021-07-03T17:24:42.144+0800: [CMS-concurrent-abortable-preclean: 0.003/0.127 secs] [Times: user=0.28 sys=0.06, real=0.13 secs]
2021-07-03T17:24:42.144+0800: [GC (CMS Final Remark) [YG occupancy: 20458 K (157248 K)]2021-07-03T17:24:42.144+0800: [Rescan (parallel) , 0.0003293 secs]2021-07-03T17:24:42.145+0800: [weak refs processing, 0.0000551 secs]2021-07-03T
17:24:42.145+0800: [class unloading, 0.0005529 secs]2021-07-03T17:24:42.145+0800: [scrub symbol table, 0.0003884 secs]2021-07-03T17:24:42.146+0800: [scrub string table, 0.0001453 secs][1 CMS-remark: 342337K(349568K)] 362796K(506816K
), 0.0018675 secs] [Times: user=0.00 sys=0.00, real=0.00 secs]
2021-07-03T17:24:42.146+0800: [CMS-concurrent-sweep-start]
2021-07-03T17:24:42.147+0800: [CMS-concurrent-sweep: 0.001/0.001 secs] [Times: user=0.00 sys=0.00, real=0.00 secs]
2021-07-03T17:24:42.149+0800: [CMS-concurrent-reset-start]
2021-07-03T17:24:42.150+0800: [CMS-concurrent-reset: 0.001/0.001 secs] [Times: user=0.00 sys=0.00, real=0.00 secs]
2021-07-03T17:24:42.169+0800: [GC (Allocation Failure) 2021-07-03T17:24:42.169+0800: [ParNew: 157247K->17471K(157248K), 0.0131693 secs] 452915K->357102K(506816K), 0.0133746 secs] [Times: user=0.05 sys=0.00, real=0.01 secs]
2021-07-03T17:24:42.183+0800: [GC (CMS Initial Mark) [1 CMS-initial-mark: 339631K(349568K)] 360686K(506816K), 0.0003018 secs] [Times: user=0.00 sys=0.00, real=0.00 secs]
2021-07-03T17:24:42.184+0800: [CMS-concurrent-mark-start]
2021-07-03T17:24:42.187+0800: [CMS-concurrent-mark: 0.003/0.003 secs] [Times: user=0.00 sys=0.00, real=0.00 secs]
2021-07-03T17:24:42.189+0800: [CMS-concurrent-preclean-start]
2021-07-03T17:24:42.190+0800: [CMS-concurrent-preclean: 0.001/0.001 secs] [Times: user=0.00 sys=0.00, real=0.00 secs]
2021-07-03T17:24:42.190+0800: [CMS-concurrent-abortable-preclean-start]
2021-07-03T17:24:42.190+0800: [CMS-concurrent-abortable-preclean: 0.000/0.000 secs] [Times: user=0.00 sys=0.00, real=0.00 secs]
2021-07-03T17:24:42.190+0800: [GC (CMS Final Remark) [YG occupancy: 51959 K (157248 K)]2021-07-03T17:24:42.191+0800: [Rescan (parallel) , 0.0108996 secs]2021-07-03T17:24:42.202+0800: [weak refs processing, 0.0000751 secs]2021-07-03T
17:24:42.202+0800: [class unloading, 0.0005760 secs]2021-07-03T17:24:42.203+0800: [scrub symbol table, 0.0004840 secs]2021-07-03T17:24:42.203+0800: [scrub string table, 0.0001551 secs][1 CMS-remark: 339631K(349568K)] 391591K(506816K
), 0.0133070 secs] [Times: user=0.05 sys=0.00, real=0.01 secs]
2021-07-03T17:24:42.204+0800: [CMS-concurrent-sweep-start]
2021-07-03T17:24:42.205+0800: [CMS-concurrent-sweep: 0.001/0.001 secs] [Times: user=0.00 sys=0.00, real=0.00 secs]
2021-07-03T17:24:42.205+0800: [CMS-concurrent-reset-start]
2021-07-03T17:24:42.206+0800: [CMS-concurrent-reset: 0.001/0.001 secs] [Times: user=0.00 sys=0.00, real=0.00 secs]
2021-07-03T17:24:42.222+0800: [GC (Allocation Failure) 2021-07-03T17:24:42.222+0800: [ParNew: 157178K->17471K(157248K), 0.0150181 secs] 401055K->301922K(506816K), 0.0152479 secs] [Times: user=0.03 sys=0.00, real=0.02 secs]
2021-07-03T17:24:42.238+0800: [GC (CMS Initial Mark) [1 CMS-initial-mark: 284450K(349568K)] 302033K(506816K), 0.0004831 secs] [Times: user=0.00 sys=0.00, real=0.00 secs]
2021-07-03T17:24:42.238+0800: [CMS-concurrent-mark-start]
2021-07-03T17:24:42.241+0800: [CMS-concurrent-mark: 0.002/0.002 secs] [Times: user=0.02 sys=0.00, real=0.00 secs]
2021-07-03T17:24:42.242+0800: [CMS-concurrent-preclean-start]
2021-07-03T17:24:42.243+0800: [CMS-concurrent-preclean: 0.001/0.001 secs] [Times: user=0.00 sys=0.00, real=0.00 secs]
2021-07-03T17:24:42.243+0800: [CMS-concurrent-abortable-preclean-start]
2021-07-03T17:24:42.265+0800: [GC (Allocation Failure) 2021-07-03T17:24:42.265+0800: [ParNew: 157058K->17470K(157248K), 0.0120738 secs] 441509K->342370K(506816K), 0.0122391 secs] [Times: user=0.05 sys=0.00, real=0.01 secs]
2021-07-03T17:24:42.303+0800: [GC (Allocation Failure) 2021-07-03T17:24:42.303+0800: [ParNew: 157246K->157246K(157248K), 0.0001044 secs]2021-07-03T17:24:42.303+0800: [CMS2021-07-03T17:24:42.303+0800: [CMS-concurrent-abortable-precle
an: 0.002/0.059 secs] [Times: user=0.09 sys=0.00, real=0.06 secs]
 (concurrent mode failure): 324899K->291795K(349568K), 0.0662370 secs] 482146K->291795K(506816K), [Metaspace: 2646K->2646K(1056768K)], 0.0667259 secs] [Times: user=0.06 sys=0.00, real=0.07 secs]
2021-07-03T17:24:42.397+0800: [GC (Allocation Failure) 2021-07-03T17:24:42.397+0800: [ParNew: 139776K->17470K(157248K), 0.0102827 secs] 431571K->339999K(506816K), 0.0106551 secs] [Times: user=0.00 sys=0.00, real=0.01 secs]
2021-07-03T17:24:42.408+0800: [GC (CMS Initial Mark) [1 CMS-initial-mark: 322528K(349568K)] 340395K(506816K), 0.0007604 secs] [Times: user=0.00 sys=0.00, real=0.00 secs]
2021-07-03T17:24:42.409+0800: [CMS-concurrent-mark-start]
2021-07-03T17:24:42.414+0800: [CMS-concurrent-mark: 0.004/0.004 secs] [Times: user=0.03 sys=0.00, real=0.01 secs]
2021-07-03T17:24:42.414+0800: [CMS-concurrent-preclean-start]
2021-07-03T17:24:42.415+0800: [CMS-concurrent-preclean: 0.001/0.001 secs] [Times: user=0.00 sys=0.00, real=0.00 secs]
2021-07-03T17:24:42.416+0800: [CMS-concurrent-abortable-preclean-start]
2021-07-03T17:24:42.417+0800: [CMS-concurrent-abortable-preclean: 0.000/0.000 secs] [Times: user=0.00 sys=0.00, real=0.00 secs]
2021-07-03T17:24:42.419+0800: [GC (CMS Final Remark) [YG occupancy: 55074 K (157248 K)]2021-07-03T17:24:42.419+0800: [Rescan (parallel) , 0.0005595 secs]2021-07-03T17:24:42.419+0800: [weak refs processing, 0.0000711 secs]2021-07-03T
17:24:42.420+0800: [class unloading, 0.0005373 secs]2021-07-03T17:24:42.420+0800: [scrub symbol table, 0.0004031 secs]2021-07-03T17:24:42.421+0800: [scrub string table, 0.0001702 secs][1 CMS-remark: 322528K(349568K)] 377602K(506816K
), 0.0023572 secs] [Times: user=0.00 sys=0.00, real=0.00 secs]
2021-07-03T17:24:42.421+0800: [CMS-concurrent-sweep-start]
2021-07-03T17:24:42.422+0800: [CMS-concurrent-sweep: 0.001/0.001 secs] [Times: user=0.00 sys=0.00, real=0.00 secs]
2021-07-03T17:24:42.423+0800: [CMS-concurrent-reset-start]
2021-07-03T17:24:42.424+0800: [CMS-concurrent-reset: 0.001/0.001 secs] [Times: user=0.00 sys=0.00, real=0.00 secs]
2021-07-03T17:24:42.441+0800: [GC (Allocation Failure) 2021-07-03T17:24:42.442+0800: [ParNew: 157246K->17470K(157248K), 0.0124657 secs] 444180K->343723K(506816K), 0.0143426 secs] [Times: user=0.01 sys=0.00, real=0.02 secs]
2021-07-03T17:24:42.456+0800: [GC (CMS Initial Mark) [1 CMS-initial-mark: 326253K(349568K)] 346732K(506816K), 0.0002582 secs] [Times: user=0.00 sys=0.00, real=0.00 secs]
2021-07-03T17:24:42.456+0800: [CMS-concurrent-mark-start]
2021-07-03T17:24:42.459+0800: [CMS-concurrent-mark: 0.003/0.003 secs] [Times: user=0.03 sys=0.00, real=0.00 secs]
2021-07-03T17:24:42.460+0800: [CMS-concurrent-preclean-start]
2021-07-03T17:24:42.461+0800: [CMS-concurrent-preclean: 0.001/0.001 secs] [Times: user=0.00 sys=0.00, real=0.00 secs]
2021-07-03T17:24:42.461+0800: [CMS-concurrent-abortable-preclean-start]
2021-07-03T17:24:42.462+0800: [CMS-concurrent-abortable-preclean: 0.000/0.000 secs] [Times: user=0.00 sys=0.00, real=0.00 secs]
2021-07-03T17:24:42.462+0800: [GC (CMS Final Remark) [YG occupancy: 45920 K (157248 K)]2021-07-03T17:24:42.463+0800: [Rescan (parallel) , 0.0004111 secs]2021-07-03T17:24:42.463+0800: [weak refs processing, 0.0000533 secs]2021-07-03T
17:24:42.463+0800: [class unloading, 0.0004351 secs]2021-07-03T17:24:42.463+0800: [scrub symbol table, 0.0004191 secs]2021-07-03T17:24:42.464+0800: [scrub string table, 0.0001644 secs][1 CMS-remark: 326253K(349568K)] 372173K(506816K
), 0.0019155 secs] [Times: user=0.00 sys=0.00, real=0.00 secs]
2021-07-03T17:24:42.464+0800: [CMS-concurrent-sweep-start]
2021-07-03T17:24:42.465+0800: [CMS-concurrent-sweep: 0.001/0.001 secs] [Times: user=0.00 sys=0.00, real=0.00 secs]
2021-07-03T17:24:42.466+0800: [CMS-concurrent-reset-start]
2021-07-03T17:24:42.466+0800: [CMS-concurrent-reset: 0.001/0.001 secs] [Times: user=0.00 sys=0.00, real=0.00 secs]
2021-07-03T17:24:42.485+0800: [GC (Allocation Failure) 2021-07-03T17:24:42.485+0800: [ParNew: 157246K->17469K(157248K), 0.0168976 secs] 451498K->353858K(506816K), 0.0171300 secs] [Times: user=0.05 sys=0.00, real=0.02 secs]
2021-07-03T17:24:42.502+0800: [GC (CMS Initial Mark) [1 CMS-initial-mark: 336388K(349568K)] 354140K(506816K), 0.0003698 secs] [Times: user=0.00 sys=0.00, real=0.00 secs]
2021-07-03T17:24:42.502+0800: [CMS-concurrent-mark-start]
2021-07-03T17:24:42.505+0800: [CMS-concurrent-mark: 0.003/0.003 secs] [Times: user=0.03 sys=0.00, real=0.00 secs]
2021-07-03T17:24:42.506+0800: [CMS-concurrent-preclean-start]
2021-07-03T17:24:42.507+0800: [CMS-concurrent-preclean: 0.001/0.001 secs] [Times: user=0.00 sys=0.00, real=0.00 secs]
2021-07-03T17:24:42.507+0800: [CMS-concurrent-abortable-preclean-start]
2021-07-03T17:24:42.507+0800: [CMS-concurrent-abortable-preclean: 0.000/0.000 secs] [Times: user=0.00 sys=0.00, real=0.00 secs]
2021-07-03T17:24:42.508+0800: [GC (CMS Final Remark) [YG occupancy: 47500 K (157248 K)]2021-07-03T17:24:42.509+0800: [Rescan (parallel) , 0.0006835 secs]2021-07-03T17:24:42.510+0800: [weak refs processing, 0.0000951 secs]2021-07-03T
17:24:42.510+0800: [class unloading, 0.0008533 secs]2021-07-03T17:24:42.511+0800: [scrub symbol table, 0.0004551 secs]2021-07-03T17:24:42.512+0800: [scrub string table, 0.0001711 secs][1 CMS-remark: 336388K(349568K)] 383888K(506816K
), 0.0042505 secs] [Times: user=0.00 sys=0.00, real=0.00 secs]
2021-07-03T17:24:42.512+0800: [CMS-concurrent-sweep-start]
2021-07-03T17:24:42.513+0800: [CMS-concurrent-sweep: 0.001/0.001 secs] [Times: user=0.00 sys=0.00, real=0.00 secs]
2021-07-03T17:24:42.514+0800: [CMS-concurrent-reset-start]
2021-07-03T17:24:42.514+0800: [CMS-concurrent-reset: 0.001/0.001 secs] [Times: user=0.00 sys=0.00, real=0.00 secs]
2021-07-03T17:24:42.532+0800: [GC (Allocation Failure) 2021-07-03T17:24:42.532+0800: [ParNew: 157245K->157245K(157248K), 0.0001102 secs]2021-07-03T17:24:42.532+0800: [CMS: 297850K->322627K(349568K), 0.0597257 secs] 455096K->322627K(
506816K), [Metaspace: 2646K->2646K(1056768K)], 0.0604283 secs] [Times: user=0.06 sys=0.00, real=0.06 secs]
2021-07-03T17:24:42.593+0800: [GC (CMS Initial Mark) [1 CMS-initial-mark: 322627K(349568K)] 326242K(506816K), 0.0002404 secs] [Times: user=0.00 sys=0.00, real=0.00 secs]
2021-07-03T17:24:42.593+0800: [CMS-concurrent-mark-start]
2021-07-03T17:24:42.596+0800: [CMS-concurrent-mark: 0.003/0.003 secs] [Times: user=0.00 sys=0.00, real=0.00 secs]
2021-07-03T17:24:42.596+0800: [CMS-concurrent-preclean-start]
2021-07-03T17:24:42.597+0800: [CMS-concurrent-preclean: 0.000/0.000 secs] [Times: user=0.00 sys=0.00, real=0.00 secs]
2021-07-03T17:24:42.598+0800: [CMS-concurrent-abortable-preclean-start]
2021-07-03T17:24:42.598+0800: [CMS-concurrent-abortable-preclean: 0.000/0.000 secs] [Times: user=0.00 sys=0.00, real=0.00 secs]
2021-07-03T17:24:42.598+0800: [GC (CMS Final Remark) [YG occupancy: 34791 K (157248 K)]2021-07-03T17:24:42.598+0800: [Rescan (parallel) , 0.0003302 secs]2021-07-03T17:24:42.599+0800: [weak refs processing, 0.0000729 secs]2021-07-03T
17:24:42.599+0800: [class unloading, 0.0004893 secs]2021-07-03T17:24:42.599+0800: [scrub symbol table, 0.0004098 secs]2021-07-03T17:24:42.600+0800: [scrub string table, 0.0001547 secs][1 CMS-remark: 322627K(349568K)] 357418K(506816K
), 0.0018244 secs] [Times: user=0.00 sys=0.00, real=0.00 secs]
2021-07-03T17:24:42.600+0800: [CMS-concurrent-sweep-start]
2021-07-03T17:24:42.601+0800: [CMS-concurrent-sweep: 0.001/0.001 secs] [Times: user=0.00 sys=0.00, real=0.00 secs]
2021-07-03T17:24:42.601+0800: [CMS-concurrent-reset-start]
2021-07-03T17:24:42.602+0800: [CMS-concurrent-reset: 0.001/0.001 secs] [Times: user=0.00 sys=0.00, real=0.00 secs]
2021-07-03T17:24:42.616+0800: [GC (Allocation Failure) 2021-07-03T17:24:42.617+0800: [ParNew: 139776K->139776K(157248K), 0.0002467 secs]2021-07-03T17:24:42.617+0800: [CMS: 322130K->327600K(349568K), 0.0673538 secs] 461906K->327600K(
506816K), [Metaspace: 2646K->2646K(1056768K)], 0.0691098 secs] [Times: user=0.06 sys=0.00, real=0.07 secs]
2021-07-03T17:24:42.686+0800: [GC (CMS Initial Mark) [1 CMS-initial-mark: 327600K(349568K)] 327641K(506816K), 0.0004795 secs] [Times: user=0.00 sys=0.00, real=0.00 secs]
2021-07-03T17:24:42.687+0800: [CMS-concurrent-mark-start]
2021-07-03T17:24:42.690+0800: [CMS-concurrent-mark: 0.003/0.003 secs] [Times: user=0.00 sys=0.00, real=0.00 secs]
2021-07-03T17:24:42.691+0800: [CMS-concurrent-preclean-start]
2021-07-03T17:24:42.692+0800: [CMS-concurrent-preclean: 0.001/0.001 secs] [Times: user=0.02 sys=0.00, real=0.00 secs]
2021-07-03T17:24:42.693+0800: [CMS-concurrent-abortable-preclean-start]
2021-07-03T17:24:42.693+0800: [CMS-concurrent-abortable-preclean: 0.000/0.000 secs] [Times: user=0.00 sys=0.00, real=0.00 secs]
2021-07-03T17:24:42.694+0800: [GC (CMS Final Remark) [YG occupancy: 33750 K (157248 K)]2021-07-03T17:24:42.694+0800: [Rescan (parallel) , 0.0003022 secs]2021-07-03T17:24:42.694+0800: [weak refs processing, 0.0000778 secs]2021-07-03T
17:24:42.694+0800: [class unloading, 0.0004955 secs]2021-07-03T17:24:42.696+0800: [scrub symbol table, 0.0003987 secs]2021-07-03T17:24:42.696+0800: [scrub string table, 0.0001409 secs][1 CMS-remark: 327600K(349568K)] 361351K(506816K
), 0.0030514 secs] [Times: user=0.00 sys=0.00, real=0.00 secs]
2021-07-03T17:24:42.697+0800: [CMS-concurrent-sweep-start]
2021-07-03T17:24:42.698+0800: [CMS-concurrent-sweep: 0.001/0.001 secs] [Times: user=0.00 sys=0.00, real=0.00 secs]
2021-07-03T17:24:42.698+0800: [CMS-concurrent-reset-start]
2021-07-03T17:24:42.699+0800: [CMS-concurrent-reset: 0.000/0.000 secs] [Times: user=0.00 sys=0.00, real=0.00 secs]
2021-07-03T17:24:42.716+0800: [GC (Allocation Failure) 2021-07-03T17:24:42.717+0800: [ParNew: 139776K->139776K(157248K), 0.0011626 secs]2021-07-03T17:24:42.718+0800: [CMS: 326392K->334359K(349568K), 0.0672165 secs] 466168K->334359K(
506816K), [Metaspace: 2646K->2646K(1056768K)], 0.0704555 secs] [Times: user=0.08 sys=0.00, real=0.07 secs]
2021-07-03T17:24:42.787+0800: [GC (CMS Initial Mark) [1 CMS-initial-mark: 334359K(349568K)] 335051K(506816K), 0.0009840 secs] [Times: user=0.00 sys=0.00, real=0.00 secs]
2021-07-03T17:24:42.790+0800执行结束！共生成对象次数：9491: [CMS-concurrent-mark-start]

Heap
 par new generation   total 157248K, used 6273K [0x00000000e0000000, 0x00000000eaaa0000, 0x00000000eaaa0000)
  eden space 139776K,   4% used [0x00000000e0000000, 0x00000000e0620640, 0x00000000e8880000)
  from space 17472K,   0% used [0x00000000e8880000, 0x00000000e8880000, 0x00000000e9990000)
  to   space 17472K,   0% used2021-07-03T17:24:42.793+0800: [CMS-concurrent-mark: 0.002/0.002 secs] [Times: user=0.00 sys=0.00, real=0.00 secs]
2021-07-03T17:24:42.793+0800: [CMS-concurrent-preclean-start]
 [0x00000000e9990000, 0x00000000e9990000, 0x00000000eaaa0000)
 concurrent mark-sweep generation total 349568K, used 334359K [0x00000000eaaa0000, 0x0000000100000000, 0x0000000100000000)
 Metaspace       used 2652K, capacity 4486K, committed 4864K, reserved 1056768K
  class space    used 291K, capacity 386K, committed 512K, reserved 1048576K
2021-07-03T17:24:42.794+0800:




使用jvm参数PrintGCDetails，设置初始堆内存xms为1G，最大堆内存1G，设置打印当前时间参数PrintGCDateStamps,设置GC策略为G1，执行执行GCLogAnalysis时打印gc日志,如下： 
F:\IdeaWorkSpace\JavaCamp\src>java -XX:+PrintGCDetails -Xmx1g -Xms1g -XX:+PrintGCDateStamps -XX:+UseG1GC Week2.GCLogAnalysis
正在执行。。。
2021-07-03T17:31:25.081+0800: [GC pause (G1 Evacuation Pause) (young), 0.0083175 secs]
   [Parallel Time: 7.7 ms, GC Workers: 4]
      [GC Worker Start (ms): Min: 228.9, Avg: 229.1, Max: 229.3, Diff: 0.3]
      [Ext Root Scanning (ms): Min: 0.0, Avg: 0.2, Max: 0.4, Diff: 0.3, Sum: 0.7]
      [Update RS (ms): Min: 0.0, Avg: 0.0, Max: 0.0, Diff: 0.0, Sum: 0.0]
         [Processed Buffers: Min: 0, Avg: 0.0, Max: 0, Diff: 0, Sum: 0]
      [Scan RS (ms): Min: 0.0, Avg: 0.0, Max: 0.0, Diff: 0.0, Sum: 0.0]
      [Code Root Scanning (ms): Min: 0.0, Avg: 0.0, Max: 0.0, Diff: 0.0, Sum: 0.0]
      [Object Copy (ms): Min: 7.1, Avg: 7.2, Max: 7.2, Diff: 0.1, Sum: 28.7]
      [Termination (ms): Min: 0.0, Avg: 0.1, Max: 0.1, Diff: 0.1, Sum: 0.2]
         [Termination Attempts: Min: 1, Avg: 1.0, Max: 1, Diff: 0, Sum: 4]
      [GC Worker Other (ms): Min: 0.0, Avg: 0.0, Max: 0.0, Diff: 0.0, Sum: 0.1]
      [GC Worker Total (ms): Min: 7.3, Avg: 7.5, Max: 7.6, Diff: 0.4, Sum: 29.8]
      [GC Worker End (ms): Min: 236.5, Avg: 236.6, Max: 236.6, Diff: 0.1]
   [Code Root Fixup: 0.0 ms]
   [Code Root Purge: 0.0 ms]
   [Clear CT: 0.0 ms]
   [Other: 0.6 ms]
      [Choose CSet: 0.0 ms]
      [Ref Proc: 0.1 ms]
      [Ref Enq: 0.0 ms]
      [Redirty Cards: 0.0 ms]
      [Humongous Register: 0.0 ms]
      [Humongous Reclaim: 0.1 ms]
      [Free CSet: 0.0 ms]
   [Eden: 51.0M(51.0M)->0.0B(44.0M) Survivors: 0.0B->7168.0K Heap: 69.3M(1024.0M)->23.6M(1024.0M)]
 [Times: user=0.00 sys=0.00, real=0.02 secs]
2021-07-03T17:31:25.112+0800: [GC pause (G1 Evacuation Pause) (young), 0.0078988 secs]
   [Parallel Time: 7.1 ms, GC Workers: 4]
      [GC Worker Start (ms): Min: 259.6, Avg: 260.2, Max: 261.3, Diff: 1.7]
      [Ext Root Scanning (ms): Min: 0.0, Avg: 0.1, Max: 0.2, Diff: 0.2, Sum: 0.4]
      [Update RS (ms): Min: 0.0, Avg: 0.0, Max: 0.0, Diff: 0.0, Sum: 0.0]
         [Processed Buffers: Min: 0, Avg: 1.0, Max: 4, Diff: 4, Sum: 4]
      [Scan RS (ms): Min: 0.0, Avg: 0.0, Max: 0.0, Diff: 0.0, Sum: 0.0]
      [Code Root Scanning (ms): Min: 0.0, Avg: 0.0, Max: 0.0, Diff: 0.0, Sum: 0.0]
      [Object Copy (ms): Min: 5.1, Avg: 6.2, Max: 6.9, Diff: 1.8, Sum: 24.9]
      [Termination (ms): Min: 0.0, Avg: 0.2, Max: 0.3, Diff: 0.3, Sum: 0.7]
         [Termination Attempts: Min: 1, Avg: 1.0, Max: 1, Diff: 0, Sum: 4]
      [GC Worker Other (ms): Min: 0.0, Avg: 0.0, Max: 0.0, Diff: 0.0, Sum: 0.0]
      [GC Worker Total (ms): Min: 5.4, Avg: 6.5, Max: 7.1, Diff: 1.7, Sum: 26.1]
      [GC Worker End (ms): Min: 266.7, Avg: 266.7, Max: 266.7, Diff: 0.0]
   [Code Root Fixup: 0.0 ms]
   [Code Root Purge: 0.0 ms]
   [Clear CT: 0.0 ms]
   [Other: 0.7 ms]
      [Choose CSet: 0.0 ms]
      [Ref Proc: 0.1 ms]
      [Ref Enq: 0.0 ms]
      [Redirty Cards: 0.0 ms]
      [Humongous Register: 0.1 ms]
      [Humongous Reclaim: 0.0 ms]
      [Free CSet: 0.0 ms]
   [Eden: 44.0M(44.0M)->0.0B(44.0M) Survivors: 7168.0K->7168.0K Heap: 80.9M(1024.0M)->43.3M(1024.0M)]
 [Times: user=0.00 sys=0.00, real=0.02 secs]
2021-07-03T17:31:25.141+0800: [GC pause (G1 Evacuation Pause) (young), 0.0078566 secs]
   [Parallel Time: 7.4 ms, GC Workers: 4]
      [GC Worker Start (ms): Min: 288.7, Avg: 288.7, Max: 288.7, Diff: 0.0]
      [Ext Root Scanning (ms): Min: 0.2, Avg: 0.2, Max: 0.2, Diff: 0.0, Sum: 0.8]
      [Update RS (ms): Min: 0.1, Avg: 0.1, Max: 0.1, Diff: 0.0, Sum: 0.4]
         [Processed Buffers: Min: 1, Avg: 2.3, Max: 3, Diff: 2, Sum: 9]
      [Scan RS (ms): Min: 0.0, Avg: 0.0, Max: 0.0, Diff: 0.0, Sum: 0.0]
      [Code Root Scanning (ms): Min: 0.0, Avg: 0.0, Max: 0.0, Diff: 0.0, Sum: 0.0]
      [Object Copy (ms): Min: 6.1, Avg: 6.5, Max: 7.0, Diff: 0.9, Sum: 26.0]
      [Termination (ms): Min: 0.0, Avg: 0.5, Max: 0.9, Diff: 0.9, Sum: 1.8]
         [Termination Attempts: Min: 1, Avg: 1.0, Max: 1, Diff: 0, Sum: 4]
      [GC Worker Other (ms): Min: 0.0, Avg: 0.0, Max: 0.0, Diff: 0.0, Sum: 0.0]
      [GC Worker Total (ms): Min: 7.3, Avg: 7.3, Max: 7.3, Diff: 0.0, Sum: 29.1]
      [GC Worker End (ms): Min: 296.0, Avg: 296.0, Max: 296.0, Diff: 0.0]
   [Code Root Fixup: 0.0 ms]
   [Code Root Purge: 0.0 ms]
   [Clear CT: 0.0 ms]
   [Other: 0.5 ms]
      [Choose CSet: 0.0 ms]
      [Ref Proc: 0.1 ms]
      [Ref Enq: 0.0 ms]
      [Redirty Cards: 0.0 ms]
      [Humongous Register: 0.0 ms]
      [Humongous Reclaim: 0.0 ms]
      [Free CSet: 0.0 ms]
   [Eden: 44.0M(44.0M)->0.0B(44.0M) Survivors: 7168.0K->7168.0K Heap: 97.1M(1024.0M)->62.2M(1024.0M)]
 [Times: user=0.05 sys=0.02, real=0.02 secs]
2021-07-03T17:31:25.177+0800: [GC pause (G1 Evacuation Pause) (young), 0.0084570 secs]
   [Parallel Time: 7.9 ms, GC Workers: 4]
      [GC Worker Start (ms): Min: 324.8, Avg: 324.8, Max: 324.8, Diff: 0.0]
      [Ext Root Scanning (ms): Min: 0.2, Avg: 0.2, Max: 0.2, Diff: 0.0, Sum: 0.7]
      [Update RS (ms): Min: 0.1, Avg: 0.1, Max: 0.1, Diff: 0.1, Sum: 0.4]
         [Processed Buffers: Min: 1, Avg: 1.8, Max: 2, Diff: 1, Sum: 7]
      [Scan RS (ms): Min: 0.0, Avg: 0.0, Max: 0.0, Diff: 0.0, Sum: 0.0]
      [Code Root Scanning (ms): Min: 0.0, Avg: 0.0, Max: 0.0, Diff: 0.0, Sum: 0.0]
      [Object Copy (ms): Min: 6.3, Avg: 6.4, Max: 6.8, Diff: 0.5, Sum: 25.8]
      [Termination (ms): Min: 0.0, Avg: 0.5, Max: 1.2, Diff: 1.2, Sum: 2.2]
         [Termination Attempts: Min: 1, Avg: 1.0, Max: 1, Diff: 0, Sum: 4]
      [GC Worker Other (ms): Min: 0.0, Avg: 0.0, Max: 0.0, Diff: 0.0, Sum: 0.1]
      [GC Worker Total (ms): Min: 7.1, Avg: 7.3, Max: 7.9, Diff: 0.8, Sum: 29.1]
      [GC Worker End (ms): Min: 331.9, Avg: 332.1, Max: 332.7, Diff: 0.8]
   [Code Root Fixup: 0.0 ms]
   [Code Root Purge: 0.0 ms]
   [Clear CT: 0.1 ms]
   [Other: 0.4 ms]
      [Choose CSet: 0.0 ms]
      [Ref Proc: 0.0 ms]
      [Ref Enq: 0.0 ms]
      [Redirty Cards: 0.0 ms]
      [Humongous Register: 0.1 ms]
      [Humongous Reclaim: 0.0 ms]
      [Free CSet: 0.0 ms]
   [Eden: 44.0M(44.0M)->0.0B(53.0M) Survivors: 7168.0K->7168.0K Heap: 120.8M(1024.0M)->82.5M(1024.0M)]
 [Times: user=0.00 sys=0.00, real=0.02 secs]
2021-07-03T17:31:25.214+0800: [GC pause (G1 Evacuation Pause) (young), 0.0132262 secs]
   [Parallel Time: 8.8 ms, GC Workers: 4]
      [GC Worker Start (ms): Min: 365.2, Avg: 365.3, Max: 365.6, Diff: 0.5]
      [Ext Root Scanning (ms): Min: 0.0, Avg: 0.2, Max: 0.3, Diff: 0.3, Sum: 0.7]
      [Update RS (ms): Min: 0.0, Avg: 0.1, Max: 0.2, Diff: 0.2, Sum: 0.6]
         [Processed Buffers: Min: 0, Avg: 3.0, Max: 5, Diff: 5, Sum: 12]
      [Scan RS (ms): Min: 0.0, Avg: 0.0, Max: 0.0, Diff: 0.0, Sum: 0.0]
      [Code Root Scanning (ms): Min: 0.0, Avg: 0.0, Max: 0.0, Diff: 0.0, Sum: 0.0]
      [Object Copy (ms): Min: 7.9, Avg: 8.1, Max: 8.2, Diff: 0.3, Sum: 32.3]
      [Termination (ms): Min: 0.0, Avg: 0.2, Max: 0.3, Diff: 0.3, Sum: 0.6]
         [Termination Attempts: Min: 1, Avg: 1.0, Max: 1, Diff: 0, Sum: 4]
      [GC Worker Other (ms): Min: 0.0, Avg: 0.0, Max: 0.0, Diff: 0.0, Sum: 0.0]
      [GC Worker Total (ms): Min: 8.2, Avg: 8.6, Max: 8.7, Diff: 0.5, Sum: 34.3]
      [GC Worker End (ms): Min: 373.9, Avg: 373.9, Max: 373.9, Diff: 0.0]
   [Code Root Fixup: 0.0 ms]
   [Code Root Purge: 0.0 ms]
   [Clear CT: 0.0 ms]
   [Other: 4.4 ms]
      [Choose CSet: 0.0 ms]
      [Ref Proc: 0.1 ms]
      [Ref Enq: 0.0 ms]
      [Redirty Cards: 0.1 ms]
      [Humongous Register: 0.0 ms]
      [Humongous Reclaim: 0.0 ms]
      [Free CSet: 0.0 ms]
   [Eden: 53.0M(53.0M)->0.0B(133.0M) Survivors: 7168.0K->8192.0K Heap: 154.5M(1024.0M)->106.6M(1024.0M)]
 [Times: user=0.01 sys=0.03, real=0.02 secs]
2021-07-03T17:31:25.295+0800: [GC pause (G1 Evacuation Pause) (young), 0.0119493 secs]
   [Parallel Time: 11.4 ms, GC Workers: 4]
      [GC Worker Start (ms): Min: 442.5, Avg: 442.5, Max: 442.5, Diff: 0.0]
      [Ext Root Scanning (ms): Min: 0.2, Avg: 0.2, Max: 0.2, Diff: 0.0, Sum: 0.8]
      [Update RS (ms): Min: 0.2, Avg: 0.2, Max: 0.2, Diff: 0.0, Sum: 0.8]
         [Processed Buffers: Min: 2, Avg: 3.5, Max: 5, Diff: 3, Sum: 14]
      [Scan RS (ms): Min: 0.0, Avg: 0.0, Max: 0.0, Diff: 0.0, Sum: 0.1]
      [Code Root Scanning (ms): Min: 0.0, Avg: 0.0, Max: 0.0, Diff: 0.0, Sum: 0.0]
      [Object Copy (ms): Min: 10.8, Avg: 10.9, Max: 10.9, Diff: 0.1, Sum: 43.7]
      [Termination (ms): Min: 0.0, Avg: 0.0, Max: 0.1, Diff: 0.1, Sum: 0.2]
         [Termination Attempts: Min: 1, Avg: 1.0, Max: 1, Diff: 0, Sum: 4]
      [GC Worker Other (ms): Min: 0.0, Avg: 0.0, Max: 0.0, Diff: 0.0, Sum: 0.0]
      [GC Worker Total (ms): Min: 11.4, Avg: 11.4, Max: 11.4, Diff: 0.0, Sum: 45.4]
      [GC Worker End (ms): Min: 453.8, Avg: 453.8, Max: 453.8, Diff: 0.0]
   [Code Root Fixup: 0.0 ms]
   [Code Root Purge: 0.0 ms]
   [Clear CT: 0.0 ms]
   [Other: 0.5 ms]
      [Choose CSet: 0.0 ms]
      [Ref Proc: 0.0 ms]
      [Ref Enq: 0.0 ms]
      [Redirty Cards: 0.0 ms]
      [Humongous Register: 0.0 ms]
      [Humongous Reclaim: 0.1 ms]
      [Free CSet: 0.1 ms]
   [Eden: 133.0M(133.0M)->0.0B(70.0M) Survivors: 8192.0K->18.0M Heap: 276.7M(1024.0M)->159.1M(1024.0M)]
 [Times: user=0.00 sys=0.06, real=0.02 secs]
2021-07-03T17:31:25.333+0800: [GC pause (G1 Evacuation Pause) (young), 0.0183260 secs]
   [Parallel Time: 7.8 ms, GC Workers: 4]
      [GC Worker Start (ms): Min: 480.8, Avg: 480.8, Max: 480.8, Diff: 0.0]
      [Ext Root Scanning (ms): Min: 0.2, Avg: 0.3, Max: 0.8, Diff: 0.6, Sum: 1.3]
      [Update RS (ms): Min: 0.0, Avg: 0.1, Max: 0.2, Diff: 0.2, Sum: 0.6]
         [Processed Buffers: Min: 0, Avg: 2.5, Max: 4, Diff: 4, Sum: 10]
      [Scan RS (ms): Min: 0.0, Avg: 0.0, Max: 0.0, Diff: 0.0, Sum: 0.0]
      [Code Root Scanning (ms): Min: 0.0, Avg: 0.0, Max: 0.0, Diff: 0.0, Sum: 0.0]
      [Object Copy (ms): Min: 6.9, Avg: 7.1, Max: 7.2, Diff: 0.3, Sum: 28.5]
      [Termination (ms): Min: 0.0, Avg: 0.1, Max: 0.2, Diff: 0.2, Sum: 0.4]
         [Termination Attempts: Min: 1, Avg: 1.0, Max: 1, Diff: 0, Sum: 4]
      [GC Worker Other (ms): Min: 0.0, Avg: 0.0, Max: 0.0, Diff: 0.0, Sum: 0.0]
      [GC Worker Total (ms): Min: 7.7, Avg: 7.7, Max: 7.7, Diff: 0.0, Sum: 30.9]
      [GC Worker End (ms): Min: 488.5, Avg: 488.5, Max: 488.5, Diff: 0.0]
   [Code Root Fixup: 0.0 ms]
   [Code Root Purge: 0.0 ms]
   [Clear CT: 0.0 ms]
   [Other: 10.5 ms]
      [Choose CSet: 0.0 ms]
      [Ref Proc: 10.1 ms]
      [Ref Enq: 0.0 ms]
      [Redirty Cards: 0.0 ms]
      [Humongous Register: 0.1 ms]
      [Humongous Reclaim: 0.0 ms]
      [Free CSet: 0.0 ms]
   [Eden: 70.0M(70.0M)->0.0B(121.0M) Survivors: 18.0M->11.0M Heap: 254.8M(1024.0M)->187.9M(1024.0M)]
 [Times: user=0.03 sys=0.00, real=0.03 secs]
2021-07-03T17:31:25.394+0800: [GC pause (G1 Evacuation Pause) (young), 0.0108551 secs]
   [Parallel Time: 10.3 ms, GC Workers: 4]
      [GC Worker Start (ms): Min: 541.8, Avg: 541.8, Max: 541.8, Diff: 0.0]
      [Ext Root Scanning (ms): Min: 0.2, Avg: 0.2, Max: 0.2, Diff: 0.0, Sum: 0.7]
      [Update RS (ms): Min: 0.2, Avg: 0.2, Max: 0.2, Diff: 0.0, Sum: 0.7]
         [Processed Buffers: Min: 1, Avg: 2.8, Max: 4, Diff: 3, Sum: 11]
      [Scan RS (ms): Min: 0.0, Avg: 0.0, Max: 0.0, Diff: 0.0, Sum: 0.1]
      [Code Root Scanning (ms): Min: 0.0, Avg: 0.0, Max: 0.0, Diff: 0.0, Sum: 0.0]
      [Object Copy (ms): Min: 9.6, Avg: 9.7, Max: 9.8, Diff: 0.2, Sum: 38.9]
      [Termination (ms): Min: 0.0, Avg: 0.1, Max: 0.3, Diff: 0.3, Sum: 0.5]
         [Termination Attempts: Min: 1, Avg: 1.0, Max: 1, Diff: 0, Sum: 4]
      [GC Worker Other (ms): Min: 0.0, Avg: 0.0, Max: 0.0, Diff: 0.0, Sum: 0.0]
      [GC Worker Total (ms): Min: 10.2, Avg: 10.2, Max: 10.3, Diff: 0.1, Sum: 40.8]
      [GC Worker End (ms): Min: 552.0, Avg: 552.0, Max: 552.1, Diff: 0.1]
   [Code Root Fixup: 0.0 ms]
   [Code Root Purge: 0.0 ms]
   [Clear CT: 0.0 ms]
   [Other: 0.5 ms]
      [Choose CSet: 0.0 ms]
      [Ref Proc: 0.0 ms]
      [Ref Enq: 0.0 ms]
      [Redirty Cards: 0.0 ms]
      [Humongous Register: 0.1 ms]
      [Humongous Reclaim: 0.1 ms]
      [Free CSet: 0.1 ms]
   [Eden: 121.0M(121.0M)->0.0B(136.0M) Survivors: 11.0M->17.0M Heap: 346.2M(1024.0M)->228.9M(1024.0M)]
 [Times: user=0.00 sys=0.01, real=0.02 secs]
2021-07-03T17:31:25.446+0800: [GC pause (G1 Evacuation Pause) (young), 0.0140919 secs]
   [Parallel Time: 13.4 ms, GC Workers: 4]
      [GC Worker Start (ms): Min: 593.7, Avg: 593.7, Max: 593.7, Diff: 0.0]
      [Ext Root Scanning (ms): Min: 0.2, Avg: 0.3, Max: 0.3, Diff: 0.0, Sum: 1.0]
      [Update RS (ms): Min: 0.2, Avg: 0.2, Max: 0.2, Diff: 0.0, Sum: 0.9]
         [Processed Buffers: Min: 2, Avg: 3.8, Max: 5, Diff: 3, Sum: 15]
      [Scan RS (ms): Min: 0.0, Avg: 0.0, Max: 0.0, Diff: 0.0, Sum: 0.1]
      [Code Root Scanning (ms): Min: 0.0, Avg: 0.0, Max: 0.0, Diff: 0.0, Sum: 0.0]
      [Object Copy (ms): Min: 12.7, Avg: 12.7, Max: 12.8, Diff: 0.1, Sum: 51.0]
      [Termination (ms): Min: 0.0, Avg: 0.1, Max: 0.1, Diff: 0.1, Sum: 0.2]
         [Termination Attempts: Min: 1, Avg: 1.3, Max: 2, Diff: 1, Sum: 5]
      [GC Worker Other (ms): Min: 0.0, Avg: 0.0, Max: 0.0, Diff: 0.0, Sum: 0.0]
      [GC Worker Total (ms): Min: 13.3, Avg: 13.3, Max: 13.3, Diff: 0.0, Sum: 53.3]
      [GC Worker End (ms): Min: 607.0, Avg: 607.0, Max: 607.0, Diff: 0.0]
   [Code Root Fixup: 0.0 ms]
   [Code Root Purge: 0.0 ms]
   [Clear CT: 0.0 ms]
   [Other: 0.7 ms]
      [Choose CSet: 0.0 ms]
      [Ref Proc: 0.0 ms]
      [Ref Enq: 0.0 ms]
      [Redirty Cards: 0.0 ms]
      [Humongous Register: 0.2 ms]
      [Humongous Reclaim: 0.1 ms]
      [Free CSet: 0.1 ms]
   [Eden: 136.0M(136.0M)->0.0B(550.0M) Survivors: 17.0M->20.0M Heap: 401.7M(1024.0M)->283.1M(1024.0M)]
 [Times: user=0.02 sys=0.05, real=0.02 secs]
2021-07-03T17:31:25.701+0800: [GC pause (G1 Humongous Allocation) (young) (initial-mark) (to-space exhausted), 0.0293264 secs]
   [Parallel Time: 26.7 ms, GC Workers: 4]
      [GC Worker Start (ms): Min: 848.9, Avg: 848.9, Max: 849.0, Diff: 0.1]
      [Ext Root Scanning (ms): Min: 0.2, Avg: 0.2, Max: 0.2, Diff: 0.1, Sum: 0.8]
      [Update RS (ms): Min: 0.2, Avg: 0.2, Max: 0.2, Diff: 0.0, Sum: 0.8]
         [Processed Buffers: Min: 0, Avg: 3.3, Max: 5, Diff: 5, Sum: 13]
      [Scan RS (ms): Min: 0.0, Avg: 0.0, Max: 0.1, Diff: 0.0, Sum: 0.2]
      [Code Root Scanning (ms): Min: 0.0, Avg: 0.0, Max: 0.0, Diff: 0.0, Sum: 0.0]
      [Object Copy (ms): Min: 26.1, Avg: 26.1, Max: 26.1, Diff: 0.0, Sum: 104.5]
      [Termination (ms): Min: 0.0, Avg: 0.0, Max: 0.0, Diff: 0.0, Sum: 0.0]
         [Termination Attempts: Min: 1, Avg: 1.0, Max: 1, Diff: 0, Sum: 4]
      [GC Worker Other (ms): Min: 0.0, Avg: 0.0, Max: 0.0, Diff: 0.0, Sum: 0.1]
      [GC Worker Total (ms): Min: 26.6, Avg: 26.6, Max: 26.6, Diff: 0.1, Sum: 106.5]
      [GC Worker End (ms): Min: 875.5, Avg: 875.5, Max: 875.5, Diff: 0.0]
   [Code Root Fixup: 0.0 ms]
   [Code Root Purge: 0.0 ms]
   [Clear CT: 0.1 ms]
   [Other: 2.6 ms]
      [Evacuation Failure: 1.0 ms]
      [Choose CSet: 0.0 ms]
      [Ref Proc: 0.3 ms]
      [Ref Enq: 0.0 ms]
      [Redirty Cards: 0.0 ms]
      [Humongous Register: 0.1 ms]
      [Humongous Reclaim: 0.7 ms]
      [Free CSet: 0.1 ms]
   [Eden: 479.0M(550.0M)->0.0B(173.0M) Survivors: 20.0M->64.0M Heap: 863.0M(1024.0M)->638.2M(1024.0M)]
 [Times: user=0.00 sys=0.13, real=0.04 secs]
2021-07-03T17:31:25.739+0800: [GC concurrent-root-region-scan-start]
2021-07-03T17:31:25.740+0800: [GC concurrent-root-region-scan-end, 0.0007329 secs]
2021-07-03T17:31:25.740+0800: [GC concurrent-mark-start]
2021-07-03T17:31:25.744+0800: [GC concurrent-mark-end, 0.0039034 secs]
2021-07-03T17:31:25.744+0800: [GC remark 2021-07-03T17:31:25.745+0800: [Finalize Marking, 0.0001311 secs] 2021-07-03T17:31:25.745+0800: [GC ref-proc, 0.0001316 secs] 2021-07-03T17:31:25.745+0800: [Unloading, 0.0006004 secs], 0.00203
01 secs]
 [Times: user=0.00 sys=0.00, real=0.00 secs]
2021-07-03T17:31:25.747+0800: [GC cleanup 662M->652M(1024M), 0.0008146 secs]
 [Times: user=0.00 sys=0.00, real=0.00 secs]
2021-07-03T17:31:25.748+0800: [GC concurrent-cleanup-start]
2021-07-03T17:31:25.749+0800: [GC concurrent-cleanup-end, 0.0011724 secs]
2021-07-03T17:31:25.794+0800: [GC pause (G1 Evacuation Pause) (young), 0.0194197 secs]
   [Parallel Time: 18.6 ms, GC Workers: 4]
      [GC Worker Start (ms): Min: 940.8, Avg: 940.8, Max: 940.9, Diff: 0.0]
      [Ext Root Scanning (ms): Min: 0.1, Avg: 0.2, Max: 0.2, Diff: 0.0, Sum: 0.7]
      [Update RS (ms): Min: 0.3, Avg: 0.3, Max: 0.3, Diff: 0.0, Sum: 1.2]
         [Processed Buffers: Min: 0, Avg: 4.5, Max: 6, Diff: 6, Sum: 18]
      [Scan RS (ms): Min: 0.0, Avg: 0.0, Max: 0.0, Diff: 0.0, Sum: 0.1]
      [Code Root Scanning (ms): Min: 0.0, Avg: 0.0, Max: 0.0, Diff: 0.0, Sum: 0.0]
      [Object Copy (ms): Min: 17.9, Avg: 18.0, Max: 18.0, Diff: 0.1, Sum: 72.0]
      [Termination (ms): Min: 0.0, Avg: 0.0, Max: 0.1, Diff: 0.1, Sum: 0.2]
         [Termination Attempts: Min: 1, Avg: 1.0, Max: 1, Diff: 0, Sum: 4]
      [GC Worker Other (ms): Min: 0.0, Avg: 0.0, Max: 0.0, Diff: 0.0, Sum: 0.0]
      [GC Worker Total (ms): Min: 18.5, Avg: 18.5, Max: 18.6, Diff: 0.0, Sum: 74.2]
      [GC Worker End (ms): Min: 959.4, Avg: 959.4, Max: 959.4, Diff: 0.0]
   [Code Root Fixup: 0.0 ms]
   [Code Root Purge: 0.0 ms]
   [Clear CT: 0.1 ms]
   [Other: 0.8 ms]
      [Choose CSet: 0.0 ms]
      [Ref Proc: 0.1 ms]
      [Ref Enq: 0.0 ms]
      [Redirty Cards: 0.2 ms]
      [Humongous Register: 0.1 ms]
      [Humongous Reclaim: 0.1 ms]
      [Free CSet: 0.1 ms]
   [Eden: 173.0M(173.0M)->0.0B(21.0M) Survivors: 64.0M->30.0M Heap: 836.7M(1024.0M)->666.4M(1024.0M)]
 [Times: user=0.08 sys=0.00, real=0.03 secs]
2021-07-03T17:31:25.828+0800: [GC pause (G1 Evacuation Pause) (mixed), 0.0082841 secs]
   [Parallel Time: 7.5 ms, GC Workers: 4]
      [GC Worker Start (ms): Min: 975.2, Avg: 975.2, Max: 975.2, Diff: 0.0]
      [Ext Root Scanning (ms): Min: 0.2, Avg: 0.3, Max: 0.7, Diff: 0.5, Sum: 1.3]
      [Update RS (ms): Min: 0.0, Avg: 0.2, Max: 0.3, Diff: 0.3, Sum: 1.0]
         [Processed Buffers: Min: 0, Avg: 3.8, Max: 7, Diff: 7, Sum: 15]
      [Scan RS (ms): Min: 0.0, Avg: 0.0, Max: 0.1, Diff: 0.0, Sum: 0.1]
      [Code Root Scanning (ms): Min: 0.0, Avg: 0.0, Max: 0.0, Diff: 0.0, Sum: 0.0]
      [Object Copy (ms): Min: 6.5, Avg: 6.6, Max: 6.7, Diff: 0.2, Sum: 26.2]
      [Termination (ms): Min: 0.0, Avg: 0.2, Max: 0.4, Diff: 0.4, Sum: 0.8]
         [Termination Attempts: Min: 1, Avg: 1.0, Max: 1, Diff: 0, Sum: 4]
      [GC Worker Other (ms): Min: 0.0, Avg: 0.0, Max: 0.0, Diff: 0.0, Sum: 0.0]
      [GC Worker Total (ms): Min: 7.3, Avg: 7.4, Max: 7.5, Diff: 0.2, Sum: 29.5]
      [GC Worker End (ms): Min: 982.5, Avg: 982.6, Max: 982.7, Diff: 0.2]
   [Code Root Fixup: 0.0 ms]
   [Code Root Purge: 0.0 ms]
   [Clear CT: 0.1 ms]
   [Other: 0.6 ms]
      [Choose CSet: 0.0 ms]
      [Ref Proc: 0.1 ms]
      [Ref Enq: 0.0 ms]
      [Redirty Cards: 0.0 ms]
      [Humongous Register: 0.1 ms]
      [Humongous Reclaim: 0.1 ms]
      [Free CSet: 0.2 ms]
   [Eden: 21.0M(21.0M)->0.0B(44.0M) Survivors: 30.0M->7168.0K Heap: 695.4M(1024.0M)->572.1M(1024.0M)]
 [Times: user=0.03 sys=0.02, real=0.01 secs]
2021-07-03T17:31:25.853+0800: [GC pause (G1 Evacuation Pause) (mixed), 0.0074268 secs]
   [Parallel Time: 6.0 ms, GC Workers: 4]
      [GC Worker Start (ms): Min: 1000.9, Avg: 1001.7, Max: 1002.6, Diff: 1.8]
      [Ext Root Scanning (ms): Min: 0.0, Avg: 0.1, Max: 0.2, Diff: 0.2, Sum: 0.4]
      [Update RS (ms): Min: 0.0, Avg: 0.3, Max: 0.6, Diff: 0.6, Sum: 1.2]
         [Processed Buffers: Min: 0, Avg: 5.3, Max: 13, Diff: 13, Sum: 21]
      [Scan RS (ms): Min: 0.0, Avg: 0.0, Max: 0.1, Diff: 0.1, Sum: 0.1]
      [Code Root Scanning (ms): Min: 0.0, Avg: 0.0, Max: 0.0, Diff: 0.0, Sum: 0.0]
      [Object Copy (ms): Min: 4.2, Avg: 4.6, Max: 5.1, Diff: 0.9, Sum: 18.6]
      [Termination (ms): Min: 0.0, Avg: 0.0, Max: 0.1, Diff: 0.1, Sum: 0.1]
         [Termination Attempts: Min: 1, Avg: 1.0, Max: 1, Diff: 0, Sum: 4]
      [GC Worker Other (ms): Min: 0.0, Avg: 0.0, Max: 0.0, Diff: 0.0, Sum: 0.0]
      [GC Worker Total (ms): Min: 4.2, Avg: 5.1, Max: 6.0, Diff: 1.8, Sum: 20.5]
      [GC Worker End (ms): Min: 1006.8, Avg: 1006.9, Max: 1006.9, Diff: 0.0]
   [Code Root Fixup: 0.0 ms]
   [Code Root Purge: 0.0 ms]
   [Clear CT: 0.1 ms]
   [Other: 1.3 ms]
      [Choose CSet: 0.0 ms]
      [Ref Proc: 0.1 ms]
      [Ref Enq: 0.0 ms]
      [Redirty Cards: 0.0 ms]
      [Humongous Register: 0.1 ms]
      [Humongous Reclaim: 0.0 ms]
      [Free CSet: 0.2 ms]
   [Eden: 44.0M(44.0M)->0.0B(44.0M) Survivors: 7168.0K->7168.0K Heap: 627.4M(1024.0M)->495.1M(1024.0M)]
 [Times: user=0.00 sys=0.00, real=0.02 secs]
2021-07-03T17:31:25.881+0800: [GC pause (G1 Evacuation Pause) (mixed), 0.0110205 secs]
   [Parallel Time: 7.7 ms, GC Workers: 4]
      [GC Worker Start (ms): Min: 1030.6, Avg: 1031.5, Max: 1031.8, Diff: 1.2]
      [Ext Root Scanning (ms): Min: 0.0, Avg: 0.1, Max: 0.2, Diff: 0.2, Sum: 0.2]
      [Update RS (ms): Min: 0.0, Avg: 0.2, Max: 0.8, Diff: 0.8, Sum: 0.8]
         [Processed Buffers: Min: 0, Avg: 4.3, Max: 17, Diff: 17, Sum: 17]
      [Scan RS (ms): Min: 0.0, Avg: 0.1, Max: 0.2, Diff: 0.1, Sum: 0.2]
      [Code Root Scanning (ms): Min: 0.0, Avg: 0.0, Max: 0.0, Diff: 0.0, Sum: 0.0]
      [Object Copy (ms): Min: 6.4, Avg: 6.4, Max: 6.5, Diff: 0.1, Sum: 25.7]
      [Termination (ms): Min: 0.0, Avg: 0.0, Max: 0.1, Diff: 0.1, Sum: 0.1]
         [Termination Attempts: Min: 1, Avg: 1.0, Max: 1, Diff: 0, Sum: 4]
      [GC Worker Other (ms): Min: 0.0, Avg: 0.0, Max: 0.0, Diff: 0.0, Sum: 0.0]
      [GC Worker Total (ms): Min: 6.5, Avg: 6.8, Max: 7.7, Diff: 1.2, Sum: 27.1]
      [GC Worker End (ms): Min: 1038.2, Avg: 1038.2, Max: 1038.3, Diff: 0.0]
   [Code Root Fixup: 0.0 ms]
   [Code Root Purge: 0.0 ms]
   [Clear CT: 0.1 ms]
   [Other: 3.2 ms]
      [Choose CSet: 0.1 ms]
      [Ref Proc: 0.0 ms]
      [Ref Enq: 0.0 ms]
      [Redirty Cards: 0.0 ms]
      [Humongous Register: 0.1 ms]
      [Humongous Reclaim: 0.0 ms]
      [Free CSet: 0.1 ms]
   [Eden: 44.0M(44.0M)->0.0B(44.0M) Survivors: 7168.0K->7168.0K Heap: 553.5M(1024.0M)->428.5M(1024.0M)]
 [Times: user=0.02 sys=0.00, real=0.02 secs]
2021-07-03T17:31:25.909+0800: [GC pause (G1 Evacuation Pause) (mixed), 0.0143461 secs]
   [Parallel Time: 8.4 ms, GC Workers: 4]
      [GC Worker Start (ms): Min: 1060.5, Avg: 1061.0, Max: 1062.5, Diff: 2.0]
      [Ext Root Scanning (ms): Min: 0.0, Avg: 0.1, Max: 0.2, Diff: 0.2, Sum: 0.5]
      [Update RS (ms): Min: 0.0, Avg: 0.5, Max: 0.6, Diff: 0.6, Sum: 1.8]
         [Processed Buffers: Min: 0, Avg: 6.8, Max: 12, Diff: 12, Sum: 27]
      [Scan RS (ms): Min: 0.0, Avg: 0.0, Max: 0.1, Diff: 0.0, Sum: 0.2]
      [Code Root Scanning (ms): Min: 0.0, Avg: 0.0, Max: 0.0, Diff: 0.0, Sum: 0.0]
      [Object Copy (ms): Min: 4.6, Avg: 5.5, Max: 5.9, Diff: 1.2, Sum: 22.1]
      [Termination (ms): Min: 0.0, Avg: 0.1, Max: 0.5, Diff: 0.5, Sum: 0.5]
         [Termination Attempts: Min: 1, Avg: 1.0, Max: 1, Diff: 0, Sum: 4]
      [GC Worker Other (ms): Min: 0.0, Avg: 0.0, Max: 0.0, Diff: 0.0, Sum: 0.1]
      [GC Worker Total (ms): Min: 4.7, Avg: 6.3, Max: 7.1, Diff: 2.4, Sum: 25.2]
      [GC Worker End (ms): Min: 1067.2, Avg: 1067.3, Max: 1067.6, Diff: 0.4]
   [Code Root Fixup: 0.0 ms]
   [Code Root Purge: 0.0 ms]
   [Clear CT: 0.0 ms]
   [Other: 5.9 ms]
      [Choose CSet: 0.0 ms]
      [Ref Proc: 1.3 ms]
      [Ref Enq: 0.0 ms]
      [Redirty Cards: 0.0 ms]
      [Humongous Register: 0.1 ms]
      [Humongous Reclaim: 0.1 ms]
      [Free CSet: 0.1 ms]
   [Eden: 44.0M(44.0M)->0.0B(365.0M) Survivors: 7168.0K->7168.0K Heap: 492.7M(1024.0M)->413.2M(1024.0M)]
 [Times: user=0.02 sys=0.00, real=0.02 secs]
2021-07-03T17:31:25.930+0800: [GC pause (G1 Humongous Allocation) (young) (initial-mark), 0.0026026 secs]
   [Parallel Time: 1.6 ms, GC Workers: 4]
      [GC Worker Start (ms): Min: 1078.2, Avg: 1078.2, Max: 1078.4, Diff: 0.2]
      [Ext Root Scanning (ms): Min: 0.0, Avg: 0.2, Max: 0.3, Diff: 0.3, Sum: 0.8]
      [Update RS (ms): Min: 0.1, Avg: 0.1, Max: 0.2, Diff: 0.1, Sum: 0.5]
         [Processed Buffers: Min: 1, Avg: 1.3, Max: 2, Diff: 1, Sum: 5]
      [Scan RS (ms): Min: 0.0, Avg: 0.0, Max: 0.0, Diff: 0.0, Sum: 0.0]
      [Code Root Scanning (ms): Min: 0.0, Avg: 0.0, Max: 0.0, Diff: 0.0, Sum: 0.0]
      [Object Copy (ms): Min: 1.2, Avg: 1.2, Max: 1.3, Diff: 0.1, Sum: 4.8]
      [Termination (ms): Min: 0.0, Avg: 0.0, Max: 0.1, Diff: 0.1, Sum: 0.1]
         [Termination Attempts: Min: 1, Avg: 1.0, Max: 1, Diff: 0, Sum: 4]
      [GC Worker Other (ms): Min: 0.0, Avg: 0.0, Max: 0.0, Diff: 0.0, Sum: 0.0]
      [GC Worker Total (ms): Min: 1.4, Avg: 1.5, Max: 1.6, Diff: 0.2, Sum: 6.2]
      [GC Worker End (ms): Min: 1079.8, Avg: 1079.8, Max: 1079.8, Diff: 0.0]
   [Code Root Fixup: 0.0 ms]
   [Code Root Purge: 0.0 ms]
   [Clear CT: 0.0 ms]
   [Other: 0.9 ms]
      [Choose CSet: 0.0 ms]
      [Ref Proc: 0.0 ms]
      [Ref Enq: 0.0 ms]
      [Redirty Cards: 0.0 ms]
      [Humongous Register: 0.1 ms]
      [Humongous Reclaim: 0.1 ms]
      [Free CSet: 0.0 ms]
   [Eden: 4096.0K(365.0M)->0.0B(313.0M) Survivors: 7168.0K->9216.0K Heap: 416.8M(1024.0M)->414.5M(1024.0M)]
 [Times: user=0.00 sys=0.00, real=0.01 secs]
2021-07-03T17:31:25.940+0800: [GC concurrent-root-region-scan-start]
2021-07-03T17:31:25.941+0800: [GC concurrent-root-region-scan-end, 0.0008897 secs]
2021-07-03T17:31:25.941+0800: [GC concurrent-mark-start]
2021-07-03T17:31:25.945+0800: [GC concurrent-mark-end, 0.0038981 secs]
2021-07-03T17:31:25.946+0800: [GC remark 2021-07-03T17:31:25.947+0800: [Finalize Marking, 0.0001871 secs] 2021-07-03T17:31:25.947+0800: [GC ref-proc, 0.0049678 secs] 2021-07-03T17:31:25.952+0800: [Unloading, 0.0006715 secs], 0.00966
67 secs]
 [Times: user=0.02 sys=0.00, real=0.01 secs]
2021-07-03T17:31:25.956+0800: [GC cleanup 446M->429M(1024M), 0.0009226 secs]
 [Times: user=0.00 sys=0.00, real=0.00 secs]
2021-07-03T17:31:25.958+0800: [GC concurrent-cleanup-start]
2021-07-03T17:31:25.958+0800: [GC concurrent-cleanup-end, 0.0007902 secs]
执行结束！共生成对象次数：7928
Heap
 garbage-first heap   total 1048576K, used 708130K [0x00000000c0000000, 0x00000000c0102000, 0x0000000100000000)
  region size 1024K, 246 young (251904K), 9 survivors (9216K)
 Metaspace       used 2652K, capacity 4486K, committed 4864K, reserved 1056768K
  class space    used 291K, capacity 386K, committed 512K, reserved 1048576K




使用jvm参数PrintGCDetails，设置初始堆内存xms为512MB，最大堆内存512MB，设置打印当前时间参数PrintGCDateStamps,设置GC策略为G1，执行执行GCLogAnalysis时打印gc日志,如下： 
F:\IdeaWorkSpace\JavaCamp\src>java -XX:+PrintGCDetails -Xmx512m -Xms512m -XX:+PrintGCDateStamps -XX:+UseG1GC Week2.GCLogAnalysis
正在执行。。。
2021-07-03T17:28:55.767+0800: [GC pause (G1 Evacuation Pause) (young), 0.0076073 secs]
   [Parallel Time: 3.1 ms, GC Workers: 4]
      [GC Worker Start (ms): Min: 133.3, Avg: 134.2, Max: 136.2, Diff: 2.8]
      [Ext Root Scanning (ms): Min: 0.0, Avg: 0.2, Max: 0.3, Diff: 0.3, Sum: 0.6]
      [Update RS (ms): Min: 0.0, Avg: 0.0, Max: 0.0, Diff: 0.0, Sum: 0.0]
         [Processed Buffers: Min: 0, Avg: 0.0, Max: 0, Diff: 0, Sum: 0]
      [Scan RS (ms): Min: 0.0, Avg: 0.0, Max: 0.0, Diff: 0.0, Sum: 0.0]
      [Code Root Scanning (ms): Min: 0.0, Avg: 0.0, Max: 0.0, Diff: 0.0, Sum: 0.0]
      [Object Copy (ms): Min: 0.0, Avg: 1.8, Max: 2.5, Diff: 2.5, Sum: 7.3]
      [Termination (ms): Min: 0.0, Avg: 0.1, Max: 0.2, Diff: 0.2, Sum: 0.4]
         [Termination Attempts: Min: 1, Avg: 1.0, Max: 1, Diff: 0, Sum: 4]
      [GC Worker Other (ms): Min: 0.0, Avg: 0.0, Max: 0.0, Diff: 0.0, Sum: 0.1]
      [GC Worker Total (ms): Min: 0.1, Avg: 2.1, Max: 2.9, Diff: 2.8, Sum: 8.5]
      [GC Worker End (ms): Min: 136.3, Avg: 136.3, Max: 136.3, Diff: 0.1]
   [Code Root Fixup: 0.0 ms]
   [Code Root Purge: 0.0 ms]
   [Clear CT: 0.0 ms]
   [Other: 4.5 ms]
      [Choose CSet: 0.0 ms]
      [Ref Proc: 3.3 ms]
      [Ref Enq: 0.0 ms]
      [Redirty Cards: 0.4 ms]
      [Humongous Register: 0.0 ms]
      [Humongous Reclaim: 0.0 ms]
      [Free CSet: 0.0 ms]
   [Eden: 25.0M(25.0M)->0.0B(21.0M) Survivors: 0.0B->4096.0K Heap: 33.8M(512.0M)->15.5M(512.0M)]
 [Times: user=0.05 sys=0.00, real=0.01 secs]
2021-07-03T17:28:55.789+0800: [GC pause (G1 Evacuation Pause) (young), 0.0038572 secs]
   [Parallel Time: 2.2 ms, GC Workers: 4]
      [GC Worker Start (ms): Min: 155.0, Avg: 155.1, Max: 155.1, Diff: 0.1]
      [Ext Root Scanning (ms): Min: 0.2, Avg: 0.2, Max: 0.2, Diff: 0.1, Sum: 0.7]
      [Update RS (ms): Min: 0.0, Avg: 0.0, Max: 0.0, Diff: 0.0, Sum: 0.0]
         [Processed Buffers: Min: 0, Avg: 0.3, Max: 1, Diff: 1, Sum: 1]
      [Scan RS (ms): Min: 0.0, Avg: 0.0, Max: 0.0, Diff: 0.0, Sum: 0.0]
      [Code Root Scanning (ms): Min: 0.0, Avg: 0.0, Max: 0.0, Diff: 0.0, Sum: 0.0]
      [Object Copy (ms): Min: 1.8, Avg: 1.8, Max: 1.8, Diff: 0.0, Sum: 7.2]
      [Termination (ms): Min: 0.0, Avg: 0.1, Max: 0.1, Diff: 0.1, Sum: 0.2]
         [Termination Attempts: Min: 1, Avg: 1.0, Max: 1, Diff: 0, Sum: 4]
      [GC Worker Other (ms): Min: 0.0, Avg: 0.0, Max: 0.0, Diff: 0.0, Sum: 0.0]
      [GC Worker Total (ms): Min: 2.0, Avg: 2.1, Max: 2.1, Diff: 0.1, Sum: 8.3]
      [GC Worker End (ms): Min: 157.1, Avg: 157.1, Max: 157.2, Diff: 0.1]
   [Code Root Fixup: 0.0 ms]
   [Code Root Purge: 0.0 ms]
   [Clear CT: 0.4 ms]
   [Other: 1.2 ms]
      [Choose CSet: 0.0 ms]
      [Ref Proc: 0.2 ms]
      [Ref Enq: 0.0 ms]
      [Redirty Cards: 0.4 ms]
      [Humongous Register: 0.0 ms]
      [Humongous Reclaim: 0.0 ms]
      [Free CSet: 0.0 ms]
   [Eden: 21.0M(21.0M)->0.0B(25.0M) Survivors: 4096.0K->4096.0K Heap: 42.3M(512.0M)->23.9M(512.0M)]
 [Times: user=0.00 sys=0.00, real=0.01 secs]
2021-07-03T17:28:55.812+0800: [GC pause (G1 Evacuation Pause) (young), 0.0052456 secs]
   [Parallel Time: 4.1 ms, GC Workers: 4]
      [GC Worker Start (ms): Min: 178.1, Avg: 178.3, Max: 178.4, Diff: 0.3]
      [Ext Root Scanning (ms): Min: 0.0, Avg: 0.1, Max: 0.3, Diff: 0.3, Sum: 0.6]
      [Update RS (ms): Min: 0.0, Avg: 1.0, Max: 3.5, Diff: 3.5, Sum: 4.0]
         [Processed Buffers: Min: 1, Avg: 1.8, Max: 3, Diff: 2, Sum: 7]
      [Scan RS (ms): Min: 0.0, Avg: 0.0, Max: 0.0, Diff: 0.0, Sum: 0.0]
      [Code Root Scanning (ms): Min: 0.0, Avg: 0.0, Max: 0.0, Diff: 0.0, Sum: 0.0]
      [Object Copy (ms): Min: 0.0, Avg: 2.5, Max: 3.4, Diff: 3.4, Sum: 10.0]
      [Termination (ms): Min: 0.0, Avg: 0.2, Max: 0.3, Diff: 0.3, Sum: 0.7]
         [Termination Attempts: Min: 1, Avg: 1.5, Max: 2, Diff: 1, Sum: 6]
      [GC Worker Other (ms): Min: 0.0, Avg: 0.0, Max: 0.0, Diff: 0.0, Sum: 0.0]
      [GC Worker Total (ms): Min: 3.7, Avg: 3.8, Max: 3.9, Diff: 0.2, Sum: 15.3]
      [GC Worker End (ms): Min: 182.0, Avg: 182.1, Max: 182.2, Diff: 0.2]
   [Code Root Fixup: 0.0 ms]
   [Code Root Purge: 0.0 ms]
   [Clear CT: 0.2 ms]
   [Other: 1.0 ms]
      [Choose CSet: 0.0 ms]
      [Ref Proc: 0.1 ms]
      [Ref Enq: 0.0 ms]
      [Redirty Cards: 0.1 ms]
      [Humongous Register: 0.0 ms]
      [Humongous Reclaim: 0.0 ms]
      [Free CSet: 0.0 ms]
   [Eden: 25.0M(25.0M)->0.0B(35.0M) Survivors: 4096.0K->4096.0K Heap: 54.6M(512.0M)->34.8M(512.0M)]
 [Times: user=0.00 sys=0.00, real=0.01 secs]
2021-07-03T17:28:55.837+0800: [GC pause (G1 Evacuation Pause) (young), 0.0057029 secs]
   [Parallel Time: 4.6 ms, GC Workers: 4]
      [GC Worker Start (ms): Min: 203.1, Avg: 203.3, Max: 203.8, Diff: 0.7]
      [Ext Root Scanning (ms): Min: 0.0, Avg: 0.2, Max: 0.2, Diff: 0.2, Sum: 0.6]
      [Update RS (ms): Min: 0.1, Avg: 0.4, Max: 0.5, Diff: 0.5, Sum: 1.6]
         [Processed Buffers: Min: 2, Avg: 8.0, Max: 10, Diff: 8, Sum: 32]
      [Scan RS (ms): Min: 0.0, Avg: 0.0, Max: 0.0, Diff: 0.0, Sum: 0.0]
      [Code Root Scanning (ms): Min: 0.0, Avg: 0.0, Max: 0.0, Diff: 0.0, Sum: 0.0]
      [Object Copy (ms): Min: 3.7, Avg: 3.7, Max: 3.8, Diff: 0.1, Sum: 14.9]
      [Termination (ms): Min: 0.0, Avg: 0.1, Max: 0.1, Diff: 0.1, Sum: 0.2]
         [Termination Attempts: Min: 1, Avg: 1.0, Max: 1, Diff: 0, Sum: 4]
      [GC Worker Other (ms): Min: 0.0, Avg: 0.0, Max: 0.0, Diff: 0.0, Sum: 0.0]
      [GC Worker Total (ms): Min: 3.9, Avg: 4.4, Max: 4.5, Diff: 0.7, Sum: 17.4]
      [GC Worker End (ms): Min: 207.7, Avg: 207.7, Max: 207.7, Diff: 0.0]
   [Code Root Fixup: 0.0 ms]
   [Code Root Purge: 0.0 ms]
   [Clear CT: 0.2 ms]
   [Other: 0.9 ms]
      [Choose CSet: 0.0 ms]
      [Ref Proc: 0.1 ms]
      [Ref Enq: 0.0 ms]
      [Redirty Cards: 0.2 ms]
      [Humongous Register: 0.0 ms]
      [Humongous Reclaim: 0.0 ms]
      [Free CSet: 0.0 ms]
   [Eden: 35.0M(35.0M)->0.0B(47.0M) Survivors: 4096.0K->5120.0K Heap: 80.6M(512.0M)->52.1M(512.0M)]
 [Times: user=0.00 sys=0.00, real=0.01 secs]
2021-07-03T17:28:55.867+0800: [GC pause (G1 Evacuation Pause) (young), 0.0060487 secs]
   [Parallel Time: 5.6 ms, GC Workers: 4]
      [GC Worker Start (ms): Min: 232.7, Avg: 233.8, Max: 237.0, Diff: 4.3]
      [Ext Root Scanning (ms): Min: 0.0, Avg: 0.2, Max: 0.2, Diff: 0.2, Sum: 0.6]
      [Update RS (ms): Min: 0.0, Avg: 0.1, Max: 0.2, Diff: 0.2, Sum: 0.4]
         [Processed Buffers: Min: 0, Avg: 2.3, Max: 4, Diff: 4, Sum: 9]
      [Scan RS (ms): Min: 0.0, Avg: 0.0, Max: 0.0, Diff: 0.0, Sum: 0.0]
      [Code Root Scanning (ms): Min: 0.0, Avg: 0.0, Max: 0.0, Diff: 0.0, Sum: 0.0]
      [Object Copy (ms): Min: 1.0, Avg: 4.0, Max: 5.1, Diff: 4.1, Sum: 16.2]
      [Termination (ms): Min: 0.0, Avg: 0.1, Max: 0.2, Diff: 0.2, Sum: 0.6]
         [Termination Attempts: Min: 1, Avg: 1.0, Max: 1, Diff: 0, Sum: 4]
      [GC Worker Other (ms): Min: 0.0, Avg: 0.0, Max: 0.0, Diff: 0.0, Sum: 0.0]
      [GC Worker Total (ms): Min: 1.2, Avg: 4.5, Max: 5.6, Diff: 4.4, Sum: 17.9]
      [GC Worker End (ms): Min: 238.3, Avg: 238.3, Max: 238.3, Diff: 0.1]
   [Code Root Fixup: 0.0 ms]
   [Code Root Purge: 0.0 ms]
   [Clear CT: 0.0 ms]
   [Other: 0.4 ms]
      [Choose CSet: 0.0 ms]
      [Ref Proc: 0.0 ms]
      [Ref Enq: 0.0 ms]
      [Redirty Cards: 0.0 ms]
      [Humongous Register: 0.0 ms]
      [Humongous Reclaim: 0.0 ms]
      [Free CSet: 0.1 ms]
   [Eden: 47.0M(47.0M)->0.0B(300.0M) Survivors: 5120.0K->7168.0K Heap: 114.8M(512.0M)->78.8M(512.0M)]
 [Times: user=0.00 sys=0.00, real=0.01 secs]
2021-07-03T17:28:56.021+0800: [GC pause (G1 Evacuation Pause) (young) (to-space exhausted), 0.0052625 secs]
   [Parallel Time: 3.8 ms, GC Workers: 4]
      [GC Worker Start (ms): Min: 386.8, Avg: 386.8, Max: 386.8, Diff: 0.0]
      [Ext Root Scanning (ms): Min: 0.2, Avg: 0.2, Max: 0.2, Diff: 0.0, Sum: 0.8]
      [Update RS (ms): Min: 0.1, Avg: 0.1, Max: 0.2, Diff: 0.1, Sum: 0.6]
         [Processed Buffers: Min: 1, Avg: 2.3, Max: 3, Diff: 2, Sum: 9]
      [Scan RS (ms): Min: 0.0, Avg: 0.0, Max: 0.1, Diff: 0.0, Sum: 0.1]
      [Code Root Scanning (ms): Min: 0.0, Avg: 0.0, Max: 0.0, Diff: 0.0, Sum: 0.0]
      [Object Copy (ms): Min: 3.1, Avg: 3.2, Max: 3.3, Diff: 0.1, Sum: 12.7]
      [Termination (ms): Min: 0.0, Avg: 0.1, Max: 0.2, Diff: 0.2, Sum: 0.4]
         [Termination Attempts: Min: 1, Avg: 1.0, Max: 1, Diff: 0, Sum: 4]
      [GC Worker Other (ms): Min: 0.0, Avg: 0.0, Max: 0.0, Diff: 0.0, Sum: 0.1]
      [GC Worker Total (ms): Min: 3.7, Avg: 3.7, Max: 3.7, Diff: 0.0, Sum: 14.8]
      [GC Worker End (ms): Min: 390.5, Avg: 390.5, Max: 390.5, Diff: 0.0]
   [Code Root Fixup: 0.0 ms]
   [Code Root Purge: 0.0 ms]
   [Clear CT: 0.1 ms]
   [Other: 1.5 ms]
      [Evacuation Failure: 0.7 ms]
      [Choose CSet: 0.0 ms]
      [Ref Proc: 0.1 ms]
      [Ref Enq: 0.0 ms]
      [Redirty Cards: 0.0 ms]
      [Humongous Register: 0.0 ms]
      [Humongous Reclaim: 0.3 ms]
      [Free CSet: 0.0 ms]
   [Eden: 300.0M(300.0M)->0.0B(66.0M) Survivors: 7168.0K->8192.0K Heap: 450.0M(512.0M)->353.1M(512.0M)]
 [Times: user=0.06 sys=0.00, real=0.01 secs]
2021-07-03T17:28:56.034+0800: [GC pause (G1 Humongous Allocation) (young) (initial-mark), 0.0022732 secs]
   [Parallel Time: 1.8 ms, GC Workers: 4]
      [GC Worker Start (ms): Min: 399.4, Avg: 399.4, Max: 399.4, Diff: 0.0]
      [Ext Root Scanning (ms): Min: 0.2, Avg: 0.2, Max: 0.2, Diff: 0.0, Sum: 0.8]
      [Update RS (ms): Min: 0.1, Avg: 0.1, Max: 0.1, Diff: 0.0, Sum: 0.3]
         [Processed Buffers: Min: 2, Avg: 2.5, Max: 3, Diff: 1, Sum: 10]
      [Scan RS (ms): Min: 0.0, Avg: 0.0, Max: 0.0, Diff: 0.0, Sum: 0.0]
      [Code Root Scanning (ms): Min: 0.0, Avg: 0.0, Max: 0.0, Diff: 0.0, Sum: 0.0]
      [Object Copy (ms): Min: 1.3, Avg: 1.3, Max: 1.4, Diff: 0.2, Sum: 5.4]
      [Termination (ms): Min: 0.0, Avg: 0.1, Max: 0.2, Diff: 0.2, Sum: 0.4]
         [Termination Attempts: Min: 1, Avg: 1.0, Max: 1, Diff: 0, Sum: 4]
      [GC Worker Other (ms): Min: 0.0, Avg: 0.0, Max: 0.0, Diff: 0.0, Sum: 0.0]
      [GC Worker Total (ms): Min: 1.7, Avg: 1.7, Max: 1.7, Diff: 0.0, Sum: 6.9]
      [GC Worker End (ms): Min: 401.1, Avg: 401.1, Max: 401.1, Diff: 0.0]
   [Code Root Fixup: 0.0 ms]
   [Code Root Purge: 0.0 ms]
   [Clear CT: 0.1 ms]
   [Other: 0.4 ms]
      [Choose CSet: 0.0 ms]
      [Ref Proc: 0.1 ms]
      [Ref Enq: 0.0 ms]
      [Redirty Cards: 0.1 ms]
      [Humongous Register: 0.0 ms]
      [Humongous Reclaim: 0.0 ms]
      [Free CSet: 0.0 ms]
   [Eden: 3072.0K(66.0M)->0.0B(70.0M) Survivors: 8192.0K->0.0B Heap: 355.1M(512.0M)->352.9M(512.0M)]
 [Times: user=0.00 sys=0.00, real=0.01 secs]
2021-07-03T17:28:56.042+0800: [GC concurrent-root-region-scan-start]
2021-07-03T17:28:56.044+0800: [GC concurrent-root-region-scan-end, 0.0026501 secs]
2021-07-03T17:28:56.045+0800: [GC concurrent-mark-start]
2021-07-03T17:28:56.050+0800: [GC concurrent-mark-end, 0.0046878 secs]
2021-07-03T17:28:56.053+0800: [GC remark 2021-07-03T17:28:56.053+0800: [Finalize Marking, 0.0006986 secs] 2021-07-03T17:28:56.054+0800: [GC ref-proc, 0.0003164 secs] 2021-07-03T17:28:56.055+0800: [Unloading, 0.0008009 secs], 0.00317
37 secs]
 [Times: user=0.00 sys=0.00, real=0.00 secs]
2021-07-03T17:28:56.057+0800: [GC cleanup 402M->402M(512M), 0.0012902 secs]
 [Times: user=0.00 sys=0.00, real=0.00 secs]
2021-07-03T17:28:56.071+0800: [GC pause (G1 Evacuation Pause) (young), 0.0069904 secs]
   [Parallel Time: 5.0 ms, GC Workers: 4]
      [GC Worker Start (ms): Min: 437.6, Avg: 438.0, Max: 438.4, Diff: 0.8]
      [Ext Root Scanning (ms): Min: 0.0, Avg: 0.1, Max: 0.2, Diff: 0.2, Sum: 0.4]
      [Update RS (ms): Min: 0.0, Avg: 0.2, Max: 0.3, Diff: 0.3, Sum: 0.7]
         [Processed Buffers: Min: 0, Avg: 2.8, Max: 8, Diff: 8, Sum: 11]
      [Scan RS (ms): Min: 0.0, Avg: 0.0, Max: 0.0, Diff: 0.0, Sum: 0.0]
      [Code Root Scanning (ms): Min: 0.0, Avg: 0.0, Max: 0.0, Diff: 0.0, Sum: 0.0]
      [Object Copy (ms): Min: 4.1, Avg: 4.2, Max: 4.4, Diff: 0.3, Sum: 16.9]
      [Termination (ms): Min: 0.0, Avg: 0.1, Max: 0.2, Diff: 0.2, Sum: 0.4]
         [Termination Attempts: Min: 1, Avg: 1.0, Max: 1, Diff: 0, Sum: 4]
      [GC Worker Other (ms): Min: 0.0, Avg: 0.0, Max: 0.0, Diff: 0.0, Sum: 0.0]
      [GC Worker Total (ms): Min: 4.2, Avg: 4.6, Max: 5.0, Diff: 0.8, Sum: 18.5]
      [GC Worker End (ms): Min: 442.5, Avg: 442.6, Max: 442.6, Diff: 0.0]
   [Code Root Fixup: 0.0 ms]
   [Code Root Purge: 0.0 ms]
   [Clear CT: 0.1 ms]
   [Other: 1.9 ms]
      [Choose CSet: 0.0 ms]
      [Ref Proc: 0.1 ms]
      [Ref Enq: 0.0 ms]
      [Redirty Cards: 0.2 ms]
      [Humongous Register: 0.1 ms]
      [Humongous Reclaim: 0.1 ms]
      [Free CSet: 0.0 ms]
   [Eden: 70.0M(70.0M)->0.0B(16.0M) Survivors: 0.0B->9216.0K Heap: 443.9M(512.0M)->378.0M(512.0M)]
 [Times: user=0.00 sys=0.00, real=0.01 secs]
2021-07-03T17:28:56.089+0800: [GC pause (G1 Evacuation Pause) (mixed), 0.0048536 secs]
   [Parallel Time: 3.9 ms, GC Workers: 4]
      [GC Worker Start (ms): Min: 454.6, Avg: 456.3, Max: 458.4, Diff: 3.9]
      [Ext Root Scanning (ms): Min: 0.0, Avg: 0.1, Max: 0.2, Diff: 0.2, Sum: 0.4]
      [Update RS (ms): Min: 0.0, Avg: 0.2, Max: 0.3, Diff: 0.3, Sum: 0.7]
         [Processed Buffers: Min: 0, Avg: 3.0, Max: 7, Diff: 7, Sum: 12]
      [Scan RS (ms): Min: 0.0, Avg: 0.0, Max: 0.0, Diff: 0.0, Sum: 0.1]
      [Code Root Scanning (ms): Min: 0.0, Avg: 0.0, Max: 0.0, Diff: 0.0, Sum: 0.0]
      [Object Copy (ms): Min: 0.0, Avg: 1.8, Max: 3.3, Diff: 3.3, Sum: 7.3]
      [Termination (ms): Min: 0.0, Avg: 0.0, Max: 0.1, Diff: 0.1, Sum: 0.1]
         [Termination Attempts: Min: 1, Avg: 1.0, Max: 1, Diff: 0, Sum: 4]
      [GC Worker Other (ms): Min: 0.0, Avg: 0.0, Max: 0.0, Diff: 0.0, Sum: 0.0]
      [GC Worker Total (ms): Min: 0.0, Avg: 2.2, Max: 3.9, Diff: 3.9, Sum: 8.6]
      [GC Worker End (ms): Min: 458.4, Avg: 458.4, Max: 458.4, Diff: 0.0]
   [Code Root Fixup: 0.0 ms]
   [Code Root Purge: 0.0 ms]
   [Clear CT: 0.1 ms]
   [Other: 0.8 ms]
      [Choose CSet: 0.0 ms]
      [Ref Proc: 0.2 ms]
      [Ref Enq: 0.0 ms]
      [Redirty Cards: 0.0 ms]
      [Humongous Register: 0.1 ms]
      [Humongous Reclaim: 0.0 ms]
      [Free CSet: 0.1 ms]
   [Eden: 16.0M(16.0M)->0.0B(21.0M) Survivors: 9216.0K->4096.0K Heap: 397.9M(512.0M)->335.2M(512.0M)]
 [Times: user=0.00 sys=0.00, real=0.01 secs]
2021-07-03T17:28:56.106+0800: [GC pause (G1 Evacuation Pause) (mixed), 0.0167785 secs]
   [Parallel Time: 15.4 ms, GC Workers: 4]
      [GC Worker Start (ms): Min: 471.6, Avg: 476.3, Max: 486.0, Diff: 14.4]
      [Ext Root Scanning (ms): Min: 0.0, Avg: 0.1, Max: 0.2, Diff: 0.2, Sum: 0.4]
      [Update RS (ms): Min: 0.0, Avg: 0.2, Max: 0.4, Diff: 0.4, Sum: 0.7]
         [Processed Buffers: Min: 0, Avg: 3.3, Max: 9, Diff: 9, Sum: 13]
      [Scan RS (ms): Min: 0.0, Avg: 0.0, Max: 0.0, Diff: 0.0, Sum: 0.1]
      [Code Root Scanning (ms): Min: 0.0, Avg: 0.0, Max: 0.0, Diff: 0.0, Sum: 0.0]
      [Object Copy (ms): Min: 0.0, Avg: 1.8, Max: 3.6, Diff: 3.6, Sum: 7.2]
      [Termination (ms): Min: 0.0, Avg: 7.8, Max: 11.1, Diff: 11.1, Sum: 31.1]
         [Termination Attempts: Min: 1, Avg: 1.0, Max: 1, Diff: 0, Sum: 4]
      [GC Worker Other (ms): Min: 0.0, Avg: 0.0, Max: 0.0, Diff: 0.0, Sum: 0.1]
      [GC Worker Total (ms): Min: 0.0, Avg: 9.9, Max: 15.3, Diff: 15.3, Sum: 39.6]
      [GC Worker End (ms): Min: 486.0, Avg: 486.2, Max: 486.9, Diff: 0.9]
   [Code Root Fixup: 0.0 ms]
   [Code Root Purge: 0.0 ms]
   [Clear CT: 0.2 ms]
   [Other: 1.2 ms]
      [Choose CSet: 0.0 ms]
      [Ref Proc: 0.2 ms]
      [Ref Enq: 0.0 ms]
      [Redirty Cards: 0.3 ms]
      [Humongous Register: 0.1 ms]
      [Humongous Reclaim: 0.0 ms]
      [Free CSet: 0.1 ms]
   [Eden: 21.0M(21.0M)->0.0B(21.0M) Survivors: 4096.0K->4096.0K Heap: 359.7M(512.0M)->297.6M(512.0M)]
 [Times: user=0.05 sys=0.00, real=0.02 secs]
2021-07-03T17:28:56.136+0800: [GC pause (G1 Evacuation Pause) (mixed), 0.0050336 secs]
   [Parallel Time: 4.5 ms, GC Workers: 4]
      [GC Worker Start (ms): Min: 501.4, Avg: 501.8, Max: 503.0, Diff: 1.6]
      [Ext Root Scanning (ms): Min: 0.0, Avg: 0.2, Max: 0.2, Diff: 0.2, Sum: 0.6]
      [Update RS (ms): Min: 0.0, Avg: 0.3, Max: 0.4, Diff: 0.4, Sum: 1.1]
         [Processed Buffers: Min: 0, Avg: 4.8, Max: 8, Diff: 8, Sum: 19]
      [Scan RS (ms): Min: 0.0, Avg: 0.0, Max: 0.0, Diff: 0.0, Sum: 0.1]
      [Code Root Scanning (ms): Min: 0.0, Avg: 0.0, Max: 0.0, Diff: 0.0, Sum: 0.0]
      [Object Copy (ms): Min: 2.9, Avg: 3.6, Max: 3.9, Diff: 1.0, Sum: 14.4]
      [Termination (ms): Min: 0.0, Avg: 0.0, Max: 0.0, Diff: 0.0, Sum: 0.0]
         [Termination Attempts: Min: 1, Avg: 1.0, Max: 1, Diff: 0, Sum: 4]
      [GC Worker Other (ms): Min: 0.0, Avg: 0.0, Max: 0.0, Diff: 0.0, Sum: 0.0]
      [GC Worker Total (ms): Min: 2.9, Avg: 4.1, Max: 4.5, Diff: 1.6, Sum: 16.2]
      [GC Worker End (ms): Min: 505.9, Avg: 505.9, Max: 505.9, Diff: 0.0]
   [Code Root Fixup: 0.0 ms]
   [Code Root Purge: 0.0 ms]
   [Clear CT: 0.0 ms]
   [Other: 0.5 ms]
      [Choose CSet: 0.0 ms]
      [Ref Proc: 0.0 ms]
      [Ref Enq: 0.0 ms]
      [Redirty Cards: 0.0 ms]
      [Humongous Register: 0.0 ms]
      [Humongous Reclaim: 0.0 ms]
      [Free CSet: 0.0 ms]
   [Eden: 21.0M(21.0M)->0.0B(21.0M) Survivors: 4096.0K->4096.0K Heap: 324.4M(512.0M)->265.0M(512.0M)]
 [Times: user=0.00 sys=0.00, real=0.01 secs]
2021-07-03T17:28:56.153+0800: [GC pause (G1 Evacuation Pause) (mixed), 0.0062140 secs]
   [Parallel Time: 5.4 ms, GC Workers: 4]
      [GC Worker Start (ms): Min: 518.2, Avg: 518.3, Max: 518.3, Diff: 0.0]
      [Ext Root Scanning (ms): Min: 0.2, Avg: 0.2, Max: 0.2, Diff: 0.0, Sum: 0.8]
      [Update RS (ms): Min: 0.0, Avg: 0.2, Max: 0.3, Diff: 0.3, Sum: 0.9]
         [Processed Buffers: Min: 0, Avg: 3.8, Max: 7, Diff: 7, Sum: 15]
      [Scan RS (ms): Min: 0.0, Avg: 0.0, Max: 0.0, Diff: 0.0, Sum: 0.1]
      [Code Root Scanning (ms): Min: 0.0, Avg: 0.0, Max: 0.0, Diff: 0.0, Sum: 0.0]
      [Object Copy (ms): Min: 4.9, Avg: 5.0, Max: 5.2, Diff: 0.3, Sum: 19.8]
      [Termination (ms): Min: 0.0, Avg: 0.0, Max: 0.0, Diff: 0.0, Sum: 0.0]
         [Termination Attempts: Min: 1, Avg: 1.0, Max: 1, Diff: 0, Sum: 4]
      [GC Worker Other (ms): Min: 0.0, Avg: 0.0, Max: 0.0, Diff: 0.0, Sum: 0.0]
      [GC Worker Total (ms): Min: 5.4, Avg: 5.4, Max: 5.4, Diff: 0.0, Sum: 21.7]
      [GC Worker End (ms): Min: 523.7, Avg: 523.7, Max: 523.7, Diff: 0.0]
   [Code Root Fixup: 0.0 ms]
   [Code Root Purge: 0.0 ms]
   [Clear CT: 0.1 ms]
   [Other: 0.7 ms]
      [Choose CSet: 0.0 ms]
      [Ref Proc: 0.1 ms]
      [Ref Enq: 0.0 ms]
      [Redirty Cards: 0.0 ms]
      [Humongous Register: 0.1 ms]
      [Humongous Reclaim: 0.0 ms]
      [Free CSet: 0.1 ms]
   [Eden: 21.0M(21.0M)->0.0B(21.0M) Survivors: 4096.0K->4096.0K Heap: 294.8M(512.0M)->244.5M(512.0M)]
 [Times: user=0.00 sys=0.00, real=0.01 secs]
2021-07-03T17:28:56.170+0800: [GC pause (G1 Evacuation Pause) (mixed), 0.0149416 secs]
   [Parallel Time: 6.2 ms, GC Workers: 4]
      [GC Worker Start (ms): Min: 538.0, Avg: 539.0, Max: 541.2, Diff: 3.2]
      [Ext Root Scanning (ms): Min: 0.0, Avg: 0.1, Max: 0.3, Diff: 0.3, Sum: 0.5]
      [Update RS (ms): Min: 0.0, Avg: 0.2, Max: 0.4, Diff: 0.4, Sum: 0.9]
         [Processed Buffers: Min: 0, Avg: 4.0, Max: 11, Diff: 11, Sum: 16]
      [Scan RS (ms): Min: 0.0, Avg: 0.0, Max: 0.0, Diff: 0.0, Sum: 0.0]
      [Code Root Scanning (ms): Min: 0.0, Avg: 0.0, Max: 0.0, Diff: 0.0, Sum: 0.0]
      [Object Copy (ms): Min: 0.3, Avg: 3.0, Max: 5.4, Diff: 5.0, Sum: 12.1]
      [Termination (ms): Min: 0.0, Avg: 1.8, Max: 2.6, Diff: 2.6, Sum: 7.0]
         [Termination Attempts: Min: 1, Avg: 1.0, Max: 1, Diff: 0, Sum: 4]
      [GC Worker Other (ms): Min: 0.0, Avg: 0.0, Max: 0.0, Diff: 0.0, Sum: 0.0]
      [GC Worker Total (ms): Min: 2.9, Avg: 5.2, Max: 6.1, Diff: 3.2, Sum: 20.6]
      [GC Worker End (ms): Min: 544.1, Avg: 544.1, Max: 544.1, Diff: 0.0]
   [Code Root Fixup: 0.0 ms]
   [Code Root Purge: 0.0 ms]
   [Clear CT: 0.2 ms]
   [Other: 8.6 ms]
      [Choose CSet: 0.0 ms]
      [Ref Proc: 5.2 ms]
      [Ref Enq: 0.0 ms]
      [Redirty Cards: 0.3 ms]
      [Humongous Register: 0.1 ms]
      [Humongous Reclaim: 0.0 ms]
      [Free CSet: 0.1 ms]
   [Eden: 21.0M(21.0M)->0.0B(154.0M) Survivors: 4096.0K->4096.0K Heap: 270.5M(512.0M)->241.3M(512.0M)]
 [Times: user=0.05 sys=0.00, real=0.02 secs]
2021-07-03T17:28:56.191+0800: [GC pause (G1 Humongous Allocation) (young) (initial-mark), 0.0014208 secs]
   [Parallel Time: 1.1 ms, GC Workers: 4]
      [GC Worker Start (ms): Min: 556.4, Avg: 556.5, Max: 556.5, Diff: 0.0]
      [Ext Root Scanning (ms): Min: 0.2, Avg: 0.2, Max: 0.2, Diff: 0.0, Sum: 0.7]
      [Update RS (ms): Min: 0.0, Avg: 0.1, Max: 0.1, Diff: 0.1, Sum: 0.2]
         [Processed Buffers: Min: 1, Avg: 1.0, Max: 1, Diff: 0, Sum: 4]
      [Scan RS (ms): Min: 0.0, Avg: 0.0, Max: 0.0, Diff: 0.0, Sum: 0.0]
      [Code Root Scanning (ms): Min: 0.0, Avg: 0.0, Max: 0.0, Diff: 0.0, Sum: 0.0]
      [Object Copy (ms): Min: 0.6, Avg: 0.7, Max: 0.8, Diff: 0.2, Sum: 2.7]
      [Termination (ms): Min: 0.0, Avg: 0.1, Max: 0.2, Diff: 0.2, Sum: 0.5]
         [Termination Attempts: Min: 1, Avg: 1.0, Max: 1, Diff: 0, Sum: 4]
      [GC Worker Other (ms): Min: 0.0, Avg: 0.0, Max: 0.0, Diff: 0.0, Sum: 0.0]
      [GC Worker Total (ms): Min: 1.0, Avg: 1.0, Max: 1.0, Diff: 0.0, Sum: 4.1]
      [GC Worker End (ms): Min: 557.5, Avg: 557.5, Max: 557.5, Diff: 0.0]
   [Code Root Fixup: 0.0 ms]
   [Code Root Purge: 0.0 ms]
   [Clear CT: 0.0 ms]
   [Other: 0.3 ms]
      [Choose CSet: 0.0 ms]
      [Ref Proc: 0.1 ms]
      [Ref Enq: 0.0 ms]
      [Redirty Cards: 0.0 ms]
      [Humongous Register: 0.0 ms]
      [Humongous Reclaim: 0.0 ms]
      [Free CSet: 0.0 ms]
   [Eden: 3072.0K(154.0M)->0.0B(149.0M) Survivors: 4096.0K->5120.0K Heap: 244.0M(512.0M)->241.5M(512.0M)]
 [Times: user=0.00 sys=0.00, real=0.01 secs]
2021-07-03T17:28:56.202+0800: [GC concurrent-root-region-scan-start]
2021-07-03T17:28:56.204+0800: [GC concurrent-root-region-scan-end, 0.0020564 secs]
2021-07-03T17:28:56.204+0800: [GC concurrent-mark-start]
2021-07-03T17:28:56.207+0800: [GC concurrent-mark-end, 0.0025506 secs]
2021-07-03T17:28:56.210+0800: [GC remark 2021-07-03T17:28:56.210+0800: [Finalize Marking, 0.0001707 secs] 2021-07-03T17:28:56.210+0800: [GC ref-proc, 0.0000942 secs] 2021-07-03T17:28:56.210+0800: [Unloading, 0.0005764 secs], 0.00170
22 secs]
 [Times: user=0.00 sys=0.00, real=0.00 secs]
2021-07-03T17:28:56.212+0800: [GC cleanup 283M->283M(512M), 0.0004915 secs]
 [Times: user=0.00 sys=0.00, real=0.00 secs]
2021-07-03T17:28:56.247+0800: [GC pause (G1 Evacuation Pause) (young) (to-space exhausted), 0.0184642 secs]
   [Parallel Time: 16.6 ms, GC Workers: 4]
      [GC Worker Start (ms): Min: 612.2, Avg: 612.5, Max: 612.9, Diff: 0.7]
      [Ext Root Scanning (ms): Min: 0.0, Avg: 0.1, Max: 0.2, Diff: 0.2, Sum: 0.5]
      [Update RS (ms): Min: 0.0, Avg: 0.3, Max: 0.4, Diff: 0.4, Sum: 1.1]
         [Processed Buffers: Min: 0, Avg: 4.3, Max: 7, Diff: 7, Sum: 17]
      [Scan RS (ms): Min: 0.0, Avg: 0.0, Max: 0.1, Diff: 0.0, Sum: 0.1]
      [Code Root Scanning (ms): Min: 0.0, Avg: 0.0, Max: 0.0, Diff: 0.0, Sum: 0.0]
      [Object Copy (ms): Min: 5.7, Avg: 8.1, Max: 15.3, Diff: 9.6, Sum: 32.5]
      [Termination (ms): Min: 0.0, Avg: 7.3, Max: 10.1, Diff: 10.1, Sum: 29.3]
         [Termination Attempts: Min: 1, Avg: 1.0, Max: 1, Diff: 0, Sum: 4]
      [GC Worker Other (ms): Min: 0.0, Avg: 0.0, Max: 0.0, Diff: 0.0, Sum: 0.0]
      [GC Worker Total (ms): Min: 15.8, Avg: 15.9, Max: 16.0, Diff: 0.2, Sum: 63.7]
      [GC Worker End (ms): Min: 628.3, Avg: 628.4, Max: 628.8, Diff: 0.5]
   [Code Root Fixup: 0.0 ms]
   [Code Root Purge: 0.0 ms]
   [Clear CT: 0.4 ms]
   [Other: 1.5 ms]
      [Evacuation Failure: 0.3 ms]
      [Choose CSet: 0.0 ms]
      [Ref Proc: 0.7 ms]
      [Ref Enq: 0.0 ms]
      [Redirty Cards: 0.0 ms]
      [Humongous Register: 0.1 ms]
      [Humongous Reclaim: 0.1 ms]
      [Free CSet: 0.1 ms]
   [Eden: 149.0M(149.0M)->0.0B(5120.0K) Survivors: 5120.0K->20.0M Heap: 428.0M(512.0M)->359.8M(512.0M)]
 [Times: user=0.05 sys=0.00, real=0.02 secs]
2021-07-03T17:28:56.272+0800: [GC pause (G1 Evacuation Pause) (mixed), 0.0099925 secs]
   [Parallel Time: 6.5 ms, GC Workers: 4]
      [GC Worker Start (ms): Min: 637.6, Avg: 639.1, Max: 643.9, Diff: 6.4]
      [Ext Root Scanning (ms): Min: 0.0, Avg: 0.1, Max: 0.2, Diff: 0.2, Sum: 0.5]
      [Update RS (ms): Min: 0.0, Avg: 0.3, Max: 0.4, Diff: 0.4, Sum: 1.3]
         [Processed Buffers: Min: 0, Avg: 6.3, Max: 9, Diff: 9, Sum: 25]
      [Scan RS (ms): Min: 0.0, Avg: 0.0, Max: 0.0, Diff: 0.0, Sum: 0.1]
      [Code Root Scanning (ms): Min: 0.0, Avg: 0.0, Max: 0.0, Diff: 0.0, Sum: 0.0]
      [Object Copy (ms): Min: 0.0, Avg: 4.3, Max: 5.7, Diff: 5.7, Sum: 17.1]
      [Termination (ms): Min: 0.0, Avg: 0.1, Max: 0.1, Diff: 0.1, Sum: 0.2]
         [Termination Attempts: Min: 1, Avg: 1.0, Max: 1, Diff: 0, Sum: 4]
      [GC Worker Other (ms): Min: 0.0, Avg: 0.0, Max: 0.0, Diff: 0.0, Sum: 0.0]
      [GC Worker Total (ms): Min: 0.0, Avg: 4.8, Max: 6.5, Diff: 6.4, Sum: 19.3]
      [GC Worker End (ms): Min: 643.9, Avg: 644.0, Max: 644.0, Diff: 0.1]
   [Code Root Fixup: 0.0 ms]
   [Code Root Purge: 0.0 ms]
   [Clear CT: 0.1 ms]
   [Other: 3.5 ms]
      [Choose CSet: 0.0 ms]
      [Ref Proc: 3.2 ms]
      [Ref Enq: 0.0 ms]
      [Redirty Cards: 0.0 ms]
      [Humongous Register: 0.1 ms]
      [Humongous Reclaim: 0.0 ms]
      [Free CSet: 0.1 ms]
   [Eden: 5120.0K(5120.0K)->0.0B(59.0M) Survivors: 20.0M->3072.0K Heap: 366.9M(512.0M)->343.9M(512.0M)]
 [Times: user=0.00 sys=0.00, real=0.01 secs]
2021-07-03T17:28:56.289+0800: [GC pause (G1 Humongous Allocation) (young) (initial-mark), 0.0059331 secs]
   [Parallel Time: 3.6 ms, GC Workers: 4]
      [GC Worker Start (ms): Min: 656.5, Avg: 656.6, Max: 656.8, Diff: 0.2]
      [Ext Root Scanning (ms): Min: 0.0, Avg: 0.4, Max: 1.1, Diff: 1.1, Sum: 1.7]
      [Update RS (ms): Min: 0.0, Avg: 0.9, Max: 3.3, Diff: 3.3, Sum: 3.6]
         [Processed Buffers: Min: 0, Avg: 1.0, Max: 2, Diff: 2, Sum: 4]
      [Scan RS (ms): Min: 0.0, Avg: 0.0, Max: 0.0, Diff: 0.0, Sum: 0.0]
      [Code Root Scanning (ms): Min: 0.0, Avg: 0.0, Max: 0.0, Diff: 0.0, Sum: 0.0]
      [Object Copy (ms): Min: 0.0, Avg: 0.4, Max: 0.9, Diff: 0.9, Sum: 1.8]
      [Termination (ms): Min: 0.0, Avg: 1.7, Max: 2.3, Diff: 2.3, Sum: 6.8]
         [Termination Attempts: Min: 1, Avg: 1.0, Max: 1, Diff: 0, Sum: 4]
      [GC Worker Other (ms): Min: 0.0, Avg: 0.0, Max: 0.0, Diff: 0.0, Sum: 0.0]
      [GC Worker Total (ms): Min: 3.3, Avg: 3.5, Max: 3.6, Diff: 0.2, Sum: 13.9]
      [GC Worker End (ms): Min: 660.1, Avg: 660.1, Max: 660.1, Diff: 0.0]
   [Code Root Fixup: 0.0 ms]
   [Code Root Purge: 0.0 ms]
   [Clear CT: 0.0 ms]
   [Other: 2.3 ms]
      [Choose CSet: 0.0 ms]
      [Ref Proc: 0.1 ms]
      [Ref Enq: 0.0 ms]
      [Redirty Cards: 0.0 ms]
      [Humongous Register: 0.1 ms]
      [Humongous Reclaim: 0.0 ms]
      [Free CSet: 0.0 ms]
   [Eden: 9216.0K(59.0M)->0.0B(58.0M) Survivors: 3072.0K->7168.0K Heap: 352.7M(512.0M)->345.8M(512.0M)]
 [Times: user=0.00 sys=0.00, real=0.01 secs]
2021-07-03T17:28:56.301+0800: [GC concurrent-root-region-scan-start]
2021-07-03T17:28:56.302+0800: [GC concurrent-root-region-scan-end, 0.0005560 secs]
2021-07-03T17:28:56.302+0800: [GC concurrent-mark-start]
2021-07-03T17:28:56.305+0800: [GC concurrent-mark-end, 0.0027621 secs]
2021-07-03T17:28:56.305+0800: [GC remark 2021-07-03T17:28:56.305+0800: [Finalize Marking, 0.0001249 secs] 2021-07-03T17:28:56.305+0800: [GC ref-proc, 0.0000809 secs] 2021-07-03T17:28:56.306+0800: [Unloading, 0.0005146 secs], 0.00181
15 secs]
 [Times: user=0.00 sys=0.00, real=0.00 secs]
2021-07-03T17:28:56.307+0800: [GC cleanup 362M->358M(512M), 0.0005618 secs]
 [Times: user=0.00 sys=0.00, real=0.00 secs]
2021-07-03T17:28:56.308+0800: [GC concurrent-cleanup-start]
2021-07-03T17:28:56.308+0800: [GC concurrent-cleanup-end, 0.0004431 secs]
2021-07-03T17:28:56.320+0800: [GC pause (G1 Evacuation Pause) (young), 0.0055682 secs]
   [Parallel Time: 5.1 ms, GC Workers: 4]
      [GC Worker Start (ms): Min: 685.9, Avg: 686.0, Max: 686.0, Diff: 0.1]
      [Ext Root Scanning (ms): Min: 0.1, Avg: 0.2, Max: 0.2, Diff: 0.1, Sum: 0.7]
      [Update RS (ms): Min: 0.3, Avg: 0.4, Max: 0.4, Diff: 0.0, Sum: 1.5]
         [Processed Buffers: Min: 3, Avg: 6.3, Max: 8, Diff: 5, Sum: 25]
      [Scan RS (ms): Min: 0.0, Avg: 0.0, Max: 0.0, Diff: 0.0, Sum: 0.0]
      [Code Root Scanning (ms): Min: 0.0, Avg: 0.0, Max: 0.0, Diff: 0.0, Sum: 0.0]
      [Object Copy (ms): Min: 4.2, Avg: 4.2, Max: 4.3, Diff: 0.1, Sum: 16.9]
      [Termination (ms): Min: 0.0, Avg: 0.1, Max: 0.2, Diff: 0.2, Sum: 0.5]
         [Termination Attempts: Min: 1, Avg: 1.0, Max: 1, Diff: 0, Sum: 4]
      [GC Worker Other (ms): Min: 0.0, Avg: 0.0, Max: 0.0, Diff: 0.0, Sum: 0.0]
      [GC Worker Total (ms): Min: 4.8, Avg: 4.9, Max: 5.0, Diff: 0.2, Sum: 19.6]
      [GC Worker End (ms): Min: 690.8, Avg: 690.9, Max: 690.9, Diff: 0.1]
   [Code Root Fixup: 0.0 ms]
   [Code Root Purge: 0.0 ms]
   [Clear CT: 0.1 ms]
   [Other: 0.4 ms]
      [Choose CSet: 0.0 ms]
      [Ref Proc: 0.0 ms]
      [Ref Enq: 0.0 ms]
      [Redirty Cards: 0.0 ms]
      [Humongous Register: 0.1 ms]
      [Humongous Reclaim: 0.0 ms]
      [Free CSet: 0.0 ms]
   [Eden: 58.0M(58.0M)->0.0B(16.0M) Survivors: 7168.0K->9216.0K Heap: 414.4M(512.0M)->363.0M(512.0M)]
 [Times: user=0.00 sys=0.00, real=0.01 secs]
2021-07-03T17:28:56.337+0800: [GC pause (G1 Evacuation Pause) (mixed), 0.0050558 secs]
   [Parallel Time: 4.5 ms, GC Workers: 4]
      [GC Worker Start (ms): Min: 702.8, Avg: 703.0, Max: 703.7, Diff: 0.8]
      [Ext Root Scanning (ms): Min: 0.0, Avg: 0.2, Max: 0.2, Diff: 0.2, Sum: 0.6]
      [Update RS (ms): Min: 0.0, Avg: 0.3, Max: 0.4, Diff: 0.4, Sum: 1.2]
         [Processed Buffers: Min: 0, Avg: 5.8, Max: 8, Diff: 8, Sum: 23]
      [Scan RS (ms): Min: 0.0, Avg: 0.0, Max: 0.0, Diff: 0.0, Sum: 0.1]
      [Code Root Scanning (ms): Min: 0.0, Avg: 0.0, Max: 0.0, Diff: 0.0, Sum: 0.0]
      [Object Copy (ms): Min: 3.5, Avg: 3.7, Max: 3.8, Diff: 0.3, Sum: 14.8]
      [Termination (ms): Min: 0.0, Avg: 0.0, Max: 0.1, Diff: 0.1, Sum: 0.2]
         [Termination Attempts: Min: 1, Avg: 1.0, Max: 1, Diff: 0, Sum: 4]
      [GC Worker Other (ms): Min: 0.0, Avg: 0.0, Max: 0.0, Diff: 0.0, Sum: 0.0]
      [GC Worker Total (ms): Min: 3.6, Avg: 4.2, Max: 4.4, Diff: 0.8, Sum: 16.9]
      [GC Worker End (ms): Min: 707.3, Avg: 707.3, Max: 707.3, Diff: 0.0]
   [Code Root Fixup: 0.0 ms]
   [Code Root Purge: 0.0 ms]
   [Clear CT: 0.1 ms]
   [Other: 0.5 ms]
      [Choose CSet: 0.0 ms]
      [Ref Proc: 0.1 ms]
      [Ref Enq: 0.0 ms]
      [Redirty Cards: 0.0 ms]
      [Humongous Register: 0.1 ms]
      [Humongous Reclaim: 0.0 ms]
      [Free CSet: 0.1 ms]
   [Eden: 16.0M(16.0M)->0.0B(21.0M) Survivors: 9216.0K->4096.0K Heap: 381.1M(512.0M)->324.6M(512.0M)]
 [Times: user=0.00 sys=0.00, real=0.01 secs]
2021-07-03T17:28:56.353+0800: [GC pause (G1 Evacuation Pause) (mixed), 0.0083259 secs]
   [Parallel Time: 5.8 ms, GC Workers: 4]
      [GC Worker Start (ms): Min: 720.6, Avg: 720.6, Max: 720.6, Diff: 0.0]
      [Ext Root Scanning (ms): Min: 0.2, Avg: 1.2, Max: 4.2, Diff: 4.0, Sum: 4.8]
      [Update RS (ms): Min: 0.0, Avg: 0.4, Max: 0.5, Diff: 0.5, Sum: 1.6]
         [Processed Buffers: Min: 0, Avg: 7.0, Max: 11, Diff: 11, Sum: 28]
      [Scan RS (ms): Min: 0.0, Avg: 0.0, Max: 0.1, Diff: 0.0, Sum: 0.1]
      [Code Root Scanning (ms): Min: 0.0, Avg: 0.0, Max: 0.0, Diff: 0.0, Sum: 0.0]
      [Object Copy (ms): Min: 1.5, Avg: 4.1, Max: 4.9, Diff: 3.5, Sum: 16.3]
      [Termination (ms): Min: 0.0, Avg: 0.0, Max: 0.0, Diff: 0.0, Sum: 0.1]
         [Termination Attempts: Min: 1, Avg: 1.0, Max: 1, Diff: 0, Sum: 4]
      [GC Worker Other (ms): Min: 0.0, Avg: 0.0, Max: 0.0, Diff: 0.0, Sum: 0.0]
      [GC Worker Total (ms): Min: 5.7, Avg: 5.7, Max: 5.7, Diff: 0.0, Sum: 22.9]
      [GC Worker End (ms): Min: 726.3, Avg: 726.3, Max: 726.3, Diff: 0.0]
   [Code Root Fixup: 0.0 ms]
   [Code Root Purge: 0.0 ms]
   [Clear CT: 0.0 ms]
   [Other: 2.5 ms]
      [Choose CSet: 0.0 ms]
      [Ref Proc: 0.1 ms]
      [Ref Enq: 0.0 ms]
      [Redirty Cards: 0.0 ms]
      [Humongous Register: 0.1 ms]
      [Humongous Reclaim: 0.0 ms]
      [Free CSet: 0.1 ms]
   [Eden: 21.0M(21.0M)->0.0B(21.0M) Survivors: 4096.0K->4096.0K Heap: 351.8M(512.0M)->300.6M(512.0M)]
 [Times: user=0.02 sys=0.00, real=0.02 secs]
2021-07-03T17:28:56.373+0800: [GC pause (G1 Evacuation Pause) (mixed), 0.0044634 secs]
   [Parallel Time: 4.1 ms, GC Workers: 4]
      [GC Worker Start (ms): Min: 738.7, Avg: 738.7, Max: 738.7, Diff: 0.0]
      [Ext Root Scanning (ms): Min: 0.2, Avg: 0.2, Max: 0.2, Diff: 0.0, Sum: 0.8]
      [Update RS (ms): Min: 0.4, Avg: 0.4, Max: 0.4, Diff: 0.0, Sum: 1.6]
         [Processed Buffers: Min: 4, Avg: 6.8, Max: 8, Diff: 4, Sum: 27]
      [Scan RS (ms): Min: 0.0, Avg: 0.0, Max: 0.0, Diff: 0.0, Sum: 0.1]
      [Code Root Scanning (ms): Min: 0.0, Avg: 0.0, Max: 0.0, Diff: 0.0, Sum: 0.0]
      [Object Copy (ms): Min: 3.4, Avg: 3.4, Max: 3.4, Diff: 0.1, Sum: 13.5]
      [Termination (ms): Min: 0.0, Avg: 0.0, Max: 0.1, Diff: 0.1, Sum: 0.2]
         [Termination Attempts: Min: 1, Avg: 1.0, Max: 1, Diff: 0, Sum: 4]
      [GC Worker Other (ms): Min: 0.0, Avg: 0.0, Max: 0.0, Diff: 0.0, Sum: 0.0]
      [GC Worker Total (ms): Min: 4.1, Avg: 4.1, Max: 4.1, Diff: 0.0, Sum: 16.3]
      [GC Worker End (ms): Min: 742.7, Avg: 742.7, Max: 742.7, Diff: 0.0]
   [Code Root Fixup: 0.0 ms]
   [Code Root Purge: 0.0 ms]
   [Clear CT: 0.0 ms]
   [Other: 0.3 ms]
      [Choose CSet: 0.0 ms]
      [Ref Proc: 0.0 ms]
      [Ref Enq: 0.0 ms]
      [Redirty Cards: 0.0 ms]
      [Humongous Register: 0.1 ms]
      [Humongous Reclaim: 0.0 ms]
      [Free CSet: 0.0 ms]
   [Eden: 21.0M(21.0M)->0.0B(96.0M) Survivors: 4096.0K->4096.0K Heap: 325.6M(512.0M)->298.1M(512.0M)]
 [Times: user=0.00 sys=0.00, real=0.01 secs]
2021-07-03T17:28:56.383+0800: [GC pause (G1 Humongous Allocation) (young) (initial-mark), 0.0012991 secs]
   [Parallel Time: 0.9 ms, GC Workers: 4]
      [GC Worker Start (ms): Min: 749.0, Avg: 749.0, Max: 749.0, Diff: 0.0]
      [Ext Root Scanning (ms): Min: 0.2, Avg: 0.3, Max: 0.5, Diff: 0.3, Sum: 1.0]
      [Update RS (ms): Min: 0.0, Avg: 0.1, Max: 0.2, Diff: 0.2, Sum: 0.4]
         [Processed Buffers: Min: 0, Avg: 1.3, Max: 2, Diff: 2, Sum: 5]
      [Scan RS (ms): Min: 0.0, Avg: 0.0, Max: 0.0, Diff: 0.0, Sum: 0.0]
      [Code Root Scanning (ms): Min: 0.0, Avg: 0.0, Max: 0.0, Diff: 0.0, Sum: 0.0]
      [Object Copy (ms): Min: 0.4, Avg: 0.5, Max: 0.5, Diff: 0.1, Sum: 1.9]
      [Termination (ms): Min: 0.0, Avg: 0.0, Max: 0.1, Diff: 0.1, Sum: 0.1]
         [Termination Attempts: Min: 1, Avg: 1.0, Max: 1, Diff: 0, Sum: 4]
      [GC Worker Other (ms): Min: 0.0, Avg: 0.0, Max: 0.0, Diff: 0.0, Sum: 0.0]
      [GC Worker Total (ms): Min: 0.9, Avg: 0.9, Max: 0.9, Diff: 0.0, Sum: 3.5]
      [GC Worker End (ms): Min: 749.8, Avg: 749.8, Max: 749.8, Diff: 0.0]
   [Code Root Fixup: 0.0 ms]
   [Code Root Purge: 0.0 ms]
   [Clear CT: 0.0 ms]
   [Other: 0.4 ms]
      [Choose CSet: 0.0 ms]
      [Ref Proc: 0.0 ms]
      [Ref Enq: 0.0 ms]
      [Redirty Cards: 0.0 ms]
      [Humongous Register: 0.1 ms]
      [Humongous Reclaim: 0.0 ms]
      [Free CSet: 0.0 ms]
   [Eden: 1024.0K(96.0M)->0.0B(101.0M) Survivors: 4096.0K->4096.0K Heap: 298.2M(512.0M)->298.1M(512.0M)]
 [Times: user=0.00 sys=0.00, real=0.01 secs]
2021-07-03T17:28:56.392+0800: [GC concurrent-root-region-scan-start]
2021-07-03T17:28:56.393+0800: [GC concurrent-root-region-scan-end, 0.0003435 secs]
2021-07-03T17:28:56.393+0800: [GC concurrent-mark-start]
2021-07-03T17:28:56.395+0800: [GC concurrent-mark-end, 0.0026510 secs]
2021-07-03T17:28:56.396+0800: [GC remark 2021-07-03T17:28:56.396+0800: [Finalize Marking, 0.0001253 secs] 2021-07-03T17:28:56.396+0800: [GC ref-proc, 0.0001329 secs] 2021-07-03T17:28:56.396+0800: [Unloading, 0.0007080 secs], 0.00217
59 secs]
 [Times: user=0.00 sys=0.00, real=0.00 secs]
2021-07-03T17:28:56.398+0800: [GC cleanup 317M->317M(512M), 0.0004778 secs]
 [Times: user=0.00 sys=0.00, real=0.00 secs]
2021-07-03T17:28:56.420+0800: [GC pause (G1 Evacuation Pause) (young) (to-space exhausted), 0.0062869 secs]
   [Parallel Time: 5.7 ms, GC Workers: 4]
      [GC Worker Start (ms): Min: 785.8, Avg: 785.8, Max: 785.8, Diff: 0.0]
      [Ext Root Scanning (ms): Min: 0.2, Avg: 0.2, Max: 0.2, Diff: 0.0, Sum: 0.7]
      [Update RS (ms): Min: 0.5, Avg: 0.5, Max: 0.5, Diff: 0.1, Sum: 2.0]
         [Processed Buffers: Min: 6, Avg: 8.3, Max: 9, Diff: 3, Sum: 33]
      [Scan RS (ms): Min: 0.0, Avg: 0.0, Max: 0.0, Diff: 0.0, Sum: 0.0]
      [Code Root Scanning (ms): Min: 0.0, Avg: 0.0, Max: 0.0, Diff: 0.0, Sum: 0.0]
      [Object Copy (ms): Min: 5.0, Avg: 5.0, Max: 5.0, Diff: 0.0, Sum: 20.1]
      [Termination (ms): Min: 0.0, Avg: 0.0, Max: 0.0, Diff: 0.0, Sum: 0.1]
         [Termination Attempts: Min: 1, Avg: 1.0, Max: 1, Diff: 0, Sum: 4]
      [GC Worker Other (ms): Min: 0.0, Avg: 0.0, Max: 0.0, Diff: 0.0, Sum: 0.0]
      [GC Worker Total (ms): Min: 5.7, Avg: 5.7, Max: 5.7, Diff: 0.0, Sum: 22.9]
      [GC Worker End (ms): Min: 791.5, Avg: 791.5, Max: 791.5, Diff: 0.0]
   [Code Root Fixup: 0.0 ms]
   [Code Root Purge: 0.0 ms]
   [Clear CT: 0.0 ms]
   [Other: 0.5 ms]
      [Evacuation Failure: 0.1 ms]
      [Choose CSet: 0.0 ms]
      [Ref Proc: 0.1 ms]
      [Ref Enq: 0.0 ms]
      [Redirty Cards: 0.0 ms]
      [Humongous Register: 0.1 ms]
      [Humongous Reclaim: 0.1 ms]
      [Free CSet: 0.1 ms]
   [Eden: 101.0M(101.0M)->0.0B(11.0M) Survivors: 4096.0K->14.0M Heap: 425.9M(512.0M)->351.3M(512.0M)]
 [Times: user=0.01 sys=0.00, real=0.01 secs]
2021-07-03T17:28:56.435+0800: [GC pause (G1 Evacuation Pause) (mixed), 0.0074197 secs]
   [Parallel Time: 7.0 ms, GC Workers: 4]
      [GC Worker Start (ms): Min: 800.4, Avg: 800.4, Max: 800.4, Diff: 0.0]
      [Ext Root Scanning (ms): Min: 0.2, Avg: 0.2, Max: 0.2, Diff: 0.0, Sum: 0.8]
      [Update RS (ms): Min: 0.4, Avg: 0.5, Max: 0.5, Diff: 0.1, Sum: 1.8]
         [Processed Buffers: Min: 8, Avg: 8.3, Max: 9, Diff: 1, Sum: 33]
      [Scan RS (ms): Min: 0.0, Avg: 0.0, Max: 0.1, Diff: 0.0, Sum: 0.1]
      [Code Root Scanning (ms): Min: 0.0, Avg: 0.0, Max: 0.0, Diff: 0.0, Sum: 0.0]
      [Object Copy (ms): Min: 6.2, Avg: 6.3, Max: 6.3, Diff: 0.0, Sum: 25.0]
      [Termination (ms): Min: 0.0, Avg: 0.0, Max: 0.1, Diff: 0.1, Sum: 0.1]
         [Termination Attempts: Min: 1, Avg: 1.0, Max: 1, Diff: 0, Sum: 4]
      [GC Worker Other (ms): Min: 0.0, Avg: 0.0, Max: 0.0, Diff: 0.0, Sum: 0.1]
      [GC Worker Total (ms): Min: 7.0, Avg: 7.0, Max: 7.0, Diff: 0.0, Sum: 27.9]
      [GC Worker End (ms): Min: 807.4, Avg: 807.4, Max: 807.4, Diff: 0.0]
   [Code Root Fixup: 0.0 ms]
   [Code Root Purge: 0.0 ms]
   [Clear CT: 0.0 ms]
   [Other: 0.4 ms]
      [Choose CSet: 0.0 ms]
      [Ref Proc: 0.1 ms]
      [Ref Enq: 0.0 ms]
      [Redirty Cards: 0.0 ms]
      [Humongous Register: 0.1 ms]
      [Humongous Reclaim: 0.0 ms]
      [Free CSet: 0.0 ms]
   [Eden: 11.0M(11.0M)->0.0B(63.0M) Survivors: 14.0M->3072.0K Heap: 365.7M(512.0M)->334.3M(512.0M)]
 [Times: user=0.00 sys=0.00, real=0.02 secs]
2021-07-03T17:28:56.451+0800: [GC pause (G1 Humongous Allocation) (young) (initial-mark), 0.0010968 secs]
   [Parallel Time: 0.8 ms, GC Workers: 4]
      [GC Worker Start (ms): Min: 816.6, Avg: 816.6, Max: 816.6, Diff: 0.0]
      [Ext Root Scanning (ms): Min: 0.2, Avg: 0.2, Max: 0.2, Diff: 0.0, Sum: 0.8]
      [Update RS (ms): Min: 0.1, Avg: 0.1, Max: 0.1, Diff: 0.0, Sum: 0.3]
         [Processed Buffers: Min: 1, Avg: 1.3, Max: 2, Diff: 1, Sum: 5]
      [Scan RS (ms): Min: 0.0, Avg: 0.0, Max: 0.0, Diff: 0.0, Sum: 0.0]
      [Code Root Scanning (ms): Min: 0.0, Avg: 0.0, Max: 0.0, Diff: 0.0, Sum: 0.0]
      [Object Copy (ms): Min: 0.4, Avg: 0.4, Max: 0.5, Diff: 0.0, Sum: 1.8]
      [Termination (ms): Min: 0.0, Avg: 0.0, Max: 0.0, Diff: 0.0, Sum: 0.1]
         [Termination Attempts: Min: 1, Avg: 1.0, Max: 1, Diff: 0, Sum: 4]
      [GC Worker Other (ms): Min: 0.0, Avg: 0.0, Max: 0.0, Diff: 0.0, Sum: 0.0]
      [GC Worker Total (ms): Min: 0.7, Avg: 0.7, Max: 0.7, Diff: 0.0, Sum: 3.0]
      [GC Worker End (ms): Min: 817.4, Avg: 817.4, Max: 817.4, Diff: 0.0]
   [Code Root Fixup: 0.0 ms]
   [Code Root Purge: 0.0 ms]
   [Clear CT: 0.0 ms]
   [Other: 0.3 ms]
      [Choose CSet: 0.0 ms]
      [Ref Proc: 0.0 ms]
      [Ref Enq: 0.0 ms]
      [Redirty Cards: 0.0 ms]
      [Humongous Register: 0.1 ms]
      [Humongous Reclaim: 0.0 ms]
      [Free CSet: 0.0 ms]
   [Eden: 2048.0K(63.0M)->0.0B(57.0M) Survivors: 3072.0K->4096.0K Heap: 335.6M(512.0M)->335.4M(512.0M)]
 [Times: user=0.00 sys=0.00, real=0.01 secs]
2021-07-03T17:28:56.458+0800: [GC concurrent-root-region-scan-start]
2021-07-03T17:28:56.459+0800: [GC concurrent-root-region-scan-end, 0.0003351 secs]
2021-07-03T17:28:56.459+0800: [GC concurrent-mark-start]
2021-07-03T17:28:56.461+0800: [GC concurrent-mark-end, 0.0023621 secs]
2021-07-03T17:28:56.461+0800: [GC remark 2021-07-03T17:28:56.462+0800: [Finalize Marking, 0.0001231 secs] 2021-07-03T17:28:56.462+0800: [GC ref-proc, 0.0000840 secs] 2021-07-03T17:28:56.462+0800: [Unloading, 0.0005138 secs], 0.00183
33 secs]
 [Times: user=0.00 sys=0.00, real=0.00 secs]
2021-07-03T17:28:56.464+0800: [GC cleanup 349M->348M(512M), 0.0004022 secs]
 [Times: user=0.00 sys=0.00, real=0.00 secs]
2021-07-03T17:28:56.464+0800: [GC concurrent-cleanup-start]
2021-07-03T17:28:56.464+0800: [GC concurrent-cleanup-end, 0.0002169 secs]
2021-07-03T17:28:56.475+0800: [GC pause (G1 Evacuation Pause) (young), 0.0046763 secs]
   [Parallel Time: 4.2 ms, GC Workers: 4]
      [GC Worker Start (ms): Min: 840.3, Avg: 840.3, Max: 840.3, Diff: 0.0]
      [Ext Root Scanning (ms): Min: 0.2, Avg: 0.2, Max: 0.2, Diff: 0.0, Sum: 0.7]
      [Update RS (ms): Min: 0.6, Avg: 0.6, Max: 0.6, Diff: 0.0, Sum: 2.4]
         [Processed Buffers: Min: 7, Avg: 9.8, Max: 11, Diff: 4, Sum: 39]
      [Scan RS (ms): Min: 0.0, Avg: 0.0, Max: 0.0, Diff: 0.0, Sum: 0.0]
      [Code Root Scanning (ms): Min: 0.0, Avg: 0.0, Max: 0.0, Diff: 0.0, Sum: 0.0]
      [Object Copy (ms): Min: 3.4, Avg: 3.4, Max: 3.4, Diff: 0.0, Sum: 13.5]
      [Termination (ms): Min: 0.0, Avg: 0.0, Max: 0.0, Diff: 0.0, Sum: 0.0]
         [Termination Attempts: Min: 1, Avg: 1.0, Max: 1, Diff: 0, Sum: 4]
      [GC Worker Other (ms): Min: 0.0, Avg: 0.0, Max: 0.0, Diff: 0.0, Sum: 0.0]
      [GC Worker Total (ms): Min: 4.2, Avg: 4.2, Max: 4.2, Diff: 0.0, Sum: 16.6]
      [GC Worker End (ms): Min: 844.5, Avg: 844.5, Max: 844.5, Diff: 0.0]
   [Code Root Fixup: 0.0 ms]
   [Code Root Purge: 0.0 ms]
   [Clear CT: 0.0 ms]
   [Other: 0.5 ms]
      [Choose CSet: 0.0 ms]
      [Ref Proc: 0.1 ms]
      [Ref Enq: 0.0 ms]
      [Redirty Cards: 0.0 ms]
      [Humongous Register: 0.1 ms]
      [Humongous Reclaim: 0.1 ms]
      [Free CSet: 0.0 ms]
   [Eden: 57.0M(57.0M)->0.0B(17.0M) Survivors: 4096.0K->8192.0K Heap: 404.0M(512.0M)->349.7M(512.0M)]
 [Times: user=0.00 sys=0.00, real=0.01 secs]
2021-07-03T17:28:56.492+0800: [GC pause (G1 Evacuation Pause) (mixed), 0.0078997 secs]
   [Parallel Time: 7.1 ms, GC Workers: 4]
      [GC Worker Start (ms): Min: 857.5, Avg: 858.9, Max: 861.9, Diff: 4.3]
      [Ext Root Scanning (ms): Min: 0.0, Avg: 0.1, Max: 0.3, Diff: 0.3, Sum: 0.3]
      [Update RS (ms): Min: 0.0, Avg: 0.4, Max: 0.6, Diff: 0.6, Sum: 1.6]
         [Processed Buffers: Min: 0, Avg: 7.3, Max: 11, Diff: 11, Sum: 29]
      [Scan RS (ms): Min: 0.0, Avg: 0.0, Max: 0.1, Diff: 0.0, Sum: 0.1]
      [Code Root Scanning (ms): Min: 0.0, Avg: 0.0, Max: 0.0, Diff: 0.0, Sum: 0.0]
      [Object Copy (ms): Min: 2.6, Avg: 5.1, Max: 6.0, Diff: 3.5, Sum: 20.5]
      [Termination (ms): Min: 0.0, Avg: 0.1, Max: 0.2, Diff: 0.2, Sum: 0.3]
         [Termination Attempts: Min: 1, Avg: 1.3, Max: 2, Diff: 1, Sum: 5]
      [GC Worker Other (ms): Min: 0.0, Avg: 0.0, Max: 0.0, Diff: 0.0, Sum: 0.0]
      [GC Worker Total (ms): Min: 2.7, Avg: 5.7, Max: 7.0, Diff: 4.3, Sum: 22.8]
      [GC Worker End (ms): Min: 864.5, Avg: 864.6, Max: 864.7, Diff: 0.2]
   [Code Root Fixup: 0.0 ms]
   [Code Root Purge: 0.0 ms]
   [Clear CT: 0.1 ms]
   [Other: 0.7 ms]
      [Choose CSet: 0.0 ms]
      [Ref Proc: 0.2 ms]
      [Ref Enq: 0.0 ms]
      [Redirty Cards: 0.0 ms]
      [Humongous Register: 0.1 ms]
      [Humongous Reclaim: 0.0 ms]
      [Free CSet: 0.1 ms]
   [Eden: 17.0M(17.0M)->0.0B(21.0M) Survivors: 8192.0K->4096.0K Heap: 369.6M(512.0M)->317.2M(512.0M)]
 [Times: user=0.00 sys=0.00, real=0.01 secs]
2021-07-03T17:28:56.510+0800: [GC pause (G1 Evacuation Pause) (mixed), 0.0070895 secs]
   [Parallel Time: 6.2 ms, GC Workers: 4]
      [GC Worker Start (ms): Min: 875.8, Avg: 876.9, Max: 879.2, Diff: 3.5]
      [Ext Root Scanning (ms): Min: 0.0, Avg: 0.1, Max: 0.2, Diff: 0.2, Sum: 0.5]
      [Update RS (ms): Min: 0.0, Avg: 0.4, Max: 0.9, Diff: 0.9, Sum: 1.8]
         [Processed Buffers: Min: 0, Avg: 8.0, Max: 18, Diff: 18, Sum: 32]
      [Scan RS (ms): Min: 0.0, Avg: 0.0, Max: 0.0, Diff: 0.0, Sum: 0.1]
      [Code Root Scanning (ms): Min: 0.0, Avg: 0.0, Max: 0.0, Diff: 0.0, Sum: 0.0]
      [Object Copy (ms): Min: 2.7, Avg: 4.4, Max: 5.0, Diff: 2.3, Sum: 17.6]
      [Termination (ms): Min: 0.0, Avg: 0.0, Max: 0.1, Diff: 0.1, Sum: 0.2]
         [Termination Attempts: Min: 1, Avg: 1.0, Max: 1, Diff: 0, Sum: 4]
      [GC Worker Other (ms): Min: 0.0, Avg: 0.0, Max: 0.0, Diff: 0.0, Sum: 0.0]
      [GC Worker Total (ms): Min: 2.7, Avg: 5.0, Max: 6.2, Diff: 3.5, Sum: 20.1]
      [GC Worker End (ms): Min: 881.9, Avg: 882.0, Max: 882.0, Diff: 0.0]
   [Code Root Fixup: 0.0 ms]
   [Code Root Purge: 0.0 ms]
   [Clear CT: 0.2 ms]
   [Other: 0.7 ms]
      [Choose CSet: 0.0 ms]
      [Ref Proc: 0.1 ms]
      [Ref Enq: 0.0 ms]
      [Redirty Cards: 0.2 ms]
      [Humongous Register: 0.1 ms]
      [Humongous Reclaim: 0.0 ms]
      [Free CSet: 0.0 ms]
   [Eden: 21.0M(21.0M)->0.0B(69.0M) Survivors: 4096.0K->4096.0K Heap: 347.6M(512.0M)->322.4M(512.0M)]
 [Times: user=0.00 sys=0.00, real=0.01 secs]
2021-07-03T17:28:56.524+0800: [GC pause (G1 Humongous Allocation) (young) (initial-mark), 0.0012928 secs]
   [Parallel Time: 0.9 ms, GC Workers: 4]
      [GC Worker Start (ms): Min: 889.9, Avg: 889.9, Max: 890.1, Diff: 0.2]
      [Ext Root Scanning (ms): Min: 0.0, Avg: 0.3, Max: 0.9, Diff: 0.9, Sum: 1.3]
      [Update RS (ms): Min: 0.0, Avg: 0.1, Max: 0.1, Diff: 0.1, Sum: 0.3]
         [Processed Buffers: Min: 0, Avg: 1.3, Max: 2, Diff: 2, Sum: 5]
      [Scan RS (ms): Min: 0.0, Avg: 0.0, Max: 0.0, Diff: 0.0, Sum: 0.0]
      [Code Root Scanning (ms): Min: 0.0, Avg: 0.0, Max: 0.0, Diff: 0.0, Sum: 0.0]
      [Object Copy (ms): Min: 0.0, Avg: 0.4, Max: 0.6, Diff: 0.6, Sum: 1.7]
      [Termination (ms): Min: 0.0, Avg: 0.0, Max: 0.1, Diff: 0.1, Sum: 0.2]
         [Termination Attempts: Min: 1, Avg: 1.0, Max: 1, Diff: 0, Sum: 4]
      [GC Worker Other (ms): Min: 0.0, Avg: 0.0, Max: 0.0, Diff: 0.0, Sum: 0.0]
      [GC Worker Total (ms): Min: 0.7, Avg: 0.9, Max: 0.9, Diff: 0.2, Sum: 3.4]
      [GC Worker End (ms): Min: 890.8, Avg: 890.8, Max: 890.8, Diff: 0.0]
   [Code Root Fixup: 0.0 ms]
   [Code Root Purge: 0.0 ms]
   [Clear CT: 0.0 ms]
   [Other: 0.3 ms]
      [Choose CSet: 0.0 ms]
      [Ref Proc: 0.1 ms]
      [Ref Enq: 0.0 ms]
      [Redirty Cards: 0.0 ms]
      [Humongous Register: 0.1 ms]
      [Humongous Reclaim: 0.0 ms]
      [Free CSet: 0.0 ms]
   [Eden: 1024.0K(69.0M)->0.0B(73.0M) Survivors: 4096.0K->4096.0K Heap: 323.2M(512.0M)->321.9M(512.0M)]
 [Times: user=0.00 sys=0.00, real=0.01 secs]
2021-07-03T17:28:56.532+0800: [GC concurrent-root-region-scan-start]
2021-07-03T17:28:56.533+0800: [GC concurrent-root-region-scan-end, 0.0005080 secs]
2021-07-03T17:28:56.534+0800: [GC concurrent-mark-start]
2021-07-03T17:28:56.537+0800: [GC concurrent-mark-end, 0.0029657 secs]
2021-07-03T17:28:56.538+0800: [GC remark 2021-07-03T17:28:56.538+0800: [Finalize Marking, 0.0098010 secs] 2021-07-03T17:28:56.551+0800: [GC ref-proc, 0.0001076 secs] 2021-07-03T17:28:56.551+0800: [Unloading, 0.0006809 secs], 0.01556
56 secs]
 [Times: user=0.03 sys=0.00, real=0.01 secs]
2021-07-03T17:28:56.554+0800: [GC cleanup 347M->347M(512M), 0.0007275 secs]
 [Times: user=0.00 sys=0.00, real=0.00 secs]
2021-07-03T17:28:56.568+0800: [GC pause (G1 Evacuation Pause) (young), 0.0065677 secs]
   [Parallel Time: 6.0 ms, GC Workers: 4]
      [GC Worker Start (ms): Min: 933.6, Avg: 933.6, Max: 933.7, Diff: 0.0]
      [Ext Root Scanning (ms): Min: 0.2, Avg: 1.6, Max: 5.8, Diff: 5.6, Sum: 6.4]
      [Update RS (ms): Min: 0.0, Avg: 0.7, Max: 1.0, Diff: 1.0, Sum: 2.8]
         [Processed Buffers: Min: 0, Avg: 11.8, Max: 18, Diff: 18, Sum: 47]
      [Scan RS (ms): Min: 0.0, Avg: 0.0, Max: 0.0, Diff: 0.0, Sum: 0.0]
      [Code Root Scanning (ms): Min: 0.0, Avg: 0.0, Max: 0.0, Diff: 0.0, Sum: 0.0]
      [Object Copy (ms): Min: 0.0, Avg: 3.4, Max: 4.6, Diff: 4.6, Sum: 13.8]
      [Termination (ms): Min: 0.0, Avg: 0.1, Max: 0.2, Diff: 0.2, Sum: 0.4]
         [Termination Attempts: Min: 1, Avg: 1.0, Max: 1, Diff: 0, Sum: 4]
      [GC Worker Other (ms): Min: 0.0, Avg: 0.0, Max: 0.0, Diff: 0.0, Sum: 0.0]
      [GC Worker Total (ms): Min: 5.8, Avg: 5.9, Max: 5.9, Diff: 0.1, Sum: 23.5]
      [GC Worker End (ms): Min: 939.5, Avg: 939.5, Max: 939.6, Diff: 0.1]
   [Code Root Fixup: 0.0 ms]
   [Code Root Purge: 0.0 ms]
   [Clear CT: 0.0 ms]
   [Other: 0.5 ms]
      [Choose CSet: 0.0 ms]
      [Ref Proc: 0.2 ms]
      [Ref Enq: 0.0 ms]
      [Redirty Cards: 0.0 ms]
      [Humongous Register: 0.1 ms]
      [Humongous Reclaim: 0.1 ms]
      [Free CSet: 0.0 ms]
   [Eden: 73.0M(73.0M)->0.0B(15.0M) Survivors: 4096.0K->10.0M Heap: 416.7M(512.0M)->352.1M(512.0M)]
 [Times: user=0.00 sys=0.00, real=0.01 secs]
2021-07-03T17:28:56.587+0800: [GC pause (G1 Evacuation Pause) (mixed), 0.0122066 secs]
   [Parallel Time: 7.6 ms, GC Workers: 4]
      [GC Worker Start (ms): Min: 952.4, Avg: 952.4, Max: 952.4, Diff: 0.0]
      [Ext Root Scanning (ms): Min: 0.2, Avg: 0.2, Max: 0.2, Diff: 0.0, Sum: 0.8]
      [Update RS (ms): Min: 0.5, Avg: 0.5, Max: 0.5, Diff: 0.0, Sum: 2.0]
         [Processed Buffers: Min: 9, Avg: 9.3, Max: 10, Diff: 1, Sum: 37]
      [Scan RS (ms): Min: 0.0, Avg: 0.0, Max: 0.0, Diff: 0.0, Sum: 0.1]
      [Code Root Scanning (ms): Min: 0.0, Avg: 0.0, Max: 0.0, Diff: 0.0, Sum: 0.0]
      [Object Copy (ms): Min: 6.5, Avg: 6.5, Max: 6.6, Diff: 0.1, Sum: 26.1]
      [Termination (ms): Min: 0.0, Avg: 0.1, Max: 0.3, Diff: 0.3, Sum: 0.5]
         [Termination Attempts: Min: 1, Avg: 1.0, Max: 1, Diff: 0, Sum: 4]
      [GC Worker Other (ms): Min: 0.0, Avg: 0.0, Max: 0.0, Diff: 0.0, Sum: 0.0]
      [GC Worker Total (ms): Min: 7.3, Avg: 7.4, Max: 7.5, Diff: 0.2, Sum: 29.5]
      [GC Worker End (ms): Min: 959.7, Avg: 959.8, Max: 959.9, Diff: 0.2]
   [Code Root Fixup: 0.0 ms]
   [Code Root Purge: 0.0 ms]
   [Clear CT: 0.0 ms]
   [Other: 4.6 ms]
      [Choose CSet: 0.0 ms]
      [Ref Proc: 4.2 ms]
      [Ref Enq: 0.0 ms]
      [Redirty Cards: 0.0 ms]
      [Humongous Register: 0.1 ms]
      [Humongous Reclaim: 0.0 ms]
      [Free CSet: 0.1 ms]
   [Eden: 15.0M(15.0M)->0.0B(21.0M) Survivors: 10.0M->4096.0K Heap: 371.1M(512.0M)->331.7M(512.0M)]
 [Times: user=0.03 sys=0.00, real=0.02 secs]
2021-07-03T17:28:56.612+0800: [GC pause (G1 Evacuation Pause) (mixed), 0.0057478 secs]
   [Parallel Time: 4.3 ms, GC Workers: 4]
      [GC Worker Start (ms): Min: 977.4, Avg: 978.4, Max: 981.5, Diff: 4.1]
      [Ext Root Scanning (ms): Min: 0.0, Avg: 0.2, Max: 0.2, Diff: 0.2, Sum: 0.6]
      [Update RS (ms): Min: 0.0, Avg: 0.4, Max: 0.6, Diff: 0.6, Sum: 1.7]
         [Processed Buffers: Min: 0, Avg: 7.5, Max: 11, Diff: 11, Sum: 30]
      [Scan RS (ms): Min: 0.0, Avg: 0.0, Max: 0.0, Diff: 0.0, Sum: 0.1]
      [Code Root Scanning (ms): Min: 0.0, Avg: 0.0, Max: 0.0, Diff: 0.0, Sum: 0.0]
      [Object Copy (ms): Min: 0.0, Avg: 2.5, Max: 3.5, Diff: 3.5, Sum: 10.2]
      [Termination (ms): Min: 0.0, Avg: 0.1, Max: 0.2, Diff: 0.2, Sum: 0.3]
         [Termination Attempts: Min: 1, Avg: 1.0, Max: 1, Diff: 0, Sum: 4]
      [GC Worker Other (ms): Min: 0.0, Avg: 0.0, Max: 0.0, Diff: 0.0, Sum: 0.0]
      [GC Worker Total (ms): Min: 0.1, Avg: 3.2, Max: 4.3, Diff: 4.1, Sum: 12.9]
      [GC Worker End (ms): Min: 981.6, Avg: 981.6, Max: 981.7, Diff: 0.0]
   [Code Root Fixup: 0.0 ms]
   [Code Root Purge: 0.0 ms]
   [Clear CT: 1.0 ms]
   [Other: 0.4 ms]
      [Choose CSet: 0.0 ms]
      [Ref Proc: 0.0 ms]
      [Ref Enq: 0.0 ms]
      [Redirty Cards: 0.0 ms]
      [Humongous Register: 0.1 ms]
      [Humongous Reclaim: 0.0 ms]
      [Free CSet: 0.0 ms]
   [Eden: 21.0M(21.0M)->0.0B(59.0M) Survivors: 4096.0K->4096.0K Heap: 355.7M(512.0M)->335.4M(512.0M)]
 [Times: user=0.03 sys=0.00, real=0.01 secs]
2021-07-03T17:28:56.623+0800: [GC pause (G1 Humongous Allocation) (young) (initial-mark), 0.0015733 secs]
   [Parallel Time: 1.2 ms, GC Workers: 4]
      [GC Worker Start (ms): Min: 988.8, Avg: 988.8, Max: 988.8, Diff: 0.0]
      [Ext Root Scanning (ms): Min: 0.2, Avg: 0.2, Max: 0.2, Diff: 0.0, Sum: 0.8]
      [Update RS (ms): Min: 0.0, Avg: 0.1, Max: 0.2, Diff: 0.2, Sum: 0.4]
         [Processed Buffers: Min: 1, Avg: 1.3, Max: 2, Diff: 1, Sum: 5]
      [Scan RS (ms): Min: 0.0, Avg: 0.0, Max: 0.0, Diff: 0.0, Sum: 0.0]
      [Code Root Scanning (ms): Min: 0.0, Avg: 0.0, Max: 0.0, Diff: 0.0, Sum: 0.0]
      [Object Copy (ms): Min: 0.6, Avg: 0.7, Max: 0.7, Diff: 0.1, Sum: 2.6]
      [Termination (ms): Min: 0.0, Avg: 0.2, Max: 0.3, Diff: 0.3, Sum: 0.7]
         [Termination Attempts: Min: 1, Avg: 1.3, Max: 2, Diff: 1, Sum: 5]
      [GC Worker Other (ms): Min: 0.0, Avg: 0.0, Max: 0.0, Diff: 0.0, Sum: 0.0]
      [GC Worker Total (ms): Min: 1.1, Avg: 1.2, Max: 1.2, Diff: 0.0, Sum: 4.6]
      [GC Worker End (ms): Min: 989.9, Avg: 989.9, Max: 989.9, Diff: 0.0]
   [Code Root Fixup: 0.0 ms]
   [Code Root Purge: 0.0 ms]
   [Clear CT: 0.0 ms]
   [Other: 0.4 ms]
      [Choose CSet: 0.0 ms]
      [Ref Proc: 0.1 ms]
      [Ref Enq: 0.0 ms]
      [Redirty Cards: 0.0 ms]
      [Humongous Register: 0.1 ms]
      [Humongous Reclaim: 0.0 ms]
      [Free CSet: 0.0 ms]
   [Eden: 4096.0K(59.0M)->0.0B(62.0M) Survivors: 4096.0K->5120.0K Heap: 338.7M(512.0M)->336.1M(512.0M)]
 [Times: user=0.00 sys=0.00, real=0.01 secs]
2021-07-03T17:28:56.630+0800: [GC concurrent-root-region-scan-start]
2021-07-03T17:28:56.630+0800: [GC concurrent-root-region-scan-end, 0.0003155 secs]
2021-07-03T17:28:56.630+0800: [GC concurrent-mark-start]
2021-07-03T17:28:56.634+0800: [GC concurrent-mark-end, 0.0039354 secs]
2021-07-03T17:28:56.638+0800: [GC remark 2021-07-03T17:28:56.638+0800: [Finalize Marking, 0.0027283 secs] 2021-07-03T17:28:56.641+0800: [GC ref-proc, 0.0001040 secs] 2021-07-03T17:28:56.641+0800: [Unloading, 0.0006106 secs], 0.00523
98 secs]
 [Times: user=0.00 sys=0.00, real=0.01 secs]
2021-07-03T17:28:56.644+0800: [GC cleanup 376M->376M(512M), 0.0006960 secs]
 [Times: user=0.00 sys=0.00, real=0.00 secs]
2021-07-03T17:28:56.657+0800: [GC pause (G1 Evacuation Pause) (young), 0.0061820 secs]
   [Parallel Time: 5.7 ms, GC Workers: 4]
      [GC Worker Start (ms): Min: 1022.5, Avg: 1023.4, Max: 1026.0, Diff: 3.6]
      [Ext Root Scanning (ms): Min: 0.0, Avg: 0.1, Max: 0.2, Diff: 0.2, Sum: 0.6]
      [Update RS (ms): Min: 0.0, Avg: 0.6, Max: 0.9, Diff: 0.9, Sum: 2.5]
         [Processed Buffers: Min: 0, Avg: 11.0, Max: 16, Diff: 16, Sum: 44]
      [Scan RS (ms): Min: 0.0, Avg: 0.0, Max: 0.0, Diff: 0.0, Sum: 0.0]
      [Code Root Scanning (ms): Min: 0.0, Avg: 0.0, Max: 0.0, Diff: 0.0, Sum: 0.0]
      [Object Copy (ms): Min: 1.8, Avg: 3.7, Max: 4.3, Diff: 2.5, Sum: 14.8]
      [Termination (ms): Min: 0.0, Avg: 0.1, Max: 0.3, Diff: 0.3, Sum: 0.3]
         [Termination Attempts: Min: 1, Avg: 1.0, Max: 1, Diff: 0, Sum: 4]
      [GC Worker Other (ms): Min: 0.0, Avg: 0.0, Max: 0.0, Diff: 0.0, Sum: 0.0]
      [GC Worker Total (ms): Min: 1.8, Avg: 4.6, Max: 5.7, Diff: 3.8, Sum: 18.3]
      [GC Worker End (ms): Min: 1027.9, Avg: 1027.9, Max: 1028.1, Diff: 0.3]
   [Code Root Fixup: 0.0 ms]
   [Code Root Purge: 0.0 ms]
   [Clear CT: 0.0 ms]
   [Other: 0.4 ms]
      [Choose CSet: 0.0 ms]
      [Ref Proc: 0.1 ms]
      [Ref Enq: 0.0 ms]
      [Redirty Cards: 0.0 ms]
      [Humongous Register: 0.1 ms]
      [Humongous Reclaim: 0.0 ms]
      [Free CSet: 0.0 ms]
   [Eden: 62.0M(62.0M)->0.0B(16.0M) Survivors: 5120.0K->9216.0K Heap: 416.5M(512.0M)->358.0M(512.0M)]
 [Times: user=0.05 sys=0.00, real=0.01 secs]
2021-07-03T17:28:56.675+0800: [GC pause (G1 Evacuation Pause) (mixed), 0.0100454 secs]
   [Parallel Time: 9.4 ms, GC Workers: 4]
      [GC Worker Start (ms): Min: 1040.6, Avg: 1040.7, Max: 1040.7, Diff: 0.0]
      [Ext Root Scanning (ms): Min: 0.2, Avg: 0.2, Max: 0.2, Diff: 0.0, Sum: 0.8]
      [Update RS (ms): Min: 0.3, Avg: 0.4, Max: 0.4, Diff: 0.0, Sum: 1.5]
         [Processed Buffers: Min: 6, Avg: 6.8, Max: 7, Diff: 1, Sum: 27]
      [Scan RS (ms): Min: 0.0, Avg: 0.0, Max: 0.1, Diff: 0.0, Sum: 0.1]
      [Code Root Scanning (ms): Min: 0.0, Avg: 0.0, Max: 0.0, Diff: 0.0, Sum: 0.0]
      [Object Copy (ms): Min: 7.1, Avg: 7.2, Max: 7.3, Diff: 0.1, Sum: 28.8]
      [Termination (ms): Min: 0.0, Avg: 0.6, Max: 1.6, Diff: 1.6, Sum: 2.5]
         [Termination Attempts: Min: 1, Avg: 1.0, Max: 1, Diff: 0, Sum: 4]
      [GC Worker Other (ms): Min: 0.0, Avg: 0.0, Max: 0.0, Diff: 0.0, Sum: 0.1]
      [GC Worker Total (ms): Min: 7.9, Avg: 8.4, Max: 9.4, Diff: 1.5, Sum: 33.8]
      [GC Worker End (ms): Min: 1048.5, Avg: 1049.1, Max: 1050.0, Diff: 1.5]
   [Code Root Fixup: 0.0 ms]
   [Code Root Purge: 0.0 ms]
   [Clear CT: 0.1 ms]
   [Other: 0.5 ms]
      [Choose CSet: 0.0 ms]
      [Ref Proc: 0.2 ms]
      [Ref Enq: 0.0 ms]
      [Redirty Cards: 0.0 ms]
      [Humongous Register: 0.1 ms]
      [Humongous Reclaim: 0.0 ms]
      [Free CSet: 0.1 ms]
   [Eden: 16.0M(16.0M)->0.0B(21.0M) Survivors: 9216.0K->4096.0K Heap: 376.7M(512.0M)->339.3M(512.0M)]
 [Times: user=0.05 sys=0.01, real=0.02 secs]
2021-07-03T17:28:56.695+0800: [GC pause (G1 Evacuation Pause) (mixed), 0.0043296 secs]
   [Parallel Time: 3.8 ms, GC Workers: 4]
      [GC Worker Start (ms): Min: 1060.2, Avg: 1060.2, Max: 1060.3, Diff: 0.0]
      [Ext Root Scanning (ms): Min: 0.2, Avg: 0.2, Max: 0.2, Diff: 0.0, Sum: 0.8]
      [Update RS (ms): Min: 0.3, Avg: 0.7, Max: 1.9, Diff: 1.6, Sum: 3.0]
         [Processed Buffers: Min: 1, Avg: 4.8, Max: 7, Diff: 6, Sum: 19]
      [Scan RS (ms): Min: 0.0, Avg: 0.0, Max: 0.0, Diff: 0.0, Sum: 0.0]
      [Code Root Scanning (ms): Min: 0.0, Avg: 0.0, Max: 0.0, Diff: 0.0, Sum: 0.0]
      [Object Copy (ms): Min: 1.3, Avg: 2.3, Max: 3.1, Diff: 1.8, Sum: 9.1]
      [Termination (ms): Min: 0.0, Avg: 0.5, Max: 1.9, Diff: 1.9, Sum: 2.2]
         [Termination Attempts: Min: 1, Avg: 1.3, Max: 2, Diff: 1, Sum: 5]
      [GC Worker Other (ms): Min: 0.0, Avg: 0.0, Max: 0.0, Diff: 0.0, Sum: 0.0]
      [GC Worker Total (ms): Min: 3.7, Avg: 3.8, Max: 3.8, Diff: 0.1, Sum: 15.1]
      [GC Worker End (ms): Min: 1064.0, Avg: 1064.0, Max: 1064.1, Diff: 0.1]
   [Code Root Fixup: 0.0 ms]
   [Code Root Purge: 0.0 ms]
   [Clear CT: 0.1 ms]
   [Other: 0.4 ms]
      [Choose CSet: 0.0 ms]
      [Ref Proc: 0.0 ms]
      [Ref Enq: 0.0 ms]
      [Redirty Cards: 0.0 ms]
      [Humongous Register: 0.1 ms]
      [Humongous Reclaim: 0.1 ms]
      [Free CSet: 0.0 ms]
   [Eden: 21.0M(21.0M)->0.0B(55.0M) Survivors: 4096.0K->4096.0K Heap: 361.9M(512.0M)->343.0M(512.0M)]
 [Times: user=0.00 sys=0.00, real=0.01 secs]
2021-07-03T17:28:56.709+0800: [GC pause (G1 Humongous Allocation) (young) (initial-mark), 0.0013857 secs]
   [Parallel Time: 0.9 ms, GC Workers: 4]
      [GC Worker Start (ms): Min: 1074.7, Avg: 1074.7, Max: 1074.9, Diff: 0.2]
      [Ext Root Scanning (ms): Min: 0.0, Avg: 0.1, Max: 0.2, Diff: 0.2, Sum: 0.6]
      [Update RS (ms): Min: 0.1, Avg: 0.1, Max: 0.2, Diff: 0.1, Sum: 0.4]
         [Processed Buffers: Min: 1, Avg: 1.5, Max: 3, Diff: 2, Sum: 6]
      [Scan RS (ms): Min: 0.0, Avg: 0.0, Max: 0.0, Diff: 0.0, Sum: 0.0]
      [Code Root Scanning (ms): Min: 0.0, Avg: 0.0, Max: 0.0, Diff: 0.0, Sum: 0.0]
      [Object Copy (ms): Min: 0.6, Avg: 0.6, Max: 0.6, Diff: 0.1, Sum: 2.4]
      [Termination (ms): Min: 0.0, Avg: 0.0, Max: 0.0, Diff: 0.0, Sum: 0.1]
         [Termination Attempts: Min: 1, Avg: 1.0, Max: 1, Diff: 0, Sum: 4]
      [GC Worker Other (ms): Min: 0.0, Avg: 0.0, Max: 0.0, Diff: 0.0, Sum: 0.0]
      [GC Worker Total (ms): Min: 0.7, Avg: 0.9, Max: 0.9, Diff: 0.2, Sum: 3.5]
      [GC Worker End (ms): Min: 1075.6, Avg: 1075.6, Max: 1075.6, Diff: 0.0]
   [Code Root Fixup: 0.0 ms]
   [Code Root Purge: 0.0 ms]
   [Clear CT: 0.0 ms]
   [Other: 0.4 ms]
      [Choose CSet: 0.0 ms]
      [Ref Proc: 0.1 ms]
      [Ref Enq: 0.0 ms]
      [Redirty Cards: 0.0 ms]
      [Humongous Register: 0.1 ms]
      [Humongous Reclaim: 0.0 ms]
      [Free CSet: 0.0 ms]
   [Eden: 4096.0K(55.0M)->0.0B(55.0M) Survivors: 4096.0K->5120.0K Heap: 347.0M(512.0M)->343.5M(512.0M)]
 [Times: user=0.00 sys=0.00, real=0.01 secs]
2021-07-03T17:28:56.717+0800: [GC concurrent-root-region-scan-start]
2021-07-03T17:28:56.717+0800: [GC concurrent-root-region-scan-end, 0.0003369 secs]
2021-07-03T17:28:56.717+0800: [GC concurrent-mark-start]
2021-07-03T17:28:56.720+0800: [GC concurrent-mark-end, 0.0026448 secs]
2021-07-03T17:28:56.720+0800: [GC remark 2021-07-03T17:28:56.721+0800: [Finalize Marking, 0.0001436 secs] 2021-07-03T17:28:56.721+0800: [GC ref-proc, 0.0000924 secs] 2021-07-03T17:28:56.721+0800: [Unloading, 0.0005458 secs], 0.00185
06 secs]
 [Times: user=0.00 sys=0.00, real=0.00 secs]
2021-07-03T17:28:56.723+0800: [GC cleanup 361M->361M(512M), 0.0004542 secs]
 [Times: user=0.00 sys=0.00, real=0.00 secs]
2021-07-03T17:28:56.736+0800: [GC pause (G1 Evacuation Pause) (young), 0.0054869 secs]
   [Parallel Time: 5.1 ms, GC Workers: 4]
      [GC Worker Start (ms): Min: 1101.7, Avg: 1102.5, Max: 1104.8, Diff: 3.1]
      [Ext Root Scanning (ms): Min: 0.0, Avg: 0.1, Max: 0.2, Diff: 0.2, Sum: 0.5]
      [Update RS (ms): Min: 0.0, Avg: 0.9, Max: 1.2, Diff: 1.2, Sum: 3.5]
         [Processed Buffers: Min: 0, Avg: 15.3, Max: 21, Diff: 21, Sum: 61]
      [Scan RS (ms): Min: 0.0, Avg: 0.0, Max: 0.0, Diff: 0.0, Sum: 0.0]
      [Code Root Scanning (ms): Min: 0.0, Avg: 0.0, Max: 0.0, Diff: 0.0, Sum: 0.0]
      [Object Copy (ms): Min: 1.9, Avg: 3.2, Max: 3.7, Diff: 1.7, Sum: 12.8]
      [Termination (ms): Min: 0.0, Avg: 0.0, Max: 0.1, Diff: 0.1, Sum: 0.2]
         [Termination Attempts: Min: 1, Avg: 1.0, Max: 1, Diff: 0, Sum: 4]
      [GC Worker Other (ms): Min: 0.0, Avg: 0.0, Max: 0.0, Diff: 0.0, Sum: 0.1]
      [GC Worker Total (ms): Min: 2.0, Avg: 4.3, Max: 5.0, Diff: 3.1, Sum: 17.0]
      [GC Worker End (ms): Min: 1106.8, Avg: 1106.8, Max: 1106.8, Diff: 0.0]
   [Code Root Fixup: 0.0 ms]
   [Code Root Purge: 0.0 ms]
   [Clear CT: 0.0 ms]
   [Other: 0.4 ms]
      [Choose CSet: 0.0 ms]
      [Ref Proc: 0.0 ms]
      [Ref Enq: 0.0 ms]
      [Redirty Cards: 0.0 ms]
      [Humongous Register: 0.1 ms]
      [Humongous Reclaim: 0.0 ms]
      [Free CSet: 0.1 ms]
   [Eden: 55.0M(55.0M)->0.0B(17.0M) Survivors: 5120.0K->8192.0K Heap: 408.8M(512.0M)->363.2M(512.0M)]
 [Times: user=0.05 sys=0.00, real=0.01 secs]
执行结束！共生成对象次数：6322
Heap
 garbage-first heap   total 524288K, used 371966K [0x00000000e0000000, 0x00000000e0101000, 0x0000000100000000)
  region size 1024K, 9 young (9216K), 8 survivors (8192K)
 Metaspace       used 2652K, capacity 4486K, committed 4864K, reserved 1056768K
  class space    used 291K, capacity 386K, committed 512K, reserved 1048576K

使用jvm参数PrintGC，设置初始堆内存xms为1G，最大堆内存1G，设置打印当前时间参数PrintGCDateStamps,设置GC策略为G1，执行执行GCLogAnalysis时打印gc日志,如下：
F:\IdeaWorkSpace\JavaCamp\src>java -XX:+PrintGC -Xmx1g -Xms1g -XX:+PrintGCDateStamps -XX:+UseG1GC Week2.GCLogAnalysis
正在执行。。。
2021-07-03T17:35:39.441+0800: [GC pause (G1 Evacuation Pause) (young) 70M->23M(1024M), 0.0053473 secs]
2021-07-03T17:35:39.462+0800: [GC pause (G1 Evacuation Pause) (young) 77M->39M(1024M), 0.0099090 secs]
2021-07-03T17:35:39.490+0800: [GC pause (G1 Evacuation Pause) (young) 98M->59M(1024M), 0.0060015 secs]
2021-07-03T17:35:39.512+0800: [GC pause (G1 Evacuation Pause) (young) 111M->76M(1024M), 0.0057024 secs]
2021-07-03T17:35:39.537+0800: [GC pause (G1 Evacuation Pause) (young) 144M->99M(1024M), 0.0076757 secs]
2021-07-03T17:35:39.985+0800: [GC pause (G1 Evacuation Pause) (young)-- 853M->572M(1024M), 0.0304677 secs]
2021-07-03T17:35:40.019+0800: [GC pause (G1 Humongous Allocation) (young) (initial-mark) 572M->573M(1024M), 0.0126400 secs]
2021-07-03T17:35:40.032+0800: [GC concurrent-root-region-scan-start]
2021-07-03T17:35:40.033+0800: [GC concurrent-root-region-scan-end, 0.0007098 secs]
2021-07-03T17:35:40.033+0800: [GC concurrent-mark-start]
2021-07-03T17:35:40.038+0800: [GC concurrent-mark-end, 0.0047323 secs]
2021-07-03T17:35:40.038+0800: [GC remark, 0.0018262 secs]
2021-07-03T17:35:40.041+0800: [GC cleanup 597M->593M(1024M), 0.0012662 secs]
2021-07-03T17:35:40.042+0800: [GC concurrent-cleanup-start]
2021-07-03T17:35:40.042+0800: [GC concurrent-cleanup-end, 0.0002582 secs]
2021-07-03T17:35:40.100+0800: [GC pause (G1 Evacuation Pause) (young) 874M->652M(1024M), 0.0133462 secs]
2021-07-03T17:35:40.122+0800: [GC pause (G1 Evacuation Pause) (mixed) 677M->590M(1024M), 0.0075410 secs]
2021-07-03T17:35:40.141+0800: [GC pause (G1 Evacuation Pause) (mixed) 646M->514M(1024M), 0.0071508 secs]
2021-07-03T17:35:40.162+0800: [GC pause (G1 Evacuation Pause) (mixed) 573M->443M(1024M), 0.0085814 secs]
2021-07-03T17:35:40.182+0800: [GC pause (G1 Evacuation Pause) (mixed) 497M->409M(1024M), 0.0075379 secs]
2021-07-03T17:35:40.197+0800: [GC pause (G1 Humongous Allocation) (young) (initial-mark) 454M->421M(1024M), 0.0052376 secs]
2021-07-03T17:35:40.203+0800: [GC concurrent-root-region-scan-start]
2021-07-03T17:35:40.203+0800: [GC concurrent-root-region-scan-end, 0.0004853 secs]
2021-07-03T17:35:40.204+0800: [GC concurrent-mark-start]
2021-07-03T17:35:40.206+0800: [GC concurrent-mark-end, 0.0028603 secs]
2021-07-03T17:35:40.209+0800: [GC remark, 0.0015702 secs]
2021-07-03T17:35:40.211+0800: [GC cleanup 451M->437M(1024M), 0.0023341 secs]
2021-07-03T17:35:40.214+0800: [GC concurrent-cleanup-start]
2021-07-03T17:35:40.214+0800: [GC concurrent-cleanup-end, 0.0006875 secs]
2021-07-03T17:35:40.288+0800: [GC pause (G1 Evacuation Pause) (young)-- 839M->568M(1024M), 0.0171820 secs]
2021-07-03T17:35:40.310+0800: [GC pause (G1 Evacuation Pause) (mixed) 575M->506M(1024M), 0.0148110 secs]
2021-07-03T17:35:40.326+0800: [GC pause (G1 Humongous Allocation) (young) (initial-mark) 511M->506M(1024M), 0.0012186 secs]
2021-07-03T17:35:40.327+0800: [GC concurrent-root-region-scan-start]
2021-07-03T17:35:40.328+0800: [GC concurrent-root-region-scan-end, 0.0005355 secs]
2021-07-03T17:35:40.329+0800: [GC concurrent-mark-start]
2021-07-03T17:35:40.333+0800: [GC concurrent-mark-end, 0.0038932 secs]
2021-07-03T17:35:40.335+0800: [GC remark, 0.0057953 secs]
2021-07-03T17:35:40.341+0800: [GC cleanup 541M->533M(1024M), 0.0006426 secs]
2021-07-03T17:35:40.342+0800: [GC concurrent-cleanup-start]
2021-07-03T17:35:40.342+0800: [GC concurrent-cleanup-end, 0.0002587 secs]
执行结束！共生成对象次数：8568



使用jvm参数PrintGC，设置初始堆内存xms为1G，最大堆内存1G，设置打印当前时间参数PrintGCDateStamps,设置GC策略为并行，执行执行GCLogAnalysis时打印gc日志,如下：
F:\IdeaWorkSpace\JavaCamp\src>java -XX:+PrintGC -Xmx1g -Xms1g -XX:+PrintGCDateStamps -XX:+UseParallelGC Week2.GCLogAnalysis
正在执行。。。
2021-07-03T17:40:41.777+0800: [GC (Allocation Failure)  262144K->83288K(1005056K), 0.0287602 secs]
2021-07-03T17:40:41.855+0800: [GC (Allocation Failure)  345432K->158874K(1005056K), 0.0492785 secs]
2021-07-03T17:40:41.953+0800: [GC (Allocation Failure)  421018K->235528K(1005056K), 0.0458022 secs]
2021-07-03T17:40:42.042+0800: [GC (Allocation Failure)  497672K->308798K(1005056K), 0.0423233 secs]
2021-07-03T17:40:42.128+0800: [GC (Allocation Failure)  570942K->377873K(1005056K), 0.0377577 secs]
2021-07-03T17:40:42.212+0800: [GC (Allocation Failure)  640017K->447058K(859648K), 0.0405962 secs]
2021-07-03T17:40:42.273+0800: [GC (Allocation Failure)  563794K->486584K(932352K), 0.0192668 secs]
2021-07-03T17:40:42.311+0800: [GC (Allocation Failure)  603320K->521715K(932352K), 0.0254128 secs]
2021-07-03T17:40:42.357+0800: [GC (Allocation Failure)  637925K->549103K(932352K), 0.0285762 secs]
2021-07-03T17:40:42.407+0800: [GC (Allocation Failure)  665839K->581345K(932352K), 0.0400473 secs]
2021-07-03T17:40:42.469+0800: [GC (Allocation Failure)  698081K->613770K(932352K), 0.0405202 secs]
2021-07-03T17:40:42.532+0800: [GC (Allocation Failure)  730506K->644339K(932352K), 0.0268345 secs]
2021-07-03T17:40:42.559+0800: [Full GC (Ergonomics)  644339K->331043K(932352K), 0.0720537 secs]
2021-07-03T17:40:42.655+0800: [GC (Allocation Failure)  447779K->363077K(932352K), 0.0064273 secs]
执行结束！共生成对象次数：8967


使用jvm参数PrintGC，设置初始堆内存xms为4G，最大堆内存4G，设置打印当前时间参数PrintGCDateStamps,设置GC策略为G1，执行执行GCLogAnalysis时打印gc日志,如下：
F:\IdeaWorkSpace\JavaCamp\src>java -XX:+PrintGC -Xmx4g -Xms4g -XX:+PrintGCDateStamps -XX:+UseG1GC Week2.GCLogAnalysis
正在执行。。。
2021-07-03T17:42:52.282+0800: [GC pause (G1 Evacuation Pause) (young) 204M->61M(4096M), 0.0211996 secs]
2021-07-03T17:42:52.342+0800: [GC pause (G1 Evacuation Pause) (young) 239M->123M(4096M), 0.0202326 secs]
2021-07-03T17:42:52.404+0800: [GC pause (G1 Evacuation Pause) (young) 301M->171M(4096M), 0.0177882 secs]
2021-07-03T17:42:52.464+0800: [GC pause (G1 Evacuation Pause) (young) 349M->232M(4096M), 0.0205890 secs]
2021-07-03T17:42:52.521+0800: [GC pause (G1 Evacuation Pause) (young) 410M->295M(4096M), 0.0211636 secs]
2021-07-03T17:42:52.574+0800: [GC pause (G1 Evacuation Pause) (young) 473M->347M(4096M), 0.0178269 secs]
2021-07-03T17:42:52.626+0800: [GC pause (G1 Evacuation Pause) (young) 525M->407M(4096M), 0.0204521 secs]
2021-07-03T17:42:52.686+0800: [GC pause (G1 Evacuation Pause) (young) 585M->477M(4096M), 0.0261310 secs]
2021-07-03T17:42:52.749+0800: [GC pause (G1 Evacuation Pause) (young) 655M->541M(4096M), 0.0250661 secs]
2021-07-03T17:42:52.815+0800: [GC pause (G1 Evacuation Pause) (young) 727M->601M(4096M), 0.0302988 secs]
2021-07-03T17:42:52.920+0800: [GC pause (G1 Evacuation Pause) (young) 839M->675M(4096M), 0.0364404 secs]
2021-07-03T17:42:53.011+0800: [GC pause (G1 Evacuation Pause) (young) 939M->767M(4096M), 0.0467977 secs]
2021-07-03T17:42:53.142+0800: [GC pause (G1 Evacuation Pause) (young) 1099M->879M(4096M), 0.0656788 secs]
执行结束！共生成对象次数：9679
